09-18 19:27:13.413 17527 17527 I A0D001/com.shusen.lprdemo/LprNativeUI: CAMERA PERM auth=0
09-18 19:27:14.924 17527 17527 I A0D001/com.shusen.lprdemo/LprNativeUI: VULKAN PROBE len=1831
09-18 19:27:14.925 17527 17527 I A0D001/com.shusen.lprdemo/LprNativeUI: VULKAN PROBE [0] {"probe":"vulkan-app-level","date":"2026-09-17","loader":{"ok":true,"lib":"libvulkan.so"},"instanceExtensions":["VK_KHR_get_physical_device_properties2","VK_KHR_external_semaphore_capabilities","VK_KHR_external_fence_capabilities","VK_KHR_external_memory_capabilities","VK_KHR_device_group_creation","VK_EXT_debug_utils","VK_EXT_debug_report","VK_KHR_portability_enumeration","VK_LUNARG_direct_driver
09-18 19:27:14.926 17527 17527 I A0D001/com.shusen.lprdemo/LprNativeUI: VULKAN PROBE [1] _loading","VK_KHR_surface","VK_OHOS_surface","VK_EXT_swapchain_colorspace","VK_KHR_get_surface_capabilities2"],"createInstance":{"result":0},"devices":{"result":0,"count":1},"deviceList":[{"name":"Maleoon 920C","vendorID":0x19e5,"deviceID":0x20011000,"deviceType":"integrated","apiVersion":"1.3.275","driverVersion":"29.368.428","queueFamilies":1,"graphicsOnlyQueues":0,"computeOnlyQueues":0,"graphic
09-18 19:27:14.926 17527 17527 I A0D001/com.shusen.lprdemo/LprNativeUI: VULKAN PROBE [2] sComputeQueues":2,"deviceExtensions":["VK_KHR_driver_properties","VK_KHR_draw_indirect_count","VK_EXT_sample_locations","VK_EXT_index_type_uint8","VK_EXT_conditional_rendering","VK_EXT_depth_clip_enable","VK_KHR_16bit_storage","VK_KHR_8bit_storage","VK_KHR_image_format_list","VK_KHR_sampler_mirror_clamp_to_edge","VK_EXT_sampler_filter_minmax","VK_EXT_astc_decode_mode","VK_EXT_texture_compression_a
09-18 19:27:14.926 17527 17527 I A0D001/com.shusen.lprdemo/LprNativeUI: VULKAN PROBE [3] stc_hdr","VK_KHR_shader_float16_int8","VK_KHR_shader_float_controls","VK_KHR_spirv_1_4","VK_KHR_uniform_buffer_standard_layout","VK_KHR_shader_draw_parameters","VK_KHR_storage_buffer_storage_class","VK_KHR_relaxed_block_layout","VK_EXT_scalar_block_layout","VK_KHR_variable_pointers","VK_KHR_vulkan_memory_model","VK_KHR_maintenance1","VK_KHR_maintenance2","VK_KHR_maintenance3","VK_KHR_maintenance4"
09-18 19:27:14.927 17527 17527 I A0D001/com.shusen.lprdemo/LprNativeUI: VULKAN PROBE [4] ,"VK_KHR_maintenance5","VK_EXT_descriptor_indexing","VK_EXT_inline_uniform_block","VK_KHR_imageless_framebuffer","VK_KHR_create_renderpass2"],"deviceExtensionsCount":97,"deviceExtensionsResult":0}],"verdict":"GPU_COMPUTE_FEASIBLE"}
09-18 19:27:14.958 17527 17527 I A0D001/com.shusen.lprdemo/LprNativeUI: NATIVE LENS id=device/0 pos=1 type=0 -> #device/0 后置 · 默认
09-18 19:27:14.958 17527 17527 I A0D001/com.shusen.lprdemo/LprNativeUI: NATIVE LENS id=device/1 pos=2 type=0 -> #device/1 前置 · 默认
09-18 19:27:14.958 17527 17527 I A0D001/com.shusen.lprdemo/LprNativeUI: NATIVE LENS count=2
09-18 19:27:15.596 17527 17527 I A0D001/com.shusen.lprdemo/LprNativeUI: NATIVE LOAD ok det=CPU  rec=NNRT:NPU_ohos.boot.hardware.kirin8020_v2_0  cls=CPU
09-18 19:27:15.596 17527 17527 I A0D001/com.shusen.lprdemo/LprNativeUI: NATIVE TRAIL det[CPU(ok)] rec[NNRT:NPU_ohos.boot.hardware.kirin8020_v2_0(ok)] cls[CPU(ok)]
09-18 19:27:15.640 17527 17527 I A0D001/com.shusen.lprdemo/LprNativeUI: NATIVE DECODE assets/samples/hlpr-test.jpg 1920x1080
09-18 19:27:15.680 17527 17527 I A0D001/com.shusen.lprdemo/LprNativeUI: NATIVE PIPE code=苏ED5172 colour=蓝牌 count=1 total=29.8948 stages=19.3306|1.5969|6.6239|2.2942 cropSum=2773473
09-18 19:27:15.681 17527 17527 I A0D001/com.shusen.lprdemo/LprNativeUI: BACKEND E2E BEGIN v1 expected=苏ED5172 det=CPU  rec=NNRT:NPU_ohos.boot.hardware.kirin8020_v2_0  cls=CPU
09-18 19:27:15.707 17527 17527 I A0D001/com.shusen.lprdemo/LprNativeUI: NATIVE DECODE assets/samples/hlpr-test.jpg 1920x1080
09-18 19:27:15.930 17527 17527 I A0D001/com.shusen.lprdemo/LprNativeUI: BACKEND E2E NPU LOAD ok=1;id=3;cached=0;name=models/y5fu_320x_head_fp32.ms;backend=NNRT:NPU_ohos.boot.hardware.kirin8020_v2_0;attemptLog=NNRT:NPU_ohos.boot.hardware.kirin8020_v2_0(ok);inputName=input;outputName=948;inputShape=[1,320,320,3];outputShape=[1,45,40,40];inputFormat=NHWC;outputFormat=NCHW;inputElems=307200;outputElems=72000;error=
09-18 19:27:15.968 17527 17527 I A0D001/com.shusen.lprdemo/LprNativeUI: BACKEND E2E RESULT mode=ms-cpu rep=0 match=1 ok=1;count=1;totalMs=25.5766;error=;p0=苏ED5172,0.7273,0.7366,0,1751|747|1879|855,78|123,0.0001|0.9998|0.0001,苏|E|D|5|1|7|2,0.7227|0.7969|0.5762|0.9941|0.7832|0.7168|0.5664,18.3873|1.5598|3.9541|1.6658,2773473;
09-18 19:27:16.030 17527 17527 I A0D001/com.shusen.lprdemo/LprNativeUI: BACKEND E2E RESULT mode=ms-cpu rep=1 match=1 ok=1;count=1;totalMs=48.6023;error=;p0=苏ED5172,0.7273,0.7366,0,1751|747|1879|855,78|123,0.0001|0.9998|0.0001,苏|E|D|5|1|7|2,0.7227|0.7969|0.5762|0.9941|0.7832|0.7168|0.5664,40.6527|1.9905|4.0984|1.8414,2773473;
09-18 19:27:16.089 17527 17527 I A0D001/com.shusen.lprdemo/LprNativeUI: BACKEND E2E RESULT mode=ms-cpu rep=2 match=1 ok=1;count=1;totalMs=42.5548;error=;p0=苏ED5172,0.7273,0.7366,0,1751|747|1879|855,78|123,0.0001|0.9998|0.0001,苏|E|D|5|1|7|2,0.7227|0.7969|0.5762|0.9941|0.7832|0.7168|0.5664,36.5134|1.5773|3.3691|1.0803,2773473;
09-18 19:27:16.142 17527 17527 I A0D001/com.shusen.lprdemo/LprNativeUI: BACKEND E2E RESULT mode=ms-nnrt rep=0 match=0 ok=1;count=1;totalMs=34.4214;error=;p0=苏E05172,0.7230,0.7628,0,1751|747|1879|855,78|123,0.0001|0.9997|0.0002,苏|E|0|5|1|7|2,0.8223|0.6484|0.5352|0.9980|0.8359|0.7969|0.7031,21.4234|4.1064|5.0709|3.8016,2763123;
09-18 19:27:16.183 17527 17527 I A0D001/com.shusen.lprdemo/LprNativeUI: BACKEND E2E RESULT mode=ms-nnrt rep=1 match=0 ok=1;count=1;totalMs=24.2131;error=;p0=苏E05172,0.7230,0.7628,0,1751|747|1879|855,78|123,0.0001|0.9997|0.0002,苏|E|0|5|1|7|2,0.8223|0.6484|0.5352|0.9980|0.8359|0.7969|0.7031,17.3239|1.7719|3.4956|1.6080,2763123;
09-18 19:27:16.227 17527 17527 I A0D001/com.shusen.lprdemo/LprNativeUI: BACKEND E2E RESULT mode=ms-nnrt rep=2 match=0 ok=1;count=1;totalMs=25.3784;error=;p0=苏E05172,0.7230,0.7628,0,1751|747|1879|855,78|123,0.0001|0.9997|0.0002,苏|E|0|5|1|7|2,0.8223|0.6484|0.5352|0.9980|0.8359|0.7969|0.7031,17.0745|3.0630|3.4592|1.7659,2763123;
09-18 19:27:16.236 17527 17527 I A0D001/com.shusen.lprdemo/LprNativeUI: BACKEND E2E LOAD ncnn-cpu ok=1;layers=218;inputs=in0;outputs=out0|out1|out2;requestedVulkan=0;effectiveVulkan=0;gpuProbe=not requested
09-18 19:27:16.277 17527 17527 I A0D001/com.shusen.lprdemo/LprNativeUI: BACKEND E2E RESULT mode=ncnn-cpu rep=0 match=1 ok=1;count=1;totalMs=22.0619;error=;p0=苏ED5172,0.7244,0.7366,0,1751|747|1879|855,78|123,0.0001|0.9998|0.0001,苏|E|D|5|1|7|2,0.7227|0.7969|0.5762|0.9941|0.7832|0.7168|0.5664,16.1833|1.1403|3.4837|1.2428,2773473;
09-18 19:27:16.317 17527 17527 I A0D001/com.shusen.lprdemo/LprNativeUI: BACKEND E2E RESULT mode=ncnn-cpu rep=1 match=1 ok=1;count=1;totalMs=22.0164;error=;p0=苏ED5172,0.7244,0.7366,0,1751|747|1879|855,78|123,0.0001|0.9998|0.0001,苏|E|D|5|1|7|2,0.7227|0.7969|0.5762|0.9941|0.7832|0.7168|0.5664,15.5533|1.5820|3.6539|1.2134,2773473;
09-18 19:27:16.358 17527 17527 I A0D001/com.shusen.lprdemo/LprNativeUI: BACKEND E2E RESULT mode=ncnn-cpu rep=2 match=1 ok=1;count=1;totalMs=23.0172;error=;p0=苏ED5172,0.7244,0.7366,0,1751|747|1879|855,78|123,0.0001|0.9998|0.0001,苏|E|D|5|1|7|2,0.7227|0.7969|0.5762|0.9941|0.7832|0.7168|0.5664,16.6462|1.6037|3.6584|1.0981,2773473;
09-18 19:27:18.069 17527 17527 I A0D001/com.shusen.lprdemo/LprNativeUI: BACKEND E2E LOAD ncnn-vulkan ok=1;layers=218;inputs=in0;outputs=out0|out1|out2;requestedVulkan=1;effectiveVulkan=1;gpuProbe=ok=1;count=1;name=Maleoon 920C;driver=Maleoon 920C;api=4206867;fp16=111
09-18 19:27:18.179 17527 17527 I A0D001/com.shusen.lprdemo/LprNativeUI: BACKEND E2E RESULT mode=ncnn-vulkan rep=0 match=1 ok=1;count=1;totalMs=88.1948;error=;p0=苏ED5172,0.7244,0.7366,0,1751|747|1879|855,78|123,0.0001|0.9998|0.0001,苏|E|D|5|1|7|2,0.7227|0.7969|0.5762|0.9941|0.7832|0.7168|0.5664,81.3953|1.6608|3.9959|1.1283,2773473;
09-18 19:27:18.247 17527 17527 I A0D001/com.shusen.lprdemo/LprNativeUI: BACKEND E2E RESULT mode=ncnn-vulkan rep=1 match=1 ok=1;count=1;totalMs=45.5531;error=;p0=苏ED5172,0.7244,0.7366,0,1751|747|1879|855,78|123,0.0001|0.9998|0.0001,苏|E|D|5|1|7|2,0.7227|0.7969|0.5762|0.9941|0.7832|0.7168|0.5664,38.5095|2.0411|3.6637|1.3233,2773473;
09-18 19:27:18.319 17527 17527 I A0D001/com.shusen.lprdemo/LprNativeUI: BACKEND E2E RESULT mode=ncnn-vulkan rep=2 match=1 ok=1;count=1;totalMs=48.0552;error=;p0=苏ED5172,0.7244,0.7366,0,1751|747|1879|855,78|123,0.0001|0.9998|0.0001,苏|E|D|5|1|7|2,0.7227|0.7969|0.5762|0.9941|0.7832|0.7168|0.5664,39.4880|2.1377|4.2031|2.2072,2773473;
09-18 19:27:18.320 17527 17527 I A0D001/com.shusen.lprdemo/LprNativeUI: BACKEND E2E END v1
09-18 19:27:18.321 17527 17527 I A0D001/com.shusen.lprdemo/LprNativeUI: E2EMATRIX BEGIN expected=苏ED5172 prod=det:cpu rec:nnrt cls:cpu pairs=16 log=/data/storage/el2/base/haps/entry/files/matrix.log
09-18 19:27:18.365 17527 17527 I A0D001/com.shusen.lprdemo/LprNativeUI: NATIVE DECODE assets/samples/hlpr-test.jpg 1920x1080
09-18 19:27:18.522 17527 17527 I A0D001/com.shusen.lprdemo/LprNativeUI: E2EMATRIX RESULT role=det backend=cpu LANDED=CPU rep=0 match=1 code=苏ED5172 total=44.1672 stages=37.7981|1.8045|3.3741|1.1770 trail=CPU(ok)
09-18 19:27:18.582 17527 17527 I A0D001/com.shusen.lprdemo/LprNativeUI: E2EMATRIX RESULT role=det backend=cpu LANDED=CPU rep=1 match=1 code=苏ED5172 total=44.4039 stages=38.4250|1.5412|3.3966|1.0269 trail=CPU(ok)
09-18 19:27:18.637 17527 17527 I A0D001/com.shusen.lprdemo/LprNativeUI: E2EMATRIX RESULT role=det backend=cpu LANDED=CPU rep=2 match=1 code=苏ED5172 total=37.7469 stages=31.5352|1.5255|3.3991|1.2752 trail=CPU(ok)
09-18 19:27:18.722 17527 17527 I A0D001/com.shusen.lprdemo/LprNativeUI: E2EMATRIX RESULT role=det backend=nnrt LANDED=NNRT:NPU_ohos.boot.hardware.kirin8020_v2_0 rep=0 match=0 code=苏E05172 total=24.6905 stages=15.4003|3.8886|3.5741|1.8138 trail=NNRT:NPU_ohos.boot.hardware.kirin8020_v2_0(ok)
09-18 19:27:18.793 17527 17527 I A0D001/com.shusen.lprdemo/LprNativeUI: E2EMATRIX RESULT role=det backend=nnrt LANDED=NNRT:NPU_ohos.boot.hardware.kirin8020_v2_0 rep=1 match=0 code=苏E05172 total=34.7909 stages=23.8463|4.2431|4.3584|2.3225 trail=NNRT:NPU_ohos.boot.hardware.kirin8020_v2_0(ok)
09-18 19:27:18.854 17527 17527 I A0D001/com.shusen.lprdemo/LprNativeUI: E2EMATRIX RESULT role=det backend=nnrt LANDED=NNRT:NPU_ohos.boot.hardware.kirin8020_v2_0 rep=2 match=0 code=苏E05172 total=35.4681 stages=26.0402|2.1661|4.1888|3.0589 trail=NNRT:NPU_ohos.boot.hardware.kirin8020_v2_0(ok)
09-18 19:27:19.051 17527 17527 I A0D001/com.shusen.lprdemo/LprNativeUI: E2EMATRIX RESULT role=det backend=gpu LANDED=CPU rep=0 match=1 code=苏ED5172 total=62.1069 stages=54.4244|2.2889|3.8620|1.5189 trail=GPU:fp16(fail) GPU:fp32(fail) CPU(ok)
09-18 19:27:19.117 17527 17527 I A0D001/com.shusen.lprdemo/LprNativeUI: E2EMATRIX RESULT role=det backend=gpu LANDED=CPU rep=1 match=1 code=苏ED5172 total=39.1181 stages=32.1777|2.1855|3.5409|1.2011 trail=GPU:fp16(fail) GPU:fp32(fail) CPU(ok)
09-18 19:27:19.172 17527 17527 I A0D001/com.shusen.lprdemo/LprNativeUI: E2EMATRIX RESULT role=det backend=gpu LANDED=CPU rep=2 match=1 code=苏ED5172 total=35.5820 stages=27.7967|2.6511|3.6530|1.4689 trail=GPU:fp16(fail) GPU:fp32(fail) CPU(ok)
09-18 19:27:19.326 17527 17527 I A0D001/com.shusen.lprdemo/LprNativeUI: E2EMATRIX RESULT role=det backend=kirin LANDED=CPU rep=0 match=1 code=苏ED5172 total=40.3377 stages=33.1772|2.1852|3.5388|1.4228 trail=KIRIN_NPU(fail) CPU(ok)
09-18 19:27:19.401 17527 17527 I A0D001/com.shusen.lprdemo/LprNativeUI: E2EMATRIX RESULT role=det backend=kirin LANDED=CPU rep=1 match=1 code=苏ED5172 total=42.0552 stages=34.4703|2.5959|3.7494|1.1709 trail=KIRIN_NPU(fail) CPU(ok)
09-18 19:27:19.488 17527 17527 I A0D001/com.shusen.lprdemo/LprNativeUI: E2EMATRIX RESULT role=det backend=kirin LANDED=CPU rep=2 match=1 code=苏ED5172 total=49.9755 stages=42.6123|2.2009|3.8284|1.3217 trail=KIRIN_NPU(fail) CPU(ok)
09-18 19:27:19.726 17527 17527 I A0D001/com.shusen.lprdemo/LprNativeUI: E2EMATRIX RESULT role=rec backend=cpu LANDED=CPU rep=0 match=1 code=苏ED5172 total=52.0889 stages=33.2962|1.5677|16.1273|1.0867 trail=CPU(ok)
09-18 19:27:19.793 17527 17527 I A0D001/com.shusen.lprdemo/LprNativeUI: E2EMATRIX RESULT role=rec backend=cpu LANDED=CPU rep=1 match=1 code=苏ED5172 total=50.1914 stages=31.5170|1.8333|15.8331|0.9952 trail=CPU(ok)
09-18 19:27:19.859 17527 17527 I A0D001/com.shusen.lprdemo/LprNativeUI: E2EMATRIX RESULT role=rec backend=cpu LANDED=CPU rep=2 match=1 code=苏ED5172 total=49.3487 stages=30.0214|1.7059|16.5477|1.0617 trail=CPU(ok)
09-18 19:27:19.984 17527 17527 I A0D001/com.shusen.lprdemo/LprNativeUI: E2EMATRIX RESULT role=rec backend=nnrt LANDED=NNRT:NPU_ohos.boot.hardware.kirin8020_v2_0 rep=0 match=1 code=苏ED5172 total=42.7925 stages=36.4817|1.7792|3.4139|1.1058 trail=NNRT:NPU_ohos.boot.hardware.kirin8020_v2_0(ok)
09-18 19:27:20.049 17527 17527 I A0D001/com.shusen.lprdemo/LprNativeUI: E2EMATRIX RESULT role=rec backend=nnrt LANDED=NNRT:NPU_ohos.boot.hardware.kirin8020_v2_0 rep=1 match=1 code=苏ED5172 total=41.6041 stages=35.7327|1.5705|3.2784|1.0130 trail=NNRT:NPU_ohos.boot.hardware.kirin8020_v2_0(ok)
09-18 19:27:20.112 17527 17527 I A0D001/com.shusen.lprdemo/LprNativeUI: E2EMATRIX RESULT role=rec backend=nnrt LANDED=NNRT:NPU_ohos.boot.hardware.kirin8020_v2_0 rep=2 match=1 code=苏ED5172 total=44.5547 stages=37.6900|1.7677|3.9162|1.1695 trail=NNRT:NPU_ohos.boot.hardware.kirin8020_v2_0(ok)
09-18 19:27:20.316 17527 17527 I A0D001/com.shusen.lprdemo/LprNativeUI: E2EMATRIX RESULT role=rec backend=gpu LANDED=CPU rep=0 match=1 code=苏ED5172 total=56.0264 stages=36.7225|1.5484|16.6537|1.0898 trail=GPU:fp16(fail) GPU:fp32(fail) CPU(ok)
09-18 19:27:20.396 17527 17527 I A0D001/com.shusen.lprdemo/LprNativeUI: E2EMATRIX RESULT role=rec backend=gpu LANDED=CPU rep=1 match=1 code=苏ED5172 total=59.4845 stages=38.5380|1.7883|18.1392|1.0041 trail=GPU:fp16(fail) GPU:fp32(fail) CPU(ok)
09-18 19:27:20.472 17527 17527 I A0D001/com.shusen.lprdemo/LprNativeUI: E2EMATRIX RESULT role=rec backend=gpu LANDED=CPU rep=2 match=1 code=苏ED5172 total=56.5880 stages=35.4688|1.7397|18.2658|1.1002 trail=GPU:fp16(fail) GPU:fp32(fail) CPU(ok)
09-18 19:27:20.656 17527 17527 I A0D001/com.shusen.lprdemo/LprNativeUI: E2EMATRIX RESULT role=rec backend=kirin LANDED=CPU rep=0 match=1 code=苏ED5172 total=61.5603 stages=35.2023|2.1684|21.5203|1.4694 trail=KIRIN_NPU(fail) CPU(ok)
09-18 19:27:20.727 17527 17527 I A0D001/com.shusen.lprdemo/LprNativeUI: E2EMATRIX RESULT role=rec backend=kirin LANDED=CPU rep=1 match=1 code=苏ED5172 total=56.0927 stages=37.6027|1.5798|15.8683|1.0275 trail=KIRIN_NPU(fail) CPU(ok)
09-18 19:27:20.807 17527 17527 I A0D001/com.shusen.lprdemo/LprNativeUI: E2EMATRIX RESULT role=rec backend=kirin LANDED=CPU rep=2 match=1 code=苏ED5172 total=61.6933 stages=39.8497|1.8366|18.7911|1.2031 trail=KIRIN_NPU(fail) CPU(ok)
09-18 19:27:20.928 17527 17527 I A0D001/com.shusen.lprdemo/LprNativeUI: E2EMATRIX RESULT role=cls backend=cpu LANDED=CPU rep=0 match=1 code=苏ED5172 total=40.4462 stages=34.3347|1.6678|3.4017|1.0323 trail=CPU(ok)
09-18 19:27:20.982 17527 17527 I A0D001/com.shusen.lprdemo/LprNativeUI: E2EMATRIX RESULT role=cls backend=cpu LANDED=CPU rep=1 match=1 code=苏ED5172 total=38.5948 stages=31.6344|2.1955|3.5067|1.2447 trail=CPU(ok)
09-18 19:27:21.045 17527 17527 I A0D001/com.shusen.lprdemo/LprNativeUI: E2EMATRIX RESULT role=cls backend=cpu LANDED=CPU rep=2 match=1 code=苏ED5172 total=43.9116 stages=37.0694|2.1934|3.4753|1.1647 trail=CPU(ok)
09-18 19:27:21.236 17527 17527 I A0D001/com.shusen.lprdemo/LprNativeUI: E2EMATRIX RESULT role=cls backend=nnrt LANDED=CPU rep=0 match=1 code=苏ED5172 total=45.9438 stages=38.9423|2.1648|3.6111|1.2084 trail=NNRT:NPU_ohos.boot.hardware.kirin8020_v2_0(fail) NNRT:HIAI_F(fail) CPU(ok)
09-18 19:27:21.298 17527 17527 I A0D001/com.shusen.lprdemo/LprNativeUI: E2EMATRIX RESULT role=cls backend=nnrt LANDED=CPU rep=1 match=1 code=苏ED5172 total=44.6109 stages=38.5906|1.7150|3.2861|1.0073 trail=NNRT:NPU_ohos.boot.hardware.kirin8020_v2_0(fail) NNRT:HIAI_F(fail) CPU(ok)
09-18 19:27:21.358 17527 17527 I A0D001/com.shusen.lprdemo/LprNativeUI: E2EMATRIX RESULT role=cls backend=nnrt LANDED=CPU rep=2 match=1 code=苏ED5172 total=41.9758 stages=35.3202|2.0497|3.5034|1.0886 trail=NNRT:NPU_ohos.boot.hardware.kirin8020_v2_0(fail) NNRT:HIAI_F(fail) CPU(ok)
09-18 19:27:21.488 17527 17527 I A0D001/com.shusen.lprdemo/LprNativeUI: E2EMATRIX RESULT role=cls backend=gpu LANDED=CPU rep=0 match=1 code=苏ED5172 total=43.2678 stages=36.7127|2.0220|3.4606|1.0580 trail=GPU:fp16(fail) GPU:fp32(fail) CPU(ok)
09-18 19:27:21.547 17527 17527 I A0D001/com.shusen.lprdemo/LprNativeUI: E2EMATRIX RESULT role=cls backend=gpu LANDED=CPU rep=1 match=1 code=苏ED5172 total=40.9158 stages=34.2694|2.2209|3.3888|1.0266 trail=GPU:fp16(fail) GPU:fp32(fail) CPU(ok)
09-18 19:27:21.608 17527 17527 I A0D001/com.shusen.lprdemo/LprNativeUI: E2EMATRIX RESULT role=cls backend=gpu LANDED=CPU rep=2 match=1 code=苏ED5172 total=43.2642 stages=36.0067|2.1650|3.7937|1.2878 trail=GPU:fp16(fail) GPU:fp32(fail) CPU(ok)
09-18 19:27:21.741 17527 17527 I A0D001/com.shusen.lprdemo/LprNativeUI: E2EMATRIX RESULT role=cls backend=kirin LANDED=CPU rep=0 match=1 code=苏ED5172 total=39.9359 stages=33.0136|2.1836|3.4928|1.2333 trail=KIRIN_NPU(fail) CPU(ok)
09-18 19:27:21.795 17527 17527 I A0D001/com.shusen.lprdemo/LprNativeUI: E2EMATRIX RESULT role=cls backend=kirin LANDED=CPU rep=1 match=1 code=苏ED5172 total=38.9106 stages=32.5348|2.0059|3.3273|1.0311 trail=KIRIN_NPU(fail) CPU(ok)
09-18 19:27:21.846 17527 17527 I A0D001/com.shusen.lprdemo/LprNativeUI: E2EMATRIX RESULT role=cls backend=kirin LANDED=CPU rep=2 match=1 code=苏ED5172 total=35.3445 stages=28.6269|2.2028|3.4884|1.0159 trail=KIRIN_NPU(fail) CPU(ok)
09-18 19:27:21.968 17527 17527 I A0D001/com.shusen.lprdemo/LprNativeUI: E2EMATRIX RESULT role=cls-fp32 backend=cpu LANDED=CPU rep=0 match=1 code=苏ED5172 total=39.6178 stages=33.8336|1.6005|3.2414|0.9300 trail=CPU(ok)
09-18 19:27:22.022 17527 17527 I A0D001/com.shusen.lprdemo/LprNativeUI: E2EMATRIX RESULT role=cls-fp32 backend=cpu LANDED=CPU rep=1 match=1 code=苏ED5172 total=39.3753 stages=31.5906|3.1230|3.5211|1.1297 trail=CPU(ok)
09-18 19:27:22.105 17527 17527 I A0D001/com.shusen.lprdemo/LprNativeUI: E2EMATRIX RESULT role=cls-fp32 backend=cpu LANDED=CPU rep=2 match=1 code=苏ED5172 total=60.7170 stages=43.5312|7.5423|5.6261|3.9950 trail=CPU(ok)
09-18 19:27:22.449 17527 17527 I A0D001/com.shusen.lprdemo/LprNativeUI: E2EMATRIX RESULT role=cls-fp32 backend=nnrt LANDED=NNRT:NPU_ohos.boot.hardware.kirin8020_v2_0 rep=0 match=1 code=苏ED5172 total=70.6920 stages=63.8377|2.1902|3.4033|1.2469 trail=NNRT:NPU_ohos.boot.hardware.kirin8020_v2_0(ok)
09-18 19:27:22.548 17527 17527 I A0D001/com.shusen.lprdemo/LprNativeUI: E2EMATRIX RESULT role=cls-fp32 backend=nnrt LANDED=NNRT:NPU_ohos.boot.hardware.kirin8020_v2_0 rep=1 match=1 code=苏ED5172 total=77.1936 stages=61.6311|7.6381|5.6405|2.2559 trail=NNRT:NPU_ohos.boot.hardware.kirin8020_v2_0(ok)
09-18 19:27:22.615 17527 17527 I A0D001/com.shusen.lprdemo/LprNativeUI: E2EMATRIX RESULT role=cls-fp32 backend=nnrt LANDED=NNRT:NPU_ohos.boot.hardware.kirin8020_v2_0 rep=2 match=1 code=苏ED5172 total=51.3923 stages=44.4459|2.1214|3.5623|1.2542 trail=NNRT:NPU_ohos.boot.hardware.kirin8020_v2_0(ok)
09-18 19:27:22.765 17527 17527 I A0D001/com.shusen.lprdemo/LprNativeUI: E2EMATRIX RESULT role=cls-fp32 backend=gpu LANDED=CPU rep=0 match=1 code=苏ED5172 total=42.1566 stages=35.4617|2.0287|3.5445|1.1100 trail=GPU:fp16(fail) GPU:fp32(fail) CPU(ok)
09-18 19:27:22.807 17527 17527 I A0D001/com.shusen.lprdemo/LprNativeUI: E2EMATRIX RESULT role=cls-fp32 backend=gpu LANDED=CPU rep=1 match=1 code=苏ED5172 total=24.5205 stages=17.0908|2.1931|3.5664|1.6542 trail=GPU:fp16(fail) GPU:fp32(fail) CPU(ok)
09-18 19:27:22.871 17527 17527 I A0D001/com.shusen.lprdemo/LprNativeUI: E2EMATRIX RESULT role=cls-fp32 backend=gpu LANDED=CPU rep=2 match=1 code=苏ED5172 total=46.6147 stages=38.9180|2.2052|3.7389|1.7363 trail=GPU:fp16(fail) GPU:fp32(fail) CPU(ok)
09-18 19:27:23.009 17527 17527 I A0D001/com.shusen.lprdemo/LprNativeUI: E2EMATRIX RESULT role=cls-fp32 backend=kirin LANDED=CPU rep=0 match=1 code=苏ED5172 total=47.2638 stages=40.3464|2.0616|3.5883|1.2566 trail=KIRIN_NPU(fail) CPU(ok)
09-18 19:27:23.104 17527 17527 I A0D001/com.shusen.lprdemo/LprNativeUI: E2EMATRIX RESULT role=cls-fp32 backend=kirin LANDED=CPU rep=1 match=1 code=苏ED5172 total=67.5602 stages=46.9888|7.6169|5.4742|4.1062 trail=KIRIN_NPU(fail) CPU(ok)
09-18 19:27:23.190 17527 17527 I A0D001/com.shusen.lprdemo/LprNativeUI: E2EMATRIX RESULT role=cls-fp32 backend=kirin LANDED=CPU rep=2 match=1 code=苏ED5172 total=64.6869 stages=54.7244|3.6648|4.1958|2.0822 trail=KIRIN_NPU(fail) CPU(ok)
09-18 19:27:23.191 17527 17527 I A0D001/com.shusen.lprdemo/LprNativeUI: E2EMATRIX END
09-18 19:27:23.191 17527 17527 I A0D001/com.shusen.lprdemo/LprNativeUI: NCNNSLOT BEGIN expected=苏ED5172
09-18 19:27:23.222 17527 17527 I A0D001/com.shusen.lprdemo/LprNativeUI: NATIVE DECODE assets/samples/hlpr-test.jpg 1920x1080
09-18 19:27:23.284 17527 17527 I A0D001/com.shusen.lprdemo/LprNativeUI: NCNNSLOT LOAD role=rec mode=cpu ok=1;slot=1;layers=252;inputs=in0;outputs=out0;requestedVulkan=0;effectiveVulkan=0;gpuProbe=not requested
09-18 19:27:23.400 17527 17527 I A0D001/com.shusen.lprdemo/LprNativeUI: NCNNSLOT RESULT role=rec mode=cpu rep=0 match=1 code=苏ED5172 colour=蓝牌 total=45.9798 stages=30.2694|1.5816|12.8717|1.2453 chars=苏|E|D|5|1|7|2 clsScores=0.0001|0.9998|0.0001
09-18 19:27:23.467 17527 17527 I A0D001/com.shusen.lprdemo/LprNativeUI: NCNNSLOT RESULT role=rec mode=cpu rep=1 match=1 code=苏ED5172 colour=蓝牌 total=49.5014 stages=36.7667|1.1738|10.3320|1.2156 chars=苏|E|D|5|1|7|2 clsScores=0.0001|0.9998|0.0001
09-18 19:27:23.541 17527 17527 I A0D001/com.shusen.lprdemo/LprNativeUI: NCNNSLOT RESULT role=rec mode=cpu rep=2 match=1 code=苏ED5172 colour=蓝牌 total=54.8261 stages=35.3270|1.5697|16.5378|1.3769 chars=苏|E|D|5|1|7|2 clsScores=0.0001|0.9998|0.0001
09-18 19:27:26.533 17527 17527 I A0D001/com.shusen.lprdemo/LprNativeUI: NCNNSLOT LOAD role=rec mode=vulkan ok=1;slot=1;layers=252;inputs=in0;outputs=out0;requestedVulkan=1;effectiveVulkan=1;gpuProbe=ok=1;count=1;name=Maleoon 920C;driver=Maleoon 920C;api=4206867;fp16=111
09-18 19:27:26.806 17527 17527 I A0D001/com.shusen.lprdemo/LprNativeUI: NCNNSLOT RESULT role=rec mode=vulkan rep=0 match=1 code=苏ED5172 colour=蓝牌 total=103.8734 stages=40.8517|1.9123|55.9405|5.1137 chars=苏|E|D|5|1|7|2 clsScores=0.0001|0.9998|0.0001
09-18 19:27:26.931 17527 17527 I A0D001/com.shusen.lprdemo/LprNativeUI: NCNNSLOT RESULT role=rec mode=vulkan rep=1 match=1 code=苏ED5172 colour=蓝牌 total=100.8253 stages=28.0064|2.6336|63.5627|6.5830 chars=苏|E|D|5|1|7|2 clsScores=0.0001|0.9998|0.0001
09-18 19:27:27.063 17527 17527 I A0D001/com.shusen.lprdemo/LprNativeUI: NCNNSLOT RESULT role=rec mode=vulkan rep=2 match=1 code=苏ED5172 colour=蓝牌 total=105.9111 stages=39.9116|2.1980|57.1898|6.5720 chars=苏|E|D|5|1|7|2 clsScores=0.0001|0.9998|0.0001
09-18 19:27:27.070 17527 17527 I A0D001/com.shusen.lprdemo/LprNativeUI: NCNNSLOT LOAD role=cls mode=cpu ok=1;slot=2;layers=78;inputs=in0;outputs=out0;requestedVulkan=0;effectiveVulkan=0;gpuProbe=not requested
09-18 19:27:27.193 17527 17527 I A0D001/com.shusen.lprdemo/LprNativeUI: NCNNSLOT RESULT role=cls mode=cpu rep=0 match=1 code=苏ED5172 colour=蓝牌 total=39.1588 stages=33.0155|1.6266|3.3280|1.1812 chars=苏|E|D|5|1|7|2 clsScores=0.0001|0.9998|0.0001
09-18 19:27:27.250 17527 17527 I A0D001/com.shusen.lprdemo/LprNativeUI: NCNNSLOT RESULT role=cls mode=cpu rep=1 match=1 code=苏ED5172 colour=蓝牌 total=39.6858 stages=32.8272|2.0312|3.4191|1.4017 chars=苏|E|D|5|1|7|2 clsScores=0.0001|0.9998|0.0001
09-18 19:27:27.304 17527 17527 I A0D001/com.shusen.lprdemo/LprNativeUI: NCNNSLOT RESULT role=cls mode=cpu rep=2 match=1 code=苏ED5172 colour=蓝牌 total=38.6266 stages=32.9536|1.1188|3.2939|1.2536 chars=苏|E|D|5|1|7|2 clsScores=0.0001|0.9998|0.0001
09-18 19:27:28.880 17527 17527 I A0D001/com.shusen.lprdemo/LprNativeUI: NCNNSLOT LOAD role=cls mode=vulkan ok=1;slot=2;layers=78;inputs=in0;outputs=out0;requestedVulkan=1;effectiveVulkan=1;gpuProbe=ok=1;count=1;name=Maleoon 920C;driver=Maleoon 920C;api=4206867;fp16=111
09-18 19:27:29.024 17527 17527 I A0D001/com.shusen.lprdemo/LprNativeUI: NCNNSLOT RESULT role=cls mode=vulkan rep=0 match=1 code=苏ED5172 colour=蓝牌 total=49.8034 stages=36.3334|2.0236|3.5164|7.9200 chars=苏|E|D|5|1|7|2 clsScores=0.0001|0.9998|0.0001
09-18 19:27:29.084 17527 17527 I A0D001/com.shusen.lprdemo/LprNativeUI: NCNNSLOT RESULT role=cls mode=vulkan rep=1 match=1 code=苏ED5172 colour=蓝牌 total=44.1180 stages=31.2633|2.1642|3.4197|7.2592 chars=苏|E|D|5|1|7|2 clsScores=0.0001|0.9998|0.0001
09-18 19:27:29.146 17527 17527 I A0D001/com.shusen.lprdemo/LprNativeUI: NCNNSLOT RESULT role=cls mode=vulkan rep=2 match=1 code=苏ED5172 colour=蓝牌 total=46.1197 stages=33.3277|2.1722|3.5067|7.1052 chars=苏|E|D|5|1|7|2 clsScores=0.0001|0.9998|0.0001
09-18 19:27:29.147 17527 17527 I A0D001/com.shusen.lprdemo/LprNativeUI: NCNNSLOT END
09-18 19:27:29.148 17527 17527 I A0D001/com.shusen.lprdemo/LprNativeUI: CANN BEGIN
09-18 19:27:29.151 17527 17527 I A0D001/com.shusen.lprdemo/LprNativeUI: CANN ENUM ok=1;probe=nnrt+hiai;nnrt_runtime=soname;nnrt_core=soname;hiai_foundation=soname;cann_version=108.631.120.010;getAllDevices_rc=0;device_count=2;d0=id=8987859593747354028,name=HIAI_F,type=ACCELERATOR,nameRc=0,typeRc=0;d1=id=13306020061847651998,name=NPU_ohos.boot.hardware.kirin8020_v2_0,type=ACCELERATOR,nameRc=0,typeRc=0;
09-18 19:27:29.257 17527 17527 I A0D001/com.shusen.lprdemo/LprNativeUI: CANN TRY model=models/probe_hiai_imagenet.om size=2496459 ok=1;bytes=2496459;hiai_compat_code=0;hiai_compat_note=0=compatible,1=incompatible;construct=ok;picked_device=8987859593747354028;picked_device_all0=8987859593747354028;set_device_rc=0;build_rc=0;build_note=0=SUCCESS, else see OH_NN_ReturnCode;executor=ok;in_count=1;out_count=1;in0=name=data,dtype=FLOAT32,shape=[1x3x227x227];out0=name=output_0_prob_0,dtype=FLOAT32,shape=[1x1000x1x1];in_bytes=618348;out_bytes=4000;run_tensors=1in/1out;run_rc=0;run_ms_each=3.347|1.067|0.972;o0_sum=1.0005;o0_argmax=111;o0_max=0.1509;out_note=synthetic-input->argmax NOT meaningful;executor_destroyed=1;destroyed=1;
09-18 19:27:29.358 17527 17527 I A0D001/com.shusen.lprdemo/LprNativeUI: CANN TRY model=models/probe_om_lprnet.om size=916283 ok=1;bytes=916283;hiai_compat_code=0;hiai_compat_note=0=compatible,1=incompatible;construct=ok;picked_device=8987859593747354028;picked_device_all0=8987859593747354028;set_device_rc=0;build_rc=0;build_note=0=SUCCESS, else see OH_NN_ReturnCode;executor=ok;in_count=1;out_count=1;in0=name=input,dtype=FLOAT32,shape=[1x3x24x94];out0=name=output,dtype=FLOAT32,shape=[1x1x68x18];in_bytes=27072;out_bytes=4896;run_tensors=1in/1out;run_rc=0;run_ms_each=2.139|1.420|1.403;o0_sum=-62362.3169;o0_argmax=1206;o0_max=311.5000;out_note=synthetic-input->argmax NOT meaningful;executor_destroyed=1;destroyed=1;
09-18 19:27:29.479 17527 17527 I A0D001/com.shusen.lprdemo/LprNativeUI: CANN TRY model=models/probe_om_lprnet_npufix.om size=915413 ok=1;bytes=915413;hiai_compat_code=0;hiai_compat_note=0=compatible,1=incompatible;construct=ok;picked_device=8987859593747354028;picked_device_all0=8987859593747354028;set_device_rc=0;build_rc=0;build_note=0=SUCCESS, else see OH_NN_ReturnCode;executor=ok;in_count=1;out_count=1;in0=name=input,dtype=FLOAT32,shape=[1x3x24x94];out0=name=output,dtype=FLOAT32,shape=[1x1x68x18];in_bytes=27072;out_bytes=4896;run_tensors=1in/1out;run_rc=0;run_ms_each=1.923|1.157|1.147;o0_sum=-62362.3169;o0_argmax=1206;o0_max=311.5000;out_note=synthetic-input->argmax NOT meaningful;executor_destroyed=1;destroyed=1;
09-18 19:27:29.887 17527 17527 I A0D001/com.shusen.lprdemo/LprNativeUI: CANN TRY model=models/probe_om_det.om size=1948509 ok=1;bytes=1948509;hiai_compat_code=1;hiai_compat_note=0=compatible,1=incompatible;construct=ok;picked_device=8987859593747354028;picked_device_all0=8987859593747354028;set_device_rc=0;build_rc=1;build_note=0=SUCCESS, else see OH_NN_ReturnCode;destroyed=1;
09-18 19:27:30.267 17527 17527 I A0D001/com.shusen.lprdemo/LprNativeUI: CANN TRY model=models/probe_om_dethead.om size=1010950 ok=1;bytes=1010950;hiai_compat_code=0;hiai_compat_note=0=compatible,1=incompatible;construct=ok;picked_device=8987859593747354028;picked_device_all0=8987859593747354028;set_device_rc=0;build_rc=0;build_note=0=SUCCESS, else see OH_NN_ReturnCode;executor=ok;in_count=1;out_count=3;in0=name=input,dtype=FLOAT32,shape=[1x3x320x320];out0=name=948,dtype=FLOAT32,shape=[1x45x40x40];out1=name=1061,dtype=FLOAT32,shape=[1x45x20x20];out2=name=1174,dtype=FLOAT32,shape=[1x45x10x10];in_bytes=1228800;out_bytes=378000;run_tensors=1in/3out;run_rc=0;run_ms_each=7.019|5.294|5.244;o0_sum=-25055.3415;o0_argmax=28756;o0_max=6.5898;o1_sum=-11325.9309;o1_argmax=11231;o1_max=5.9961;o2_sum=-3700.2237;o2_argmax=2888;o2_max=5.0664;out_note=synthetic-input->argmax NOT meaningful;executor_destroyed=1;destroyed=1;
09-18 19:27:30.649 17527 17527 I A0D001/com.shusen.lprdemo/LprNativeUI: CANN TRY model=models/probe_om_rec.om size=5041253 ok=1;bytes=5041253;hiai_compat_code=0;hiai_compat_note=0=compatible,1=incompatible;construct=ok;picked_device=8987859593747354028;picked_device_all0=8987859593747354028;set_device_rc=0;build_rc=0;build_note=0=SUCCESS, else see OH_NN_ReturnCode;executor=ok;in_count=1;out_count=1;in0=name=data,dtype=FLOAT32,shape=[1x3x48x160];out0=name=output,dtype=FLOAT32,shape=[1x1x20x78];in_bytes=92160;out_bytes=6240;run_tensors=1in/1out;run_rc=0;run_ms_each=4.905|4.956|5.202;o0_sum=19.9978;o0_argmax=1326;o0_max=0.8359;out_note=synthetic-input->argmax NOT meaningful;executor_destroyed=1;destroyed=1;
09-18 19:27:30.806 17527 17527 I A0D001/com.shusen.lprdemo/LprNativeUI: CANN TRY model=models/probe_om_cls.om size=841728 ok=1;bytes=841728;hiai_compat_code=0;hiai_compat_note=0=compatible,1=incompatible;construct=ok;picked_device=8987859593747354028;picked_device_all0=8987859593747354028;set_device_rc=0;build_rc=0;build_note=0=SUCCESS, else see OH_NN_ReturnCode;executor=ok;in_count=1;out_count=1;in0=name=data,dtype=FLOAT32,shape=[1x3x96x96];out0=name=output,dtype=FLOAT32,shape=[1x3x1x1];in_bytes=110592;out_bytes=12;run_tensors=1in/1out;run_rc=0;run_ms_each=1.985|1.416|1.405;o0_sum=0.9981;o0_argmax=0;o0_max=0.9980;out_note=synthetic-input->argmax NOT meaningful;executor_destroyed=1;destroyed=1;
09-18 19:27:30.813 17527 17527 I A0D001/com.shusen.lprdemo/LprNativeUI: CANN TRY model=models/y5fu_320x_head_fp32.ms size=1847336 ok=1;bytes=1847336;hiai_compat_code=1;hiai_compat_note=0=compatible,1=incompatible;construct=ok;picked_device=8987859593747354028;picked_device_all0=8987859593747354028;set_device_rc=0;build_rc=1;build_note=0=SUCCESS, else see OH_NN_ReturnCode;destroyed=1;
09-18 19:27:30.829 17527 17527 I A0D001/com.shusen.lprdemo/LprNativeUI: CANN TRY model=models/rpv3_mdict_160_r3.ms size=4480304 ok=1;bytes=4480304;hiai_compat_code=1;hiai_compat_note=0=compatible,1=incompatible;construct=ok;picked_device=8987859593747354028;picked_device_all0=8987859593747354028;set_device_rc=0;build_rc=1;build_note=0=SUCCESS, else see OH_NN_ReturnCode;destroyed=1;
09-18 19:27:30.833 17527 17527 I A0D001/com.shusen.lprdemo/LprNativeUI: CANN TRY model=models/litemodel_cls_96x_r1.ms size=817432 ok=1;bytes=817432;hiai_compat_code=1;hiai_compat_note=0=compatible,1=incompatible;construct=ok;picked_device=8987859593747354028;picked_device_all0=8987859593747354028;set_device_rc=0;build_rc=1;build_note=0=SUCCESS, else see OH_NN_ReturnCode;destroyed=1;
09-18 19:27:30.834 17527 17527 I A0D001/com.shusen.lprdemo/LprNativeUI: CANN END
09-18 19:27:30.837 17527 17527 I A0D001/com.shusen.lprdemo/LprMatrix: MATRIX NNRT-DEVICES ["NPU_ohos.boot.hardware.kirin8020_v2_0","HIAI_F"]
09-18 19:27:31.023 17527 17527 I A0D001/com.shusen.lprdemo/LprMatrix: MATRIX y5fu_320x_head_fp32.ms nnrt LANDED=NNRT:NPU_ohos.boot.hardware.kirin8020_v2_0 in=[1,320,320,3]/NHWC p50=5.1423ms mean=5.1337ms L2=1043.4696 L2asFp16=48950.6240 maxAbs=18.0000 dtype=43 verdict=PASS
09-18 19:27:31.392 17527 17527 I A0D001/com.shusen.lprdemo/LprMatrix: MATRIX y5fu_320x_head_fp32.ms gpu LANDED=CPU in=[1,320,320,3]/NHWC p50=8.0941ms mean=8.7411ms L2=1042.6634 L2asFp16=0.0000 maxAbs=18.0232 dtype=43 verdict=PASS
09-18 19:27:31.668 17527 17527 I A0D001/com.shusen.lprdemo/LprMatrix: MATRIX y5fu_320x_head_fp32.ms kirin LANDED=CPU in=[1,320,320,3]/NHWC p50=7.1909ms mean=7.1819ms L2=1042.6634 L2asFp16=0.0000 maxAbs=18.0232 dtype=43 verdict=PASS
09-18 19:27:31.998 17527 17527 I A0D001/com.shusen.lprdemo/LprMatrix: MATRIX y5fu_320x_head_fp32.ms cpu LANDED=CPU in=[1,320,320,3]/NHWC p50=7.2147ms mean=7.3653ms L2=1042.6634 L2asFp16=0.0000 maxAbs=18.0232 dtype=43 verdict=PASS
09-18 19:27:32.195 17527 17527 I A0D001/com.shusen.lprdemo/LprMatrix: MATRIX rpv3_mdict_160_r3.ms nnrt LANDED=NNRT:NPU_ohos.boot.hardware.kirin8020_v2_0 in=[1,48,160,3]/NHWC p50=4.1848ms mean=4.2852ms L2=2.9997 L2asFp16=5042.7128 maxAbs=0.7773 dtype=43 verdict=PASS
09-18 19:27:32.610 17527 17527 I A0D001/com.shusen.lprdemo/LprMatrix: MATRIX rpv3_mdict_160_r3.ms gpu LANDED=CPU in=[1,48,160,3]/NHWC p50=9.0669ms mean=9.1501ms L2=2.9921 L2asFp16=0.0000 maxAbs=0.7703 dtype=43 verdict=PASS
09-18 19:27:33.005 17527 17527 I A0D001/com.shusen.lprdemo/LprMatrix: MATRIX rpv3_mdict_160_r3.ms kirin LANDED=CPU in=[1,48,160,3]/NHWC p50=9.1541ms mean=9.2429ms L2=2.9921 L2asFp16=0.0000 maxAbs=0.7703 dtype=43 verdict=PASS
09-18 19:27:33.412 17527 17527 I A0D001/com.shusen.lprdemo/LprMatrix: MATRIX rpv3_mdict_160_r3.ms cpu LANDED=CPU in=[1,48,160,3]/NHWC p50=8.9852ms mean=9.1193ms L2=2.9921 L2asFp16=0.0000 maxAbs=0.7703 dtype=43 verdict=PASS
09-18 19:27:33.464 17527 17527 I A0D001/com.shusen.lprdemo/LprMatrix: MATRIX litemodel_cls_96x_r1_fp32.ms nnrt LANDED=NNRT:NPU_ohos.boot.hardware.kirin8020_v2_0 in=[1,96,96,3]/NHWC p50=1.0111ms mean=1.0554ms L2=0.9980 L2asFp16=1.8740 maxAbs=0.9980 dtype=43 verdict=PASS
09-18 19:27:33.550 17527 17527 I A0D001/com.shusen.lprdemo/LprMatrix: MATRIX litemodel_cls_96x_r1_fp32.ms gpu LANDED=CPU in=[1,96,96,3]/NHWC p50=1.5831ms mean=1.5515ms L2=0.9999 L2asFp16=56576.0000 maxAbs=0.9999 dtype=43 verdict=PASS
09-18 19:27:33.588 17527 17527 I A0D001/com.shusen.lprdemo/LprMatrix: MATRIX litemodel_cls_96x_r1_fp32.ms kirin LANDED=CPU in=[1,96,96,3]/NHWC p50=0.9555ms mean=0.9317ms L2=0.9999 L2asFp16=56576.0000 maxAbs=0.9999 dtype=43 verdict=PASS
09-18 19:27:33.626 17527 17527 I A0D001/com.shusen.lprdemo/LprMatrix: MATRIX litemodel_cls_96x_r1_fp32.ms cpu LANDED=CPU in=[1,96,96,3]/NHWC p50=0.8681ms mean=0.9242ms L2=0.9999 L2asFp16=56576.0000 maxAbs=0.9999 dtype=43 verdict=PASS
09-18 19:27:33.668 17527 17527 I A0D001/com.shusen.lprdemo/LprMatrix: MATRIX litemodel_cls_96x_r1.ms nnrt LANDED=CPU in=[1,96,96,3]/NHWC p50=0.9647ms mean=1.0101ms L2=0.9999 L2asFp16=56640.0000 maxAbs=0.9999 dtype=43 verdict=PASS
09-18 19:27:33.709 17527 17527 I A0D001/com.shusen.lprdemo/LprMatrix: MATRIX litemodel_cls_96x_r1.ms gpu LANDED=CPU in=[1,96,96,3]/NHWC p50=1.0058ms mean=0.9864ms L2=0.9999 L2asFp16=56640.0000 maxAbs=0.9999 dtype=43 verdict=PASS
09-18 19:27:33.711 17527 17527 I A0D001/com.shusen.lprdemo/LprMatrix: MATRIX END
