> hvigor [32mUP-TO-DATE :entry:default@PreBuild...  [39m
> hvigor [32mFinished :entry:default@CreateModuleInfo... after 2 ms [39m
> hvigor [32mUP-TO-DATE :entry:default@GenerateMetadata...  [39m
> hvigor [32mFinished :entry:default@ConfigureCmake... after 22 ms [39m
> hvigor [32mUP-TO-DATE :entry:default@MergeProfile...  [39m
> hvigor [32mUP-TO-DATE :entry:default@CreateBuildProfile...  [39m
> hvigor [32mFinished :entry:default@PreCheckSyscap... after 1 ms [39m
> hvigor [32mFinished :entry:default@GeneratePkgSdkInfo... after 5 ms [39m
> hvigor [32mFinished :entry:default@ProcessIntegratedHsp... after 1 ms [39m
> hvigor [32mFinished :entry:default@BuildNativeWithCmake... after 26 ms [39m
> hvigor [32mUP-TO-DATE :entry:default@MakePackInfo...  [39m
> hvigor [32mFinished :entry:default@SyscapTransform... after 25 ms [39m
> hvigor [32mUP-TO-DATE :entry:default@GeneratePkgContextInfo...  [39m
> hvigor [32mUP-TO-DATE :entry:default@ProcessProfile...  [39m
> hvigor [32mUP-TO-DATE :entry:default@ProcessRouterMap...  [39m
> hvigor [32mUP-TO-DATE :entry:default@ProcessShareConfig...  [39m
> hvigor [32mFinished :entry:default@ProcessStartupConfig... after 6 ms [39m
> hvigor [32mUP-TO-DATE :entry:default@ProcessResource...  [39m
> hvigor [32mUP-TO-DATE :entry:default@GenerateLoaderJson...  [39m
> hvigor [32mUP-TO-DATE :entry:default@CompileResource...  [39m
> hvigor [32mFinished :entry:default@BuildJS... after 7 ms [39m
> hvigor [32mFinished :entry:default@BuildNativeWithNinja... after 3 s 840 ms [39m
> hvigor [32mFinished :entry:default@ProcessLibs... after 168 ms [39m
> hvigor [32mFinished :entry:default@DoNativeStrip... after 126 ms [39m
> hvigor [32mFinished :entry:default@CacheNativeLibs... after 16 ms [39m
> hvigor [32mFinished :entry:default@CompileArkTS... after 7 s 358 ms [39m
> hvigor [32mUP-TO-DATE :entry:default@GeneratePkgModuleJson...  [39m
> hvigor [32mFinished :entry:default@ProcessCompiledResources... after 2 ms [39m
> hvigor [32mFinished :entry:default@PackageHap... after 938 ms [39m
> hvigor [32mFinished :entry:default@PackingCheck... after 11 ms [39m
> hvigor [32mFinished :entry:default@SignHap... after 2 s 955 ms [39m
> hvigor [32mFinished :entry:default@CollectDebugSymbol... after 2 ms [39m
> hvigor [32mFinished :entry:assembleHap... after 1 ms [39m
> hvigor [32mBUILD SUCCESSFUL in 20 s 270 ms [39m
> hvigor [33mWARN: [33mWARN: [33m[33mArkTS:WARN File: C:/Users/26671/lpr-harmony/LprDemo/entry/src/main/ets/pages/Index.ets:29:17
 Currently module for 'libentry.so' is not verified. If you're importing napi, its verification will be enabled in later SDK version. Please make sure the corresponding .d.ts file is provided and the napis are correctly declared.
[39m[39m
[33mWARN: [33m[33mArkTS:WARN File: C:/Users/26671/lpr-harmony/LprDemo/entry/src/main/ets/pages/Index.ets:381:31
 Function may throw exceptions. Special handling is required.
[39m[39m
[33mWARN: [33m[33mArkTS:WARN File: C:/Users/26671/lpr-harmony/LprDemo/entry/src/main/ets/pages/Index.ets:566:5
 Function may throw exceptions. Special handling is required.
[39m[39m
[39m
