09-18 16:32:10.663 35153 35153 I A0D001/com.shusen.lprdemo/LprCamera: FRAME n=1680 fps=38.46 plate=（未检测到） split=1|1
09-18 16:32:10.726 35153 35153 I A0D001/com.shusen.lprdemo/LprCamera: STAGE n=1680 conv=3.2378 infer=34.1783 count=0 stages=-
09-18 16:32:12.299 35153 35153 I A0D001/com.shusen.lprdemo/LprCamera: FRAME n=1710 fps=29.41 plate=（未检测到） split=1|0
09-18 16:32:12.344 35153 35153 I A0D001/com.shusen.lprdemo/LprCamera: STAGE n=1710 conv=3.2025 infer=26.6272 count=0 stages=-
09-18 16:32:13.625 35153 35153 I A0D001/com.shusen.lprdemo/LprCamera: FRAME n=1740 fps=34.48 plate=（未检测到） split=1|0
09-18 16:32:13.686 35153 35153 I A0D001/com.shusen.lprdemo/LprCamera: STAGE n=1740 conv=5.8339 infer=32.2339 count=0 stages=-
09-18 16:32:15.313 35153 35153 I A0D001/com.shusen.lprdemo/LprCamera: FRAME n=1770 fps=27.78 plate=（未检测到） split=1|0
09-18 16:32:15.340 35153 35153 I A0D001/com.shusen.lprdemo/LprCamera: STAGE n=1770 conv=2.0302 infer=20.2180 count=0 stages=-
09-18 16:32:17.225 35153 35153 I A0D001/com.shusen.lprdemo/LprCamera: FRAME n=1800 fps=23.81 plate=（未检测到） split=1|1
09-18 16:32:17.256 35153 35153 I A0D001/com.shusen.lprdemo/LprCamera: STAGE n=1800 conv=3.7767 infer=20.8566 count=0 stages=-
09-18 16:32:18.588 35153 35153 I A0D001/com.shusen.lprdemo/LprCamera: FRAME n=1830 fps=31.25 plate=（未检测到） split=1|0
09-18 16:32:18.649 35153 35153 I A0D001/com.shusen.lprdemo/LprCamera: STAGE n=1830 conv=6.5742 infer=33.6689 count=0 stages=-
09-18 16:32:20.346 35153 35153 I A0D001/com.shusen.lprdemo/LprCamera: FRAME n=1860 fps=27.03 plate=（未检测到） split=1|0
09-18 16:32:20.368 35153 35153 I A0D001/com.shusen.lprdemo/LprCamera: STAGE n=1860 conv=2.6253 infer=15.7602 count=0 stages=-
09-18 16:32:21.643 35153 35153 I A0D001/com.shusen.lprdemo/LprCamera: FRAME n=1890 fps=34.48 plate=（未检测到） split=1|0
09-18 16:32:21.731 35153 35153 I A0D001/com.shusen.lprdemo/LprCamera: STAGE n=1890 conv=8.7838 infer=34.2928 count=0 stages=-
09-18 16:32:23.093 35153 35153 I A0D001/com.shusen.lprdemo/LprCamera: FRAME n=1920 fps=32.26 plate=（未检测到） split=1|0
09-18 16:32:23.137 35153 35153 I A0D001/com.shusen.lprdemo/LprCamera: STAGE n=1920 conv=2.9683 infer=25.2600 count=0 stages=-
09-18 16:32:24.663 35153 35153 I A0D001/com.shusen.lprdemo/LprCamera: FRAME n=1950 fps=31.25 plate=（未检测到） split=2|0
09-18 16:32:24.705 35153 35153 I A0D001/com.shusen.lprdemo/LprCamera: STAGE n=1950 conv=2.4463 infer=22.5291 count=0 stages=-
09-18 16:32:26.343 35153 35153 I A0D001/com.shusen.lprdemo/LprCamera: FRAME n=1980 fps=30.30 plate=（未检测到） split=1|0
09-18 16:32:26.375 35153 35153 I A0D001/com.shusen.lprdemo/LprCamera: STAGE n=1980 conv=1.8697 infer=17.1120 count=0 stages=-
09-18 16:32:27.763 35153 35153 I A0D001/com.shusen.lprdemo/LprCamera: FRAME n=2010 fps=30.30 plate=（未检测到） split=1|1
09-18 16:32:27.790 35153 35153 I A0D001/com.shusen.lprdemo/LprCamera: STAGE n=2010 conv=2.4802 infer=18.8580 count=0 stages=-
09-18 16:32:29.394 35153 35153 I A0D001/com.shusen.lprdemo/LprCamera: FRAME n=2040 fps=30.30 plate=（未检测到） split=1|0
09-18 16:32:29.430 35153 35153 I A0D001/com.shusen.lprdemo/LprCamera: STAGE n=2040 conv=2.4478 infer=25.4648 count=0 stages=-
09-18 16:32:31.238 35153 35153 I A0D001/com.shusen.lprdemo/LprCamera: FRAME n=2070 fps=24.39 plate=（未检测到） split=1|0
09-18 16:32:31.314 35153 35153 I A0D001/com.shusen.lprdemo/LprCamera: STAGE n=2070 conv=9.1784 infer=33.1116 count=0 stages=-
09-18 16:32:32.755 35153 35153 I A0D001/com.shusen.lprdemo/LprCamera: FRAME n=2100 fps=30.30 plate=（未检测到） split=1|0
09-18 16:32:32.806 35153 35153 I A0D001/com.shusen.lprdemo/LprCamera: STAGE n=2100 conv=2.0719 infer=26.8572 count=0 stages=-
09-18 16:32:34.670 35153 35153 I A0D001/com.shusen.lprdemo/LprCamera: FRAME n=2130 fps=23.26 plate=（未检测到） split=0|1
09-18 16:32:34.714 35153 35153 I A0D001/com.shusen.lprdemo/LprCamera: STAGE n=2130 conv=2.7334 infer=24.8397 count=0 stages=-
09-18 16:32:36.503 35153 35153 I A0D001/com.shusen.lprdemo/LprCamera: FRAME n=2160 fps=26.32 plate=（未检测到） split=2|0
09-18 16:32:36.550 35153 35153 I A0D001/com.shusen.lprdemo/LprCamera: STAGE n=2160 conv=2.4908 infer=27.8644 count=0 stages=-
09-18 16:32:37.988 35153 35153 I A0D001/com.shusen.lprdemo/LprCamera: FRAME n=2190 fps=31.25 plate=（未检测到） split=1|0
09-18 16:32:38.073 35153 35153 I A0D001/com.shusen.lprdemo/LprCamera: STAGE n=2190 conv=3.1877 infer=49.0973 count=0 stages=-
09-18 16:32:39.829 35153 35153 I A0D001/com.shusen.lprdemo/LprCamera: FRAME n=2220 fps=28.57 plate=（未检测到） split=1|0
09-18 16:32:39.893 35153 35153 I A0D001/com.shusen.lprdemo/LprCamera: STAGE n=2220 conv=6.4311 infer=37.9975 count=0 stages=-
09-18 16:32:41.333 35153 35153 I A0D001/com.shusen.lprdemo/LprCamera: FRAME n=2250 fps=33.33 plate=（未检测到） split=1|0
09-18 16:32:41.388 35153 35153 I A0D001/com.shusen.lprdemo/LprCamera: STAGE n=2250 conv=2.6830 infer=25.8245 count=0 stages=-
09-18 16:32:42.959 35153 35153 I A0D001/com.shusen.lprdemo/LprCamera: FRAME n=2280 fps=29.41 plate=（未检测到） split=1|0
09-18 16:32:43.013 35153 35153 I A0D001/com.shusen.lprdemo/LprCamera: STAGE n=2280 conv=2.8169 infer=27.4058 count=0 stages=-
09-18 16:32:44.567 35153 35153 I A0D001/com.shusen.lprdemo/LprCamera: FRAME n=2310 fps=30.30 plate=（未检测到） split=3|1
09-18 16:32:44.665 35153 35153 I A0D001/com.shusen.lprdemo/LprCamera: STAGE n=2310 conv=8.2859 infer=54.9750 count=0 stages=-
09-18 16:32:46.300 35153 35153 I A0D001/com.shusen.lprdemo/LprCamera: FRAME n=2340 fps=27.03 plate=（未检测到） split=1|1
09-18 16:32:46.338 35153 35153 I A0D001/com.shusen.lprdemo/LprCamera: STAGE n=2340 conv=2.0855 infer=20.9103 count=0 stages=-
09-18 16:32:47.887 35153 35153 I A0D001/com.shusen.lprdemo/LprCamera: FRAME n=2370 fps=32.26 plate=（未检测到） split=1|0
09-18 16:32:47.970 35153 35153 I A0D001/com.shusen.lprdemo/LprCamera: STAGE n=2370 conv=8.7148 infer=33.6866 count=0 stages=-
09-18 16:32:49.418 35153 35153 I A0D001/com.shusen.lprdemo/LprCamera: FRAME n=2400 fps=29.41 plate=（未检测到） split=0|1
09-18 16:32:49.466 35153 35153 I A0D001/com.shusen.lprdemo/LprCamera: STAGE n=2400 conv=3.5916 infer=31.0967 count=0 stages=-
09-18 16:32:51.223 35153 35153 I A0D001/com.shusen.lprdemo/LprCamera: FRAME n=2430 fps=26.32 plate=（未检测到） split=1|1
09-18 16:32:51.252 35153 35153 I A0D001/com.shusen.lprdemo/LprCamera: STAGE n=2430 conv=2.4298 infer=22.1748 count=0 stages=-
09-18 16:32:52.797 35153 35153 I A0D001/com.shusen.lprdemo/LprCamera: FRAME n=2460 fps=30.30 plate=（未检测到） split=0|1
09-18 16:32:52.828 35153 35153 I A0D001/com.shusen.lprdemo/LprCamera: STAGE n=2460 conv=2.1572 infer=22.9877 count=0 stages=-
09-18 16:32:54.299 35153 35153 I A0D001/com.shusen.lprdemo/LprCamera: FRAME n=2490 fps=32.26 plate=（未检测到） split=1|0
09-18 16:32:54.340 35153 35153 I A0D001/com.shusen.lprdemo/LprCamera: STAGE n=2490 conv=3.0911 infer=28.9567 count=0 stages=-
09-18 16:32:55.816 35153 35153 I A0D001/com.shusen.lprdemo/LprCamera: FRAME n=2520 fps=29.41 plate=（未检测到） split=2|0
09-18 16:32:55.880 35153 35153 I A0D001/com.shusen.lprdemo/LprCamera: STAGE n=2520 conv=3.1728 infer=35.5855 count=0 stages=-
09-18 16:32:57.462 35153 35153 I A0D001/com.shusen.lprdemo/LprCamera: FRAME n=2550 fps=28.57 plate=（未检测到） split=1|0
09-18 16:32:57.496 35153 35153 I A0D001/com.shusen.lprdemo/LprCamera: STAGE n=2550 conv=2.4439 infer=24.0480 count=0 stages=-
09-18 16:32:58.990 35153 35153 I A0D001/com.shusen.lprdemo/LprCamera: FRAME n=2580 fps=30.30 plate=（未检测到） split=1|0
09-18 16:32:59.051 35153 35153 I A0D001/com.shusen.lprdemo/LprCamera: STAGE n=2580 conv=4.7423 infer=32.6330 count=0 stages=-
09-18 16:33:00.457 35153 35153 I A0D001/com.shusen.lprdemo/LprCamera: FRAME n=2610 fps=33.33 plate=（未检测到） split=1|0
09-18 16:33:00.496 35153 35153 I A0D001/com.shusen.lprdemo/LprCamera: STAGE n=2610 conv=2.4819 infer=25.2675 count=0 stages=-
09-18 16:33:01.794 35153 35153 I A0D001/com.shusen.lprdemo/LprCamera: FRAME n=2640 fps=32.26 plate=（未检测到） split=1|0
09-18 16:33:01.821 35153 35153 I A0D001/com.shusen.lprdemo/LprCamera: STAGE n=2640 conv=2.1472 infer=20.2189 count=0 stages=-
09-18 16:33:03.372 35153 35153 I A0D001/com.shusen.lprdemo/LprCamera: FRAME n=2670 fps=29.41 plate=（未检测到） split=1|1
09-18 16:33:03.415 35153 35153 I A0D001/com.shusen.lprdemo/LprCamera: STAGE n=2670 conv=2.1152 infer=27.1303 count=0 stages=-
09-18 16:33:05.093 35153 35153 I A0D001/com.shusen.lprdemo/LprCamera: FRAME n=2700 fps=25.64 plate=（未检测到） split=1|1
09-18 16:33:05.131 35153 35153 I A0D001/com.shusen.lprdemo/LprCamera: STAGE n=2700 conv=2.6566 infer=28.5098 count=0 stages=-
09-18 16:33:06.966 35153 35153 I A0D001/com.shusen.lprdemo/LprCamera: FRAME n=2730 fps=23.81 plate=（未检测到） split=1|0
09-18 16:33:07.071 35153 35153 I A0D001/com.shusen.lprdemo/LprCamera: STAGE n=2730 conv=8.6725 infer=46.4906 count=0 stages=-
09-18 16:33:08.547 35153 35153 I A0D001/com.shusen.lprdemo/LprCamera: FRAME n=2760 fps=28.57 plate=（未检测到） split=1|0
09-18 16:33:08.576 35153 35153 I A0D001/com.shusen.lprdemo/LprCamera: STAGE n=2760 conv=2.1225 infer=21.0792 count=0 stages=-
09-18 16:33:10.477 35153 35153 I A0D001/com.shusen.lprdemo/LprCamera: FRAME n=2790 fps=22.22 plate=（未检测到） split=1|0
09-18 16:33:10.570 35153 35153 I A0D001/com.shusen.lprdemo/LprCamera: STAGE n=2790 conv=8.6675 infer=48.4880 count=0 stages=-
09-18 16:33:11.907 35153 35153 I A0D001/com.shusen.lprdemo/LprCamera: FRAME n=2820 fps=31.25 plate=（未检测到） split=1|0
09-18 16:33:11.948 35153 35153 I A0D001/com.shusen.lprdemo/LprCamera: STAGE n=2820 conv=1.9944 infer=23.1272 count=0 stages=-
09-18 16:33:13.724 35153 35153 I A0D001/com.shusen.lprdemo/LprCamera: FRAME n=2850 fps=26.32 plate=（未检测到） split=1|0
09-18 16:33:13.810 35153 35153 I A0D001/com.shusen.lprdemo/LprCamera: STAGE n=2850 conv=8.5037 infer=41.5823 count=0 stages=-
09-18 16:33:15.400 35153 35153 I A0D001/com.shusen.lprdemo/LprCamera: FRAME n=2880 fps=28.57 plate=（未检测到） split=2|0
09-18 16:33:15.477 35153 35153 I A0D001/com.shusen.lprdemo/LprCamera: STAGE n=2880 conv=9.1228 infer=33.8134 count=0 stages=-
09-18 16:33:17.235 35153 35153 I A0D001/com.shusen.lprdemo/LprCamera: FRAME n=2910 fps=26.32 plate=（未检测到） split=2|0
09-18 16:33:17.292 35153 35153 I A0D001/com.shusen.lprdemo/LprCamera: STAGE n=2910 conv=2.6969 infer=34.0458 count=0 stages=-
09-18 16:33:19.468 35153 35153 I A0D001/com.shusen.lprdemo/LprCamera: FRAME n=2940 fps=21.74 plate=（未检测到） split=1|1
09-18 16:33:19.570 35153 35153 I A0D001/com.shusen.lprdemo/LprCamera: STAGE n=2940 conv=6.0598 infer=54.4762 count=0 stages=-
09-18 16:33:21.553 35153 35153 I A0D001/com.shusen.lprdemo/LprCamera: FRAME n=2970 fps=22.73 plate=（未检测到） split=2|0
09-18 16:33:21.632 35153 35153 I A0D001/com.shusen.lprdemo/LprCamera: STAGE n=2970 conv=7.0552 infer=33.4539 count=0 stages=-
09-18 16:33:23.472 35153 35153 I A0D001/com.shusen.lprdemo/LprCamera: FRAME n=3000 fps=24.39 plate=（未检测到） split=1|1
09-18 16:33:23.567 35153 35153 I A0D001/com.shusen.lprdemo/LprCamera: STAGE n=3000 conv=8.6528 infer=47.7262 count=0 stages=-
09-18 16:33:25.222 35153 35153 I A0D001/com.shusen.lprdemo/LprCamera: FRAME n=3030 fps=26.32 plate=（未检测到） split=1|0
09-18 16:33:25.312 35153 35153 I A0D001/com.shusen.lprdemo/LprCamera: STAGE n=3030 conv=8.8056 infer=41.3325 count=0 stages=-
09-18 16:33:27.174 35153 35153 I A0D001/com.shusen.lprdemo/LprCamera: FRAME n=3060 fps=23.81 plate=（未检测到） split=0|1
09-18 16:33:27.257 35153 35153 I A0D001/com.shusen.lprdemo/LprCamera: STAGE n=3060 conv=4.2409 infer=42.2180 count=0 stages=-
09-18 16:33:28.754 35153 35153 I A0D001/com.shusen.lprdemo/LprCamera: FRAME n=3090 fps=30.30 plate=（未检测到） split=2|1
09-18 16:33:28.789 35153 35153 I A0D001/com.shusen.lprdemo/LprCamera: STAGE n=3090 conv=2.1042 infer=21.5239 count=0 stages=-
09-18 16:33:30.155 35153 35153 I A0D001/com.shusen.lprdemo/LprCamera: FRAME n=3120 fps=31.25 plate=（未检测到） split=1|0
09-18 16:33:30.204 35153 35153 I A0D001/com.shusen.lprdemo/LprCamera: STAGE n=3120 conv=4.0895 infer=25.7983 count=0 stages=-
09-18 16:33:31.908 35153 35153 I A0D001/com.shusen.lprdemo/LprCamera: FRAME n=3150 fps=27.78 plate=（未检测到） split=0|1
09-18 16:33:31.947 35153 35153 I A0D001/com.shusen.lprdemo/LprCamera: STAGE n=3150 conv=2.2503 infer=23.2133 count=0 stages=-
09-18 16:33:34.044 35153 35153 I A0D001/com.shusen.lprdemo/LprCamera: FRAME n=3180 fps=20.83 plate=（未检测到） split=1|1
09-18 16:33:34.074 35153 35153 I A0D001/com.shusen.lprdemo/LprCamera: STAGE n=3180 conv=2.1467 infer=19.2047 count=0 stages=-
09-18 16:33:35.873 35153 35153 I A0D001/com.shusen.lprdemo/LprCamera: FRAME n=3210 fps=27.03 plate=（未检测到） split=1|0
09-18 16:33:35.901 35153 35153 I A0D001/com.shusen.lprdemo/LprCamera: STAGE n=3210 conv=2.6778 infer=22.3050 count=0 stages=-
09-18 16:33:37.524 35153 35153 I A0D001/com.shusen.lprdemo/LprCamera: FRAME n=3240 fps=27.78 plate=（未检测到） split=1|1
09-18 16:33:37.573 35153 35153 I A0D001/com.shusen.lprdemo/LprCamera: STAGE n=3240 conv=2.0884 infer=30.0886 count=0 stages=-
09-18 16:33:39.372 35153 35153 I A0D001/com.shusen.lprdemo/LprCamera: FRAME n=3270 fps=25.64 plate=（未检测到） split=1|0
09-18 16:33:39.407 35153 35153 I A0D001/com.shusen.lprdemo/LprCamera: STAGE n=3270 conv=2.5586 infer=28.0175 count=0 stages=-
09-18 16:33:41.010 35153 35153 I A0D001/com.shusen.lprdemo/LprCamera: FRAME n=3300 fps=27.78 plate=（未检测到） split=1|0
09-18 16:33:41.071 35153 35153 I A0D001/com.shusen.lprdemo/LprCamera: STAGE n=3300 conv=3.2200 infer=29.6486 count=0 stages=-
09-18 16:33:43.037 35153 35153 I A0D001/com.shusen.lprdemo/LprCamera: FRAME n=3330 fps=22.22 plate=（未检测到） split=1|0
09-18 16:33:43.077 35153 35153 I A0D001/com.shusen.lprdemo/LprCamera: STAGE n=3330 conv=2.9403 infer=24.0920 count=0 stages=-
09-18 16:33:44.810 35153 35153 I A0D001/com.shusen.lprdemo/LprCamera: FRAME n=3360 fps=28.57 plate=（未检测到） split=2|0
09-18 16:33:44.897 35153 35153 I A0D001/com.shusen.lprdemo/LprCamera: STAGE n=3360 conv=6.6325 infer=55.3852 count=0 stages=-
09-18 16:33:46.580 35153 35153 I A0D001/com.shusen.lprdemo/LprCamera: FRAME n=3390 fps=27.78 plate=（未检测到） split=6|0
09-18 16:33:46.615 35153 35153 I A0D001/com.shusen.lprdemo/LprCamera: STAGE n=3390 conv=3.1922 infer=27.0672 count=0 stages=-
09-18 16:33:57.151 37413 37413 I A0D001/com.shusen.lprdemo/LprCamera: CAMPERM auth=0
09-18 16:33:57.154 37413 37413 I A0D001/com.shusen.lprdemo/LprCamera: SURFACE 6850472852235
09-18 16:33:57.537 37413 37413 I A0D001/com.shusen.lprdemo/LprCamera: GEAR 0 LOADED det=CPU rec=NNRT:NPU_ohos.boot.hardware.kirin8020_v2_0 cls=CPU
09-18 16:33:57.559 37413 37413 I A0D001/com.shusen.lprdemo/LprCamera: PROFILES[0] 480x480/1003 640x480/1003 720x720/1003 864x480/1003 960x720/1003 960x960/1003 1024x768/1003 1080x1080/1003 1088x480/1003 1088x1088/1003 1280x720/1003 1280x960/1003 1440x1080/1003 1440x1440/1003 1536x864/1003 1664x736/1003 1920x864/1003 1920x1080/1003 1920x1440/1003 2160x2160/1003 2304x2304/1003 2448x1080/1003 2560x1080/1003 2560x1440/1003 
09-18 16:33:57.637 37413 37413 I A0D001/com.shusen.lprdemo/LprCamera: STREAM START show=960x960 analyze=640x480 rot=90
09-18 16:33:58.109 37413 37413 I A0D001/com.shusen.lprdemo/LprCamera: STAGE n=0 conv=2.2286 infer=21.3477 count=0 stages=-
09-18 16:33:58.109 37413 37413 I A0D001/com.shusen.lprdemo/LprCamera: FIRST FRAME kind=NV21 decode=1 infer=24 rot=90
09-18 16:33:59.520 37413 37413 I A0D001/com.shusen.lprdemo/LprCamera: FRAME n=30 fps=34.48 plate=（未检测到） split=0|0
09-18 16:33:59.571 37413 37413 I A0D001/com.shusen.lprdemo/LprCamera: STAGE n=30 conv=2.2069 infer=20.2200 count=0 stages=-
09-18 16:34:01.834 37413 37413 I A0D001/com.shusen.lprdemo/LprCamera: FRAME n=60 fps=19.61 plate=（未检测到） split=0|1
09-18 16:34:01.885 37413 37413 I A0D001/com.shusen.lprdemo/LprCamera: STAGE n=60 conv=3.8064 infer=31.6475 count=0 stages=-
09-18 16:34:03.379 37413 37413 I A0D001/com.shusen.lprdemo/LprCamera: FRAME n=90 fps=27.78 plate=（未检测到） split=0|1
09-18 16:34:03.415 37413 37413 I A0D001/com.shusen.lprdemo/LprCamera: STAGE n=90 conv=1.7763 infer=18.5677 count=0 stages=-
09-18 16:34:05.147 37413 37413 I A0D001/com.shusen.lprdemo/LprCamera: FRAME n=120 fps=25.64 plate=（未检测到） split=1|0
09-18 16:34:05.172 37413 37413 I A0D001/com.shusen.lprdemo/LprCamera: STAGE n=120 conv=1.9564 infer=19.8112 count=0 stages=-
09-18 16:34:05.582 37413 37413 I A0D001/com.shusen.lprdemo/LprCamera: STAGE n=0 conv=3.7545 infer=31.0323 count=0 stages=-
09-18 16:34:05.876 37413 37413 I A0D001/com.shusen.lprdemo/LprCamera: GEAR 1 LOADED det=NNRT:NPU_ohos.boot.hardware.kirin8020_v2_0 rec=NNRT:NPU_ohos.boot.hardware.kirin8020_v2_0 cls=CPU
09-18 16:34:07.308 37413 37413 I A0D001/com.shusen.lprdemo/LprCamera: FRAME n=30 fps=41.67 plate=（未检测到） split=1|0
09-18 16:34:07.371 37413 37413 I A0D001/com.shusen.lprdemo/LprCamera: STAGE n=30 conv=8.4908 infer=14.2886 count=0 stages=-
09-18 16:34:08.808 37413 37413 I A0D001/com.shusen.lprdemo/LprCamera: FRAME n=60 fps=40.00 plate=（未检测到） split=2|1
09-18 16:34:08.868 37413 37413 I A0D001/com.shusen.lprdemo/LprCamera: STAGE n=60 conv=3.9766 infer=11.9248 count=0 stages=-
09-18 16:34:10.305 37413 37413 I A0D001/com.shusen.lprdemo/LprCamera: FRAME n=90 fps=58.82 plate=（未检测到） split=0|0
09-18 16:34:10.360 37413 37413 I A0D001/com.shusen.lprdemo/LprCamera: STAGE n=90 conv=3.8933 infer=14.9966 count=0 stages=-
09-18 16:34:11.819 37413 37413 I A0D001/com.shusen.lprdemo/LprCamera: FRAME n=120 fps=47.62 plate=（未检测到） split=1|0
09-18 16:34:11.871 37413 37413 I A0D001/com.shusen.lprdemo/LprCamera: STAGE n=120 conv=8.5275 infer=15.7613 count=0 stages=-
09-18 16:34:13.317 37413 37413 I A0D001/com.shusen.lprdemo/LprCamera: FRAME n=150 fps=38.46 plate=（未检测到） split=1|0
09-18 16:34:13.369 37413 37413 I A0D001/com.shusen.lprdemo/LprCamera: STAGE n=150 conv=8.5203 infer=14.2309 count=0 stages=-
09-18 16:34:14.816 37413 37413 I A0D001/com.shusen.lprdemo/LprCamera: FRAME n=180 fps=40.00 plate=（未检测到） split=1|0
09-18 16:34:14.878 37413 37413 I A0D001/com.shusen.lprdemo/LprCamera: STAGE n=180 conv=8.6927 infer=19.4602 count=0 stages=-
09-18 16:34:16.306 37413 37413 I A0D001/com.shusen.lprdemo/LprCamera: FRAME n=210 fps=38.46 plate=（未检测到） split=0|0
09-18 16:34:16.374 37413 37413 I A0D001/com.shusen.lprdemo/LprCamera: STAGE n=210 conv=8.5528 infer=14.9466 count=0 stages=-
09-18 16:34:17.821 37413 37413 I A0D001/com.shusen.lprdemo/LprCamera: FRAME n=240 fps=40.00 plate=（未检测到） split=1|0
09-18 16:34:17.879 37413 37413 I A0D001/com.shusen.lprdemo/LprCamera: STAGE n=240 conv=8.8562 infer=17.6592 count=0 stages=-
09-18 16:34:19.323 37413 37413 I A0D001/com.shusen.lprdemo/LprCamera: FRAME n=270 fps=40.00 plate=（未检测到） split=0|0
09-18 16:34:19.373 37413 37413 I A0D001/com.shusen.lprdemo/LprCamera: STAGE n=270 conv=12.7445 infer=17.9436 count=0 stages=-
09-18 16:34:20.821 37413 37413 I A0D001/com.shusen.lprdemo/LprCamera: FRAME n=300 fps=38.46 plate=（未检测到） split=1|0
09-18 16:34:20.873 37413 37413 I A0D001/com.shusen.lprdemo/LprCamera: STAGE n=300 conv=8.6184 infer=15.9247 count=0 stages=-
09-18 16:34:22.324 37413 37413 I A0D001/com.shusen.lprdemo/LprCamera: FRAME n=330 fps=38.46 plate=（未检测到） split=2|0
09-18 16:34:22.370 37413 37413 I A0D001/com.shusen.lprdemo/LprCamera: STAGE n=330 conv=8.6314 infer=14.5448 count=0 stages=-
09-18 16:34:23.822 37413 37413 I A0D001/com.shusen.lprdemo/LprCamera: FRAME n=360 fps=38.46 plate=（未检测到） split=1|0
09-18 16:34:23.871 37413 37413 I A0D001/com.shusen.lprdemo/LprCamera: STAGE n=360 conv=8.6850 infer=14.2441 count=0 stages=-
09-18 16:34:25.324 37413 37413 I A0D001/com.shusen.lprdemo/LprCamera: FRAME n=390 fps=38.46 plate=（未检测到） split=0|1
09-18 16:34:25.374 37413 37413 I A0D001/com.shusen.lprdemo/LprCamera: STAGE n=390 conv=8.5111 infer=15.2862 count=0 stages=-
09-18 16:34:26.819 37413 37413 I A0D001/com.shusen.lprdemo/LprCamera: FRAME n=420 fps=38.46 plate=（未检测到） split=1|0
09-18 16:34:26.877 37413 37413 I A0D001/com.shusen.lprdemo/LprCamera: STAGE n=420 conv=8.6595 infer=16.6148 count=0 stages=-
09-18 16:34:28.316 37413 37413 I A0D001/com.shusen.lprdemo/LprCamera: FRAME n=450 fps=37.04 plate=（未检测到） split=0|1
09-18 16:34:28.376 37413 37413 I A0D001/com.shusen.lprdemo/LprCamera: STAGE n=450 conv=8.5325 infer=18.1347 count=0 stages=-
09-18 16:34:29.821 37413 37413 I A0D001/com.shusen.lprdemo/LprCamera: FRAME n=480 fps=38.46 plate=（未检测到） split=0|1
09-18 16:34:29.868 37413 37413 I A0D001/com.shusen.lprdemo/LprCamera: STAGE n=480 conv=8.5080 infer=14.8672 count=0 stages=-
09-18 16:34:31.325 37413 37413 I A0D001/com.shusen.lprdemo/LprCamera: FRAME n=510 fps=38.46 plate=（未检测到） split=1|0
09-18 16:34:31.373 37413 37413 I A0D001/com.shusen.lprdemo/LprCamera: STAGE n=510 conv=8.5325 infer=14.6948 count=0 stages=-
09-18 16:34:32.822 37413 37413 I A0D001/com.shusen.lprdemo/LprCamera: FRAME n=540 fps=38.46 plate=（未检测到） split=1|0
09-18 16:34:32.882 37413 37413 I A0D001/com.shusen.lprdemo/LprCamera: STAGE n=540 conv=8.7342 infer=15.4666 count=0 stages=-
09-18 16:34:34.319 37413 37413 I A0D001/com.shusen.lprdemo/LprCamera: FRAME n=570 fps=40.00 plate=（未检测到） split=1|0
09-18 16:34:34.373 37413 37413 I A0D001/com.shusen.lprdemo/LprCamera: STAGE n=570 conv=8.6811 infer=16.8194 count=0 stages=-
09-18 16:34:35.815 37413 37413 I A0D001/com.shusen.lprdemo/LprCamera: FRAME n=600 fps=38.46 plate=（未检测到） split=1|0
09-18 16:34:35.879 37413 37413 I A0D001/com.shusen.lprdemo/LprCamera: STAGE n=600 conv=8.8002 infer=19.0397 count=0 stages=-
09-18 16:34:37.322 37413 37413 I A0D001/com.shusen.lprdemo/LprCamera: FRAME n=630 fps=38.46 plate=（未检测到） split=0|1
09-18 16:34:37.373 37413 37413 I A0D001/com.shusen.lprdemo/LprCamera: STAGE n=630 conv=8.7711 infer=15.3072 count=0 stages=-
09-18 16:34:38.811 37413 37413 I A0D001/com.shusen.lprdemo/LprCamera: FRAME n=660 fps=40.00 plate=（未检测到） split=1|0
09-18 16:34:38.874 37413 37413 I A0D001/com.shusen.lprdemo/LprCamera: STAGE n=660 conv=8.5137 infer=15.3464 count=0 stages=-
09-18 16:34:40.308 37413 37413 I A0D001/com.shusen.lprdemo/LprCamera: FRAME n=690 fps=38.46 plate=（未检测到） split=1|0
09-18 16:34:40.371 37413 37413 I A0D001/com.shusen.lprdemo/LprCamera: STAGE n=690 conv=8.5537 infer=14.0383 count=0 stages=-
09-18 16:34:41.819 37413 37413 I A0D001/com.shusen.lprdemo/LprCamera: FRAME n=720 fps=38.46 plate=（未检测到） split=1|0
09-18 16:34:41.878 37413 37413 I A0D001/com.shusen.lprdemo/LprCamera: STAGE n=720 conv=8.8086 infer=19.7280 count=0 stages=-
09-18 16:34:43.321 37413 37413 I A0D001/com.shusen.lprdemo/LprCamera: FRAME n=750 fps=38.46 plate=（未检测到） split=1|0
09-18 16:34:43.370 37413 37413 I A0D001/com.shusen.lprdemo/LprCamera: STAGE n=750 conv=8.6969 infer=15.2703 count=0 stages=-
09-18 16:34:44.822 37413 37413 I A0D001/com.shusen.lprdemo/LprCamera: FRAME n=780 fps=38.46 plate=（未检测到） split=0|1
09-18 16:34:44.866 37413 37413 I A0D001/com.shusen.lprdemo/LprCamera: STAGE n=780 conv=4.7720 infer=10.0089 count=0 stages=-
09-18 16:34:46.307 37413 37413 I A0D001/com.shusen.lprdemo/LprCamera: FRAME n=810 fps=58.82 plate=（未检测到） split=1|0
09-18 16:34:46.359 37413 37413 I A0D001/com.shusen.lprdemo/LprCamera: STAGE n=810 conv=4.3086 infer=13.3114 count=0 stages=-
09-18 16:34:47.813 37413 37413 I A0D001/com.shusen.lprdemo/LprCamera: FRAME n=840 fps=62.50 plate=（未检测到） split=1|0
09-18 16:34:47.860 37413 37413 I A0D001/com.shusen.lprdemo/LprCamera: STAGE n=840 conv=4.3631 infer=13.1270 count=0 stages=-
