E2EMATRIX RESULT role=rec backend=nnrt_fp32 LANDED=NNRT:NPU_ohos.boot.hardware.kirin8020_v2_0#fp32 engine=ms req=nnrt_fp32 fallback= rep=0 match=1 code=苏ED5172 total=52.3202 stages=45.9797|1.9891|3.3236|1.0167 trail=NNRT:NPU_ohos.boot.hardware.kirin8020_v2_0#fp32(ok)
E2EMATRIX RESULT role=rec backend=nnrt_fp32 LANDED=NNRT:NPU_ohos.boot.hardware.kirin8020_v2_0#fp32 engine=ms req=nnrt_fp32 fallback= rep=1 match=1 code=苏ED5172 total=36.3870 stages=30.0564|1.8631|3.3370|1.1156 trail=NNRT:NPU_ohos.boot.hardware.kirin8020_v2_0#fp32(ok)
E2EMATRIX RESULT role=rec backend=nnrt_fp32 LANDED=NNRT:NPU_ohos.boot.hardware.kirin8020_v2_0#fp32 engine=ms req=nnrt_fp32 fallback= rep=2 match=1 code=苏ED5172 total=38.2809 stages=31.3989|2.2070|3.4256|1.2386 trail=NNRT:NPU_ohos.boot.hardware.kirin8020_v2_0#fp32(ok)
E2EMATRIX LOAD role=rec backend=nnrt_fp16 ok=1;id=10;cached=0;name=models/rpv3_mdict_160_r3.ms;backend=NNRT:NPU_ohos.boot.hardware.kirin8020_v2_0;requested=nnrt_fp16;fallbackFrom=;attemptLog=NNRT:NPU_ohos.boot.hardware.kirin8020_v2_0(ok);inputName=data;outputName=output;inputShape=[1,48,160,3];outputShape=[1,20,78];inputFormat=NHWC;outputFormat=NHWC;inputElems=23040;outputElems=1560;error=
E2EMATRIX RESULT role=rec backend=nnrt_fp16 LANDED=NNRT:NPU_ohos.boot.hardware.kirin8020_v2_0 engine=ms req=nnrt_fp16 fallback= rep=0 match=1 code=苏ED5172 total=40.8616 stages=34.8289|1.7189|3.2878|1.0175 trail=NNRT:NPU_ohos.boot.hardware.kirin8020_v2_0(ok)
E2EMATRIX RESULT role=rec backend=nnrt_fp16 LANDED=NNRT:NPU_ohos.boot.hardware.kirin8020_v2_0 engine=ms req=nnrt_fp16 fallback= rep=1 match=1 code=苏ED5172 total=36.5223 stages=30.6517|1.5998|3.3205|0.9375 trail=NNRT:NPU_ohos.boot.hardware.kirin8020_v2_0(ok)
E2EMATRIX RESULT role=rec backend=nnrt_fp16 LANDED=NNRT:NPU_ohos.boot.hardware.kirin8020_v2_0 engine=ms req=nnrt_fp16 fallback= rep=2 match=1 code=苏ED5172 total=38.0330 stages=32.3050|1.3358|3.2192|1.1627 trail=NNRT:NPU_ohos.boot.hardware.kirin8020_v2_0(ok)
E2EMATRIX LOAD role=rec backend=gpu ok=1;id=11;cached=0;name=models/rpv3_mdict_160_r3.ms;backend=CPU;requested=gpu;fallbackFrom=GPU:fp16;attemptLog=GPU:fp16(fail) GPU:fp32(fail) CPU(ok);inputName=data;outputName=output;inputShape=[1,48,160,3];outputShape=[1,20,78];inputFormat=NHWC;outputFormat=NHWC;inputElems=23040;outputElems=1560;error=
E2EMATRIX RESULT role=rec backend=gpu LANDED=CPU engine=ms req=gpu fallback=GPU:fp16 rep=0 match=1 code=苏ED5172 total=52.5966 stages=33.5111|1.5981|16.3073|1.1648 trail=GPU:fp16(fail) GPU:fp32(fail) CPU(ok)
E2EMATRIX RESULT role=rec backend=gpu LANDED=CPU engine=ms req=gpu fallback=GPU:fp16 rep=1 match=1 code=苏ED5172 total=51.2964 stages=30.6823|2.2083|17.2437|1.1481 trail=GPU:fp16(fail) GPU:fp32(fail) CPU(ok)
E2EMATRIX RESULT role=rec backend=gpu LANDED=CPU engine=ms req=gpu fallback=GPU:fp16 rep=2 match=1 code=苏ED5172 total=59.8281 stages=39.4798|1.8228|17.2091|1.3003 trail=GPU:fp16(fail) GPU:fp32(fail) CPU(ok)
E2EMATRIX LOAD role=rec backend=kirin ok=1;id=12;cached=0;name=models/rpv3_mdict_160_r3.ms;backend=CPU;requested=kirin;fallbackFrom=KIRIN_NPU;attemptLog=KIRIN_NPU(fail) CPU(ok);inputName=data;outputName=output;inputShape=[1,48,160,3];outputShape=[1,20,78];inputFormat=NHWC;outputFormat=NHWC;inputElems=23040;outputElems=1560;error=
E2EMATRIX RESULT role=rec backend=kirin LANDED=CPU engine=ms req=kirin fallback=KIRIN_NPU rep=0 match=1 code=苏ED5172 total=66.2700 stages=42.1284|2.1831|20.7578|1.1844 trail=KIRIN_NPU(fail) CPU(ok)
E2EMATRIX RESULT role=rec backend=kirin LANDED=CPU engine=ms req=kirin fallback=KIRIN_NPU rep=1 match=1 code=苏ED5172 total=57.5222 stages=38.4472|1.8537|16.1859|1.0225 trail=KIRIN_NPU(fail) CPU(ok)
E2EMATRIX RESULT role=rec backend=kirin LANDED=CPU engine=ms req=kirin fallback=KIRIN_NPU rep=2 match=1 code=苏ED5172 total=65.3091 stages=46.3916|1.7881|16.0370|1.0778 trail=KIRIN_NPU(fail) CPU(ok)
E2EMATRIX LOAD role=cls backend=cpu ok=1;id=2;cached=1;name=models/litemodel_cls_96x_r1.ms;backend=CPU;requested=cpu;fallbackFrom=;attemptLog=CPU(ok);inputName=data;outputName=output;inputShape=[1,96,96,3];outputShape=[1,3];inputFormat=NHWC;outputFormat=NCHW;inputElems=27648;outputElems=3;error=
E2EMATRIX RESULT role=cls backend=cpu LANDED=CPU engine=ms req=cpu fallback= rep=0 match=1 code=苏ED5172 total=38.1398 stages=31.8944|1.8012|3.3830|1.0480 trail=CPU(ok)
E2EMATRIX RESULT role=cls backend=cpu LANDED=CPU engine=ms req=cpu fallback= rep=1 match=1 code=苏ED5172 total=34.1928 stages=28.1286|1.7250|3.3378|0.9925 trail=CPU(ok)
E2EMATRIX RESULT role=cls backend=cpu LANDED=CPU engine=ms req=cpu fallback= rep=2 match=1 code=苏ED5172 total=32.8163 stages=26.2766|2.0336|3.4417|1.0539 trail=CPU(ok)
E2EMATRIX LOAD role=cls backend=nnrt ok=1;id=13;cached=0;name=models/litemodel_cls_96x_r1.ms;backend=CPU;requested=nnrt;fallbackFrom=NNRT:NPU_ohos.boot.hardware.kirin8020_v2_0#fp32;attemptLog=NNRT:NPU_ohos.boot.hardware.kirin8020_v2_0#fp32(fail) NNRT:HIAI_F#fp32(fail) CPU(ok);inputName=data;outputName=output;inputShape=[1,96,96,3];outputShape=[1,3];inputFormat=NHWC;outputFormat=NCHW;inputElems=27648;outputElems=3;error=
E2EMATRIX RESULT role=cls backend=nnrt LANDED=CPU engine=ms req=nnrt fallback=NNRT:NPU_ohos.boot.hardware.kirin8020_v2_0#fp32 rep=0 match=1 code=苏ED5172 total=40.5377 stages=33.5750|2.2378|3.4720|1.2375 trail=NNRT:NPU_ohos.boot.hardware.kirin8020_v2_0#fp32(fail) NNRT:HIAI_F#fp32(fail) CPU(ok)
E2EMATRIX RESULT role=cls backend=nnrt LANDED=CPU engine=ms req=nnrt fallback=NNRT:NPU_ohos.boot.hardware.kirin8020_v2_0#fp32 rep=1 match=1 code=苏ED5172 total=35.8516 stages=28.9744|2.2013|3.4366|1.2256 trail=NNRT:NPU_ohos.boot.hardware.kirin8020_v2_0#fp32(fail) NNRT:HIAI_F#fp32(fail) CPU(ok)
E2EMATRIX RESULT role=cls backend=nnrt LANDED=CPU engine=ms req=nnrt fallback=NNRT:NPU_ohos.boot.hardware.kirin8020_v2_0#fp32 rep=2 match=1 code=苏ED5172 total=35.5338 stages=28.6084|2.1692|3.4411|1.3016 trail=NNRT:NPU_ohos.boot.hardware.kirin8020_v2_0#fp32(fail) NNRT:HIAI_F#fp32(fail) CPU(ok)
E2EMATRIX LOAD role=cls backend=nnrt_fp32 ok=1;id=14;cached=0;name=models/litemodel_cls_96x_r1.ms;backend=CPU;requested=nnrt_fp32;fallbackFrom=NNRT:NPU_ohos.boot.hardware.kirin8020_v2_0#fp32;attemptLog=NNRT:NPU_ohos.boot.hardware.kirin8020_v2_0#fp32(fail) NNRT:HIAI_F#fp32(fail) CPU(ok);inputName=data;outputName=output;inputShape=[1,96,96,3];outputShape=[1,3];inputFormat=NHWC;outputFormat=NCHW;inputElems=27648;outputElems=3;error=
E2EMATRIX RESULT role=cls backend=nnrt_fp32 LANDED=CPU engine=ms req=nnrt_fp32 fallback=NNRT:NPU_ohos.boot.hardware.kirin8020_v2_0#fp32 rep=0 match=1 code=苏ED5172 total=42.9512 stages=36.3808|2.0502|3.3663|1.1403 trail=NNRT:NPU_ohos.boot.hardware.kirin8020_v2_0#fp32(fail) NNRT:HIAI_F#fp32(fail) CPU(ok)
E2EMATRIX RESULT role=cls backend=nnrt_fp32 LANDED=CPU engine=ms req=nnrt_fp32 fallback=NNRT:NPU_ohos.boot.hardware.kirin8020_v2_0#fp32 rep=1 match=1 code=苏ED5172 total=40.6478 stages=34.3605|1.5916|3.5477|1.1359 trail=NNRT:NPU_ohos.boot.hardware.kirin8020_v2_0#fp32(fail) NNRT:HIAI_F#fp32(fail) CPU(ok)
E2EMATRIX RESULT role=cls backend=nnrt_fp32 LANDED=CPU engine=ms req=nnrt_fp32 fallback=NNRT:NPU_ohos.boot.hardware.kirin8020_v2_0#fp32 rep=2 match=1 code=苏ED5172 total=36.2755 stages=29.9153|1.8063|3.4061|1.1363 trail=NNRT:NPU_ohos.boot.hardware.kirin8020_v2_0#fp32(fail) NNRT:HIAI_F#fp32(fail) CPU(ok)
E2EMATRIX LOAD role=cls backend=nnrt_fp16 ok=1;id=15;cached=0;name=models/litemodel_cls_96x_r1.ms;backend=CPU;requested=nnrt_fp16;fallbackFrom=NNRT:NPU_ohos.boot.hardware.kirin8020_v2_0;attemptLog=NNRT:NPU_ohos.boot.hardware.kirin8020_v2_0(fail) NNRT:HIAI_F(fail) CPU(ok);inputName=data;outputName=output;inputShape=[1,96,96,3];outputShape=[1,3];inputFormat=NHWC;outputFormat=NCHW;inputElems=27648;outputElems=3;error=
E2EMATRIX RESULT role=cls backend=nnrt_fp16 LANDED=CPU engine=ms req=nnrt_fp16 fallback=NNRT:NPU_ohos.boot.hardware.kirin8020_v2_0 rep=0 match=1 code=苏ED5172 total=46.0583 stages=39.3312|2.1727|3.3975|1.1430 trail=NNRT:NPU_ohos.boot.hardware.kirin8020_v2_0(fail) NNRT:HIAI_F(fail) CPU(ok)
E2EMATRIX RESULT role=cls backend=nnrt_fp16 LANDED=CPU engine=ms req=nnrt_fp16 fallback=NNRT:NPU_ohos.boot.hardware.kirin8020_v2_0 rep=1 match=1 code=苏ED5172 total=38.7241 stages=32.5430|1.7994|3.3716|0.9995 trail=NNRT:NPU_ohos.boot.hardware.kirin8020_v2_0(fail) NNRT:HIAI_F(fail) CPU(ok)
E2EMATRIX RESULT role=cls backend=nnrt_fp16 LANDED=CPU engine=ms req=nnrt_fp16 fallback=NNRT:NPU_ohos.boot.hardware.kirin8020_v2_0 rep=2 match=1 code=苏ED5172 total=36.9494 stages=29.6884|2.2280|3.7298|1.2856 trail=NNRT:NPU_ohos.boot.hardware.kirin8020_v2_0(fail) NNRT:HIAI_F(fail) CPU(ok)
E2EMATRIX LOAD role=cls backend=gpu ok=1;id=16;cached=0;name=models/litemodel_cls_96x_r1.ms;backend=CPU;requested=gpu;fallbackFrom=GPU:fp16;attemptLog=GPU:fp16(fail) GPU:fp32(fail) CPU(ok);inputName=data;outputName=output;inputShape=[1,96,96,3];outputShape=[1,3];inputFormat=NHWC;outputFormat=NCHW;inputElems=27648;outputElems=3;error=
E2EMATRIX RESULT role=cls backend=gpu LANDED=CPU engine=ms req=gpu fallback=GPU:fp16 rep=0 match=1 code=苏ED5172 total=39.0673 stages=32.2484|2.1895|3.4380|1.1748 trail=GPU:fp16(fail) GPU:fp32(fail) CPU(ok)
E2EMATRIX RESULT role=cls backend=gpu LANDED=CPU engine=ms req=gpu fallback=GPU:fp16 rep=1 match=1 code=苏ED5172 total=36.5702 stages=29.2477|2.7189|3.5500|1.0389 trail=GPU:fp16(fail) GPU:fp32(fail) CPU(ok)
E2EMATRIX RESULT role=cls backend=gpu LANDED=CPU engine=ms req=gpu fallback=GPU:fp16 rep=2 match=1 code=苏ED5172 total=39.6592 stages=32.5364|1.8833|3.4117|1.8100 trail=GPU:fp16(fail) GPU:fp32(fail) CPU(ok)
E2EMATRIX LOAD role=cls backend=kirin ok=1;id=17;cached=0;name=models/litemodel_cls_96x_r1.ms;backend=CPU;requested=kirin;fallbackFrom=KIRIN_NPU;attemptLog=KIRIN_NPU(fail) CPU(ok);inputName=data;outputName=output;inputShape=[1,96,96,3];outputShape=[1,3];inputFormat=NHWC;outputFormat=NCHW;inputElems=27648;outputElems=3;error=
E2EMATRIX RESULT role=cls backend=kirin LANDED=CPU engine=ms req=kirin fallback=KIRIN_NPU rep=0 match=1 code=苏ED5172 total=37.9681 stages=31.3195|1.6678|3.6844|1.2744 trail=KIRIN_NPU(fail) CPU(ok)
E2EMATRIX RESULT role=cls backend=kirin LANDED=CPU engine=ms req=kirin fallback=KIRIN_NPU rep=1 match=1 code=苏ED5172 total=36.3639 stages=30.0497|1.7095|3.4995|1.0906 trail=KIRIN_NPU(fail) CPU(ok)
E2EMATRIX RESULT role=cls backend=kirin LANDED=CPU engine=ms req=kirin fallback=KIRIN_NPU rep=2 match=1 code=苏ED5172 total=20.2314 stages=14.2750|1.6100|3.2833|1.0506 trail=KIRIN_NPU(fail) CPU(ok)
E2EMATRIX LOAD role=cls-fp32 backend=cpu ok=1;id=18;cached=0;name=models/litemodel_cls_96x_r1_fp32.ms;backend=CPU;requested=cpu;fallbackFrom=;attemptLog=CPU(ok);inputName=data;outputName=output;inputShape=[1,96,96,3];outputShape=[1,3];inputFormat=NHWC;outputFormat=NCHW;inputElems=27648;outputElems=3;error=
E2EMATRIX RESULT role=cls-fp32 backend=cpu LANDED=CPU engine=ms req=cpu fallback= rep=0 match=1 code=苏ED5172 total=25.5909 stages=17.3756|3.0266|3.7052|1.4706 trail=CPU(ok)
E2EMATRIX RESULT role=cls-fp32 backend=cpu LANDED=CPU engine=ms req=cpu fallback= rep=1 match=1 code=苏ED5172 total=34.5583 stages=27.5306|1.3259|4.0245|1.6623 trail=CPU(ok)
E2EMATRIX RESULT role=cls-fp32 backend=cpu LANDED=CPU engine=ms req=cpu fallback= rep=2 match=1 code=苏ED5172 total=30.5219 stages=23.8441|2.0545|3.4836|1.1275 trail=CPU(ok)
E2EMATRIX LOAD role=cls-fp32 backend=nnrt ok=1;id=19;cached=0;name=models/litemodel_cls_96x_r1_fp32.ms;backend=NNRT:NPU_ohos.boot.hardware.kirin8020_v2_0#fp32;requested=nnrt;fallbackFrom=;attemptLog=NNRT:NPU_ohos.boot.hardware.kirin8020_v2_0#fp32(ok);inputName=data;outputName=output;inputShape=[1,96,96,3];outputShape=[1,3];inputFormat=NHWC;outputFormat=NCHW;inputElems=27648;outputElems=3;error=
E2EMATRIX RESULT role=cls-fp32 backend=nnrt LANDED=NNRT:NPU_ohos.boot.hardware.kirin8020_v2_0#fp32 engine=ms req=nnrt fallback= rep=0 match=1 code=苏ED5172 total=25.6373 stages=18.9767|2.0245|3.4130|1.2134 trail=NNRT:NPU_ohos.boot.hardware.kirin8020_v2_0#fp32(ok)
E2EMATRIX RESULT role=cls-fp32 backend=nnrt LANDED=NNRT:NPU_ohos.boot.hardware.kirin8020_v2_0#fp32 engine=ms req=nnrt fallback= rep=1 match=1 code=苏ED5172 total=37.5747 stages=30.8838|2.0613|3.3845|1.2372 trail=NNRT:NPU_ohos.boot.hardware.kirin8020_v2_0#fp32(ok)
E2EMATRIX RESULT role=cls-fp32 backend=nnrt LANDED=NNRT:NPU_ohos.boot.hardware.kirin8020_v2_0#fp32 engine=ms req=nnrt fallback= rep=2 match=1 code=苏ED5172 total=34.2594 stages=25.9247|2.9092|4.0291|1.3814 trail=NNRT:NPU_ohos.boot.hardware.kirin8020_v2_0#fp32(ok)
E2EMATRIX LOAD role=cls-fp32 backend=nnrt_fp32 ok=0;backend=nnrt_fp32;error=session cap 20 reached
E2EMATRIX LOAD role=cls-fp32 backend=nnrt_fp16 ok=0;backend=nnrt_fp16;error=session cap 20 reached
E2EMATRIX LOAD role=cls-fp32 backend=gpu ok=0;backend=gpu;error=session cap 20 reached
E2EMATRIX LOAD role=cls-fp32 backend=kirin ok=0;backend=kirin;error=session cap 20 reached
NCNNSLOT LOAD role=rec mode=cpu ok=1;slot=1;layers=252;inputs=in0;outputs=out0;requestedVulkan=0;effectiveVulkan=0;vkLayers=1/252;vkGpuCount=1;vkGpuName=Maleoon_920C;gpuProbe=not requested
NCNNSLOT RESULT role=rec mode=cpu LANDED=CPU engine=ncnn vkReq=0 vk=0 vkLayers=1/252 rep=0 match=1 code=苏ED5172 colour=蓝牌 total=50.0795 stages=33.3644|2.2122|13.2789|1.2091 chars=苏|E|D|5|1|7|2 clsScores=0.0001|0.9998|0.0001
NCNNSLOT RESULT role=rec mode=cpu LANDED=CPU engine=ncnn vkReq=0 vk=0 vkLayers=1/252 rep=1 match=1 code=苏ED5172 colour=蓝牌 total=46.6164 stages=31.7984|2.0292|11.4358|1.3414 chars=苏|E|D|5|1|7|2 clsScores=0.0001|0.9998|0.0001
NCNNSLOT RESULT role=rec mode=cpu LANDED=CPU engine=ncnn vkReq=0 vk=0 vkLayers=1/252 rep=2 match=1 code=苏ED5172 colour=蓝牌 total=33.4291 stages=18.7789|1.5519|11.7495|1.3347 chars=苏|E|D|5|1|7|2 clsScores=0.0001|0.9998|0.0001
NCNNSLOT LOAD role=rec mode=vulkan ok=1;slot=1;layers=252;inputs=in0;outputs=out0;requestedVulkan=1;effectiveVulkan=1;vkLayers=251/252;vkGpuCount=1;vkGpuName=Maleoon_920C;gpuProbe=ok=1;count=1;name=Maleoon 920C;driver=Maleoon 920C;api=4206867;fp16=111
NCNNSLOT RESULT role=rec mode=vulkan LANDED=GPU engine=ncnn vkReq=1 vk=1 vkLayers=251/252 rep=0 match=1 code=苏ED5172 colour=蓝牌 total=93.0769 stages=45.5123|1.5950|44.1478|1.7986 chars=苏|E|D|5|1|7|2 clsScores=0.0001|0.9998|0.0001
NCNNSLOT RESULT role=rec mode=vulkan LANDED=GPU engine=ncnn vkReq=1 vk=1 vkLayers=251/252 rep=1 match=1 code=苏ED5172 colour=蓝牌 total=78.5720 stages=29.8116|1.8991|45.0414|1.8014 chars=苏|E|D|5|1|7|2 clsScores=0.0001|0.9998|0.0001
NCNNSLOT RESULT role=rec mode=vulkan LANDED=GPU engine=ncnn vkReq=1 vk=1 vkLayers=251/252 rep=2 match=1 code=苏ED5172 colour=蓝牌 total=88.6323 stages=33.6683|2.0364|50.5117|2.3863 chars=苏|E|D|5|1|7|2 clsScores=0.0001|0.9998|0.0001
NCNNSLOT LOAD role=cls mode=cpu ok=1;slot=2;layers=78;inputs=in0;outputs=out0;requestedVulkan=0;effectiveVulkan=0;vkLayers=1/78;vkGpuCount=1;vkGpuName=Maleoon_920C;gpuProbe=not requested
NCNNSLOT RESULT role=cls mode=cpu LANDED=CPU engine=ncnn vkReq=0 vk=0 vkLayers=1/78 rep=0 match=1 code=苏ED5172 colour=蓝牌 total=43.4805 stages=37.2994|1.6041|3.3630|1.2048 chars=苏|E|D|5|1|7|2 clsScores=0.0001|0.9998|0.0001
NCNNSLOT RESULT role=cls mode=cpu LANDED=CPU engine=ncnn vkReq=0 vk=0 vkLayers=1/78 rep=1 match=1 code=苏ED5172 colour=蓝牌 total=36.3831 stages=30.2175|1.0830|3.5261|1.5453 chars=苏|E|D|5|1|7|2 clsScores=0.0001|0.9998|0.0001
NCNNSLOT RESULT role=cls mode=cpu LANDED=CPU engine=ncnn vkReq=0 vk=0 vkLayers=1/78 rep=2 match=1 code=苏ED5172 colour=蓝牌 total=24.1220 stages=16.4236|1.5772|4.6100|1.4994 chars=苏|E|D|5|1|7|2 clsScores=0.0001|0.9998|0.0001
NCNNSLOT LOAD role=cls mode=vulkan ok=1;slot=2;layers=78;inputs=in0;outputs=out0;requestedVulkan=1;effectiveVulkan=1;vkLayers=78/78;vkGpuCount=1;vkGpuName=Maleoon_920C;gpuProbe=ok=1;count=1;name=Maleoon 920C;driver=Maleoon 920C;api=4206867;fp16=111
NCNNSLOT RESULT role=cls mode=vulkan LANDED=GPU engine=ncnn vkReq=1 vk=1 vkLayers=78/78 rep=0 match=1 code=苏ED5172 colour=蓝牌 total=47.1498 stages=33.8877|2.3731|3.4158|7.4544 chars=苏|E|D|5|1|7|2 clsScores=0.0001|0.9998|0.0001
NCNNSLOT RESULT role=cls mode=vulkan LANDED=GPU engine=ncnn vkReq=1 vk=1 vkLayers=78/78 rep=1 match=1 code=苏ED5172 colour=蓝牌 total=69.8723 stages=44.4628|7.7334|5.5483|12.0870 chars=苏|E|D|5|1|7|2 clsScores=0.0001|0.9998|0.0001
NCNNSLOT RESULT role=cls mode=vulkan LANDED=GPU engine=ncnn vkReq=1 vk=1 vkLayers=78/78 rep=2 match=1 code=苏ED5172 colour=蓝牌 total=52.7817 stages=39.7250|1.8742|3.7030|7.4678 chars=苏|E|D|5|1|7|2 clsScores=0.0001|0.9998|0.0001
CANN ENUM ok=1;probe=nnrt+hiai;nnrt_runtime=soname;nnrt_core=soname;hiai_foundation=soname;cann_version=108.631.120.010;getAllDevices_rc=0;device_count=2;d0=id=8987859593747354028,name=HIAI_F,type=ACCELERATOR,nameRc=0,typeRc=0;d1=id=13306020061847651998,name=NPU_ohos.boot.hardware.kirin8020_v2_0,type=ACCELERATOR,nameRc=0,typeRc=0;
CANN TRY model=models/probe_hiai_imagenet.om size=2496459 ok=1;bytes=2496459;hiai_compat_code=0;hiai_compat_note=0=compatible,1=incompatible;construct=ok;picked_device=8987859593747354028;picked_device_all0=8987859593747354028;set_device_rc=0;build_rc=0;build_note=0=SUCCESS, else see OH_NN_ReturnCode;executor=ok;in_count=1;out_count=1;in0=name=data,dtype=FLOAT32,shape=[1x3x227x227];out0=name=output_0_prob_0,dtype=FLOAT32,shape=[1x1000x1x1];in_bytes=618348;out_bytes=4000;run_tensors=1in/1out;run_rc=0;run_ms_each=2.126|0.934|0.930;o0_sum=1.0005;o0_argmax=111;o0_max=0.1509;out_note=synthetic-input->argmax NOT meaningful;executor_destroyed=1;destroyed=1;
CANN TRY model=models/probe_om_lprnet.om size=916283 ok=1;bytes=916283;hiai_compat_code=0;hiai_compat_note=0=compatible,1=incompatible;construct=ok;picked_device=8987859593747354028;picked_device_all0=8987859593747354028;set_device_rc=0;build_rc=0;build_note=0=SUCCESS, else see OH_NN_ReturnCode;executor=ok;in_count=1;out_count=1;in0=name=input,dtype=FLOAT32,shape=[1x3x24x94];out0=name=output,dtype=FLOAT32,shape=[1x1x68x18];in_bytes=27072;out_bytes=4896;run_tensors=1in/1out;run_rc=0;run_ms_each=3.076|1.321|1.552;o0_sum=-62362.3169;o0_argmax=1206;o0_max=311.5000;out_note=synthetic-input->argmax NOT meaningful;executor_destroyed=1;destroyed=1;
CANN TRY model=models/probe_om_lprnet_npufix.om size=915413 ok=1;bytes=915413;hiai_compat_code=0;hiai_compat_note=0=compatible,1=incompatible;construct=ok;picked_device=8987859593747354028;picked_device_all0=8987859593747354028;set_device_rc=0;build_rc=0;build_note=0=SUCCESS, else see OH_NN_ReturnCode;executor=ok;in_count=1;out_count=1;in0=name=input,dtype=FLOAT32,shape=[1x3x24x94];out0=name=output,dtype=FLOAT32,shape=[1x1x68x18];in_bytes=27072;out_bytes=4896;run_tensors=1in/1out;run_rc=0;run_ms_each=1.899|1.056|1.061;o0_sum=-62362.3169;o0_argmax=1206;o0_max=311.5000;out_note=synthetic-input->argmax NOT meaningful;executor_destroyed=1;destroyed=1;
CANN TRY model=models/probe_om_det.om size=1948509 ok=1;bytes=1948509;hiai_compat_code=1;hiai_compat_note=0=compatible,1=incompatible;construct=ok;picked_device=8987859593747354028;picked_device_all0=8987859593747354028;set_device_rc=0;build_rc=1;build_note=0=SUCCESS, else see OH_NN_ReturnCode;destroyed=1;
CANN TRY model=models/probe_om_dethead.om size=1010950 ok=1;bytes=1010950;hiai_compat_code=0;hiai_compat_note=0=compatible,1=incompatible;construct=ok;picked_device=8987859593747354028;picked_device_all0=8987859593747354028;set_device_rc=0;build_rc=0;build_note=0=SUCCESS, else see OH_NN_ReturnCode;executor=ok;in_count=1;out_count=3;in0=name=input,dtype=FLOAT32,shape=[1x3x320x320];out0=name=948,dtype=FLOAT32,shape=[1x45x40x40];out1=name=1061,dtype=FLOAT32,shape=[1x45x20x20];out2=name=1174,dtype=FLOAT32,shape=[1x45x10x10];in_bytes=1228800;out_bytes=378000;run_tensors=1in/3out;run_rc=0;run_ms_each=5.098|4.043|4.013;o0_sum=-25055.3415;o0_argmax=28756;o0_max=6.5898;o1_sum=-11325.9309;o1_argmax=11231;o1_max=5.9961;o2_sum=-3700.2237;o2_argmax=2888;o2_max=5.0664;out_note=synthetic-input->argmax NOT meaningful;executor_destroyed=1;destroyed=1;
CANN TRY model=models/probe_om_rec.om size=5041253 ok=1;bytes=5041253;hiai_compat_code=0;hiai_compat_note=0=compatible,1=incompatible;construct=ok;picked_device=8987859593747354028;picked_device_all0=8987859593747354028;set_device_rc=0;build_rc=0;build_note=0=SUCCESS, else see OH_NN_ReturnCode;executor=ok;in_count=1;out_count=1;in0=name=data,dtype=FLOAT32,shape=[1x3x48x160];out0=name=output,dtype=FLOAT32,shape=[1x1x20x78];in_bytes=92160;out_bytes=6240;run_tensors=1in/1out;run_rc=0;run_ms_each=4.855|5.380|5.656;o0_sum=19.9978;o0_argmax=1326;o0_max=0.8359;out_note=synthetic-input->argmax NOT meaningful;executor_destroyed=1;destroyed=1;
CANN TRY model=models/probe_om_cls.om size=841728 ok=1;bytes=841728;hiai_compat_code=0;hiai_compat_note=0=compatible,1=incompatible;construct=ok;picked_device=8987859593747354028;picked_device_all0=8987859593747354028;set_device_rc=0;build_rc=0;build_note=0=SUCCESS, else see OH_NN_ReturnCode;executor=ok;in_count=1;out_count=1;in0=name=data,dtype=FLOAT32,shape=[1x3x96x96];out0=name=output,dtype=FLOAT32,shape=[1x3x1x1];in_bytes=110592;out_bytes=12;run_tensors=1in/1out;run_rc=0;run_ms_each=1.720|0.927|0.816;o0_sum=0.9981;o0_argmax=0;o0_max=0.9980;out_note=synthetic-input->argmax NOT meaningful;executor_destroyed=1;destroyed=1;
CANN TRY model=models/y5fu_320x_head_fp32.ms size=1847336 ok=1;bytes=1847336;hiai_compat_code=1;hiai_compat_note=0=compatible,1=incompatible;construct=ok;picked_device=8987859593747354028;picked_device_all0=8987859593747354028;set_device_rc=0;build_rc=1;build_note=0=SUCCESS, else see OH_NN_ReturnCode;destroyed=1;
CANN TRY model=models/rpv3_mdict_160_r3.ms size=4480304 ok=1;bytes=4480304;hiai_compat_code=1;hiai_compat_note=0=compatible,1=incompatible;construct=ok;picked_device=8987859593747354028;picked_device_all0=8987859593747354028;set_device_rc=0;build_rc=1;build_note=0=SUCCESS, else see OH_NN_ReturnCode;destroyed=1;
CANN TRY model=models/litemodel_cls_96x_r1.ms size=817432 ok=1;bytes=817432;hiai_compat_code=1;hiai_compat_note=0=compatible,1=incompatible;construct=ok;picked_device=8987859593747354028;picked_device_all0=8987859593747354028;set_device_rc=0;build_rc=1;build_note=0=SUCCESS, else see OH_NN_ReturnCode;destroyed=1;
E2EMATRIX LOAD role=det backend=cpu ok=1;id=0;cached=1;name=models/y5fu_320x_head_fp32.ms;backend=CPU;requested=cpu;fallbackFrom=;attemptLog=CPU(ok);inputName=input;outputName=948;inputShape=[1,320,320,3];outputShape=[1,45,40,40];inputFormat=NHWC;outputFormat=NCHW;inputElems=307200;outputElems=72000;error=
E2EMATRIX RESULT role=det backend=cpu LANDED=CPU engine=ms req=cpu fallback= rep=0 match=1 code=苏ED5172 total=28.2730 stages=21.2355|2.2586|3.5402|1.2259 trail=CPU(ok)
E2EMATRIX RESULT role=det backend=cpu LANDED=CPU engine=ms req=cpu fallback= rep=1 match=1 code=苏ED5172 total=34.1077 stages=26.2011|2.8272|3.6339|1.4319 trail=CPU(ok)
E2EMATRIX RESULT role=det backend=cpu LANDED=CPU engine=ms req=cpu fallback= rep=2 match=1 code=苏ED5172 total=38.6169 stages=32.5216|1.5733|3.5484|0.9647 trail=CPU(ok)
E2EMATRIX LOAD role=det backend=nnrt ok=1;id=3;cached=1;name=models/y5fu_320x_head_fp32.ms;backend=NNRT:NPU_ohos.boot.hardware.kirin8020_v2_0#fp32;requested=nnrt;fallbackFrom=;attemptLog=NNRT:NPU_ohos.boot.hardware.kirin8020_v2_0#fp32(ok);inputName=input;outputName=948;inputShape=[1,320,320,3];outputShape=[1,45,40,40];inputFormat=NHWC;outputFormat=NCHW;inputElems=307200;outputElems=72000;error=
E2EMATRIX RESULT role=det backend=nnrt LANDED=NNRT:NPU_ohos.boot.hardware.kirin8020_v2_0#fp32 engine=ms req=nnrt fallback= rep=0 match=0 code=苏E05172 total=21.3513 stages=11.5331|3.5673|3.9994|2.2330 trail=NNRT:NPU_ohos.boot.hardware.kirin8020_v2_0#fp32(ok)
E2EMATRIX RESULT role=det backend=nnrt LANDED=NNRT:NPU_ohos.boot.hardware.kirin8020_v2_0#fp32 engine=ms req=nnrt fallback= rep=1 match=0 code=苏E05172 total=26.1981 stages=14.0747|5.6322|4.0312|2.4416 trail=NNRT:NPU_ohos.boot.hardware.kirin8020_v2_0#fp32(ok)
E2EMATRIX RESULT role=det backend=nnrt LANDED=NNRT:NPU_ohos.boot.hardware.kirin8020_v2_0#fp32 engine=ms req=nnrt fallback= rep=2 match=0 code=苏E05172 total=34.5692 stages=17.4414|7.6559|5.2655|4.1656 trail=NNRT:NPU_ohos.boot.hardware.kirin8020_v2_0#fp32(ok)
E2EMATRIX LOAD role=det backend=nnrt_fp32 ok=1;id=4;cached=0;name=models/y5fu_320x_head_fp32.ms;backend=NNRT:NPU_ohos.boot.hardware.kirin8020_v2_0#fp32;requested=nnrt_fp32;fallbackFrom=;attemptLog=NNRT:NPU_ohos.boot.hardware.kirin8020_v2_0#fp32(ok);inputName=input;outputName=948;inputShape=[1,320,320,3];outputShape=[1,45,40,40];inputFormat=NHWC;outputFormat=NCHW;inputElems=307200;outputElems=72000;error=
E2EMATRIX RESULT role=det backend=nnrt_fp32 LANDED=NNRT:NPU_ohos.boot.hardware.kirin8020_v2_0#fp32 engine=ms req=nnrt_fp32 fallback= rep=0 match=0 code=苏E05172 total=17.8055 stages=9.0238|2.1463|3.8431|2.7597 trail=NNRT:NPU_ohos.boot.hardware.kirin8020_v2_0#fp32(ok)
E2EMATRIX RESULT role=det backend=nnrt_fp32 LANDED=NNRT:NPU_ohos.boot.hardware.kirin8020_v2_0#fp32 engine=ms req=nnrt_fp32 fallback= rep=1 match=0 code=苏E05172 total=17.7264 stages=9.7923|2.8298|3.5784|1.4991 trail=NNRT:NPU_ohos.boot.hardware.kirin8020_v2_0#fp32(ok)
E2EMATRIX RESULT role=det backend=nnrt_fp32 LANDED=NNRT:NPU_ohos.boot.hardware.kirin8020_v2_0#fp32 engine=ms req=nnrt_fp32 fallback= rep=2 match=0 code=苏E05172 total=24.8808 stages=13.3267|5.2959|4.0247|2.2100 trail=NNRT:NPU_ohos.boot.hardware.kirin8020_v2_0#fp32(ok)
E2EMATRIX LOAD role=det backend=nnrt_fp16 ok=1;id=5;cached=0;name=models/y5fu_320x_head_fp32.ms;backend=NNRT:NPU_ohos.boot.hardware.kirin8020_v2_0;requested=nnrt_fp16;fallbackFrom=;attemptLog=NNRT:NPU_ohos.boot.hardware.kirin8020_v2_0(ok);inputName=input;outputName=948;inputShape=[1,320,320,3];outputShape=[1,45,40,40];inputFormat=NHWC;outputFormat=NCHW;inputElems=307200;outputElems=72000;error=
E2EMATRIX RESULT role=det backend=nnrt_fp16 LANDED=NNRT:NPU_ohos.boot.hardware.kirin8020_v2_0 engine=ms req=nnrt_fp16 fallback= rep=0 match=0 code=苏E05172 total=30.5717 stages=15.7586|5.7322|4.7578|4.2867 trail=NNRT:NPU_ohos.boot.hardware.kirin8020_v2_0(ok)
E2EMATRIX RESULT role=det backend=nnrt_fp16 LANDED=NNRT:NPU_ohos.boot.hardware.kirin8020_v2_0 engine=ms req=nnrt_fp16 fallback= rep=1 match=0 code=苏E05172 total=24.2316 stages=14.2128|5.4991|3.2892|1.2180 trail=NNRT:NPU_ohos.boot.hardware.kirin8020_v2_0(ok)
E2EMATRIX RESULT role=det backend=nnrt_fp16 LANDED=NNRT:NPU_ohos.boot.hardware.kirin8020_v2_0 engine=ms req=nnrt_fp16 fallback= rep=2 match=0 code=苏E05172 total=29.4780 stages=16.0936|5.6859|4.5716|3.1078 trail=NNRT:NPU_ohos.boot.hardware.kirin8020_v2_0(ok)
E2EMATRIX LOAD role=det backend=gpu ok=1;id=6;cached=0;name=models/y5fu_320x_head_fp32.ms;backend=CPU;requested=gpu;fallbackFrom=GPU:fp16;attemptLog=GPU:fp16(fail) GPU:fp32(fail) CPU(ok);inputName=input;outputName=948;inputShape=[1,320,320,3];outputShape=[1,45,40,40];inputFormat=NHWC;outputFormat=NCHW;inputElems=307200;outputElems=72000;error=
E2EMATRIX RESULT role=det backend=gpu LANDED=CPU engine=ms req=gpu fallback=GPU:fp16 rep=0 match=1 code=苏ED5172 total=35.5681 stages=28.6259|2.1934|3.4689|1.2695 trail=GPU:fp16(fail) GPU:fp32(fail) CPU(ok)
E2EMATRIX RESULT role=det backend=gpu LANDED=CPU engine=ms req=gpu fallback=GPU:fp16 rep=1 match=1 code=苏ED5172 total=33.3600 stages=25.9013|2.0034|3.9866|1.4477 trail=GPU:fp16(fail) GPU:fp32(fail) CPU(ok)
E2EMATRIX RESULT role=det backend=gpu LANDED=CPU engine=ms req=gpu fallback=GPU:fp16 rep=2 match=1 code=苏ED5172 total=25.7073 stages=16.9062|1.9161|4.2014|2.6627 trail=GPU:fp16(fail) GPU:fp32(fail) CPU(ok)
E2EMATRIX LOAD role=det backend=kirin ok=1;id=7;cached=0;name=models/y5fu_320x_head_fp32.ms;backend=CPU;requested=kirin;fallbackFrom=KIRIN_NPU;attemptLog=KIRIN_NPU(fail) CPU(ok);inputName=input;outputName=948;inputShape=[1,320,320,3];outputShape=[1,45,40,40];inputFormat=NHWC;outputFormat=NCHW;inputElems=307200;outputElems=72000;error=
E2EMATRIX RESULT role=det backend=kirin LANDED=CPU engine=ms req=kirin fallback=KIRIN_NPU rep=0 match=1 code=苏ED5172 total=35.9786 stages=29.0617|2.1855|3.5472|1.1728 trail=KIRIN_NPU(fail) CPU(ok)
E2EMATRIX RESULT role=det backend=kirin LANDED=CPU engine=ms req=kirin fallback=KIRIN_NPU rep=1 match=1 code=苏ED5172 total=50.6883 stages=43.6920|2.2011|3.5192|1.2637 trail=KIRIN_NPU(fail) CPU(ok)
E2EMATRIX RESULT role=det backend=kirin LANDED=CPU engine=ms req=kirin fallback=KIRIN_NPU rep=2 match=1 code=苏ED5172 total=32.7661 stages=25.7597|2.1994|3.5514|1.2406 trail=KIRIN_NPU(fail) CPU(ok)
E2EMATRIX LOAD role=rec backend=cpu ok=1;id=8;cached=0;name=models/rpv3_mdict_160_r3.ms;backend=CPU;requested=cpu;fallbackFrom=;attemptLog=CPU(ok);inputName=data;outputName=output;inputShape=[1,48,160,3];outputShape=[1,20,78];inputFormat=NHWC;outputFormat=NHWC;inputElems=23040;outputElems=1560;error=
E2EMATRIX RESULT role=rec backend=cpu LANDED=CPU engine=ms req=cpu fallback= rep=0 match=1 code=苏ED5172 total=112.4761 stages=60.8170|7.5986|42.1303|1.9127 trail=CPU(ok)
E2EMATRIX RESULT role=rec backend=cpu LANDED=CPU engine=ms req=cpu fallback= rep=1 match=1 code=苏ED5172 total=65.1261 stages=40.2908|2.1400|21.5361|1.1458 trail=CPU(ok)
E2EMATRIX RESULT role=rec backend=cpu LANDED=CPU engine=ms req=cpu fallback= rep=2 match=1 code=苏ED5172 total=71.9834 stages=46.4073|2.1844|22.1417|1.2359 trail=CPU(ok)
E2EMATRIX LOAD role=rec backend=nnrt ok=1;id=1;cached=1;name=models/rpv3_mdict_160_r3.ms;backend=NNRT:NPU_ohos.boot.hardware.kirin8020_v2_0#fp32;requested=nnrt;fallbackFrom=;attemptLog=NNRT:NPU_ohos.boot.hardware.kirin8020_v2_0#fp32(ok);inputName=data;outputName=output;inputShape=[1,48,160,3];outputShape=[1,20,78];inputFormat=NHWC;outputFormat=NHWC;inputElems=23040;outputElems=1560;error=
E2EMATRIX RESULT role=rec backend=nnrt LANDED=NNRT:NPU_ohos.boot.hardware.kirin8020_v2_0#fp32 engine=ms req=nnrt fallback= rep=0 match=1 code=苏ED5172 total=49.9486 stages=42.1895|2.2583|3.6920|1.7930 trail=NNRT:NPU_ohos.boot.hardware.kirin8020_v2_0#fp32(ok)
E2EMATRIX RESULT role=rec backend=nnrt LANDED=NNRT:NPU_ohos.boot.hardware.kirin8020_v2_0#fp32 engine=ms req=nnrt fallback= rep=1 match=1 code=苏ED5172 total=45.4998 stages=39.1517|1.6544|3.5247|1.1573 trail=NNRT:NPU_ohos.boot.hardware.kirin8020_v2_0#fp32(ok)
E2EMATRIX RESULT role=rec backend=nnrt LANDED=NNRT:NPU_ohos.boot.hardware.kirin8020_v2_0#fp32 engine=ms req=nnrt fallback= rep=2 match=1 code=苏ED5172 total=75.1905 stages=58.2816|7.5595|5.3131|4.0028 trail=NNRT:NPU_ohos.boot.hardware.kirin8020_v2_0#fp32(ok)
E2EMATRIX LOAD role=rec backend=nnrt_fp32 ok=1;id=9;cached=0;name=models/rpv3_mdict_160_r3.ms;backend=NNRT:NPU_ohos.boot.hardware.kirin8020_v2_0#fp32;requested=nnrt_fp32;fallbackFrom=;attemptLog=NNRT:NPU_ohos.boot.hardware.kirin8020_v2_0#fp32(ok);inputName=data;outputName=output;inputShape=[1,48,160,3];outputShape=[1,20,78];inputFormat=NHWC;outputFormat=NHWC;inputElems=23040;outputElems=1560;error=
E2EMATRIX RESULT role=rec backend=nnrt_fp32 LANDED=NNRT:NPU_ohos.boot.hardware.kirin8020_v2_0#fp32 engine=ms req=nnrt_fp32 fallback= rep=0 match=1 code=苏ED5172 total=38.6037 stages=32.4512|1.7406|3.3695|1.0316 trail=NNRT:NPU_ohos.boot.hardware.kirin8020_v2_0#fp32(ok)
E2EMATRIX RESULT role=rec backend=nnrt_fp32 LANDED=NNRT:NPU_ohos.boot.hardware.kirin8020_v2_0#fp32 engine=ms req=nnrt_fp32 fallback= rep=1 match=1 code=苏ED5172 total=38.7633 stages=32.1897|1.9741|3.4186|1.1678 trail=NNRT:NPU_ohos.boot.hardware.kirin8020_v2_0#fp32(ok)
E2EMATRIX RESULT role=rec backend=nnrt_fp32 LANDED=NNRT:NPU_ohos.boot.hardware.kirin8020_v2_0#fp32 engine=ms req=nnrt_fp32 fallback= rep=2 match=1 code=苏ED5172 total=64.0734 stages=47.0366|7.6163|5.3547|4.0303 trail=NNRT:NPU_ohos.boot.hardware.kirin8020_v2_0#fp32(ok)
E2EMATRIX LOAD role=rec backend=nnrt_fp16 ok=1;id=10;cached=0;name=models/rpv3_mdict_160_r3.ms;backend=NNRT:NPU_ohos.boot.hardware.kirin8020_v2_0;requested=nnrt_fp16;fallbackFrom=;attemptLog=NNRT:NPU_ohos.boot.hardware.kirin8020_v2_0(ok);inputName=data;outputName=output;inputShape=[1,48,160,3];outputShape=[1,20,78];inputFormat=NHWC;outputFormat=NHWC;inputElems=23040;outputElems=1560;error=
E2EMATRIX RESULT role=rec backend=nnrt_fp16 LANDED=NNRT:NPU_ohos.boot.hardware.kirin8020_v2_0 engine=ms req=nnrt_fp16 fallback= rep=0 match=1 code=苏ED5172 total=41.9070 stages=34.8748|2.1869|3.4727|1.3530 trail=NNRT:NPU_ohos.boot.hardware.kirin8020_v2_0(ok)
E2EMATRIX RESULT role=rec backend=nnrt_fp16 LANDED=NNRT:NPU_ohos.boot.hardware.kirin8020_v2_0 engine=ms req=nnrt_fp16 fallback= rep=1 match=1 code=苏ED5172 total=53.1795 stages=35.2034|7.7828|5.8059|4.3441 trail=NNRT:NPU_ohos.boot.hardware.kirin8020_v2_0(ok)
E2EMATRIX RESULT role=rec backend=nnrt_fp16 LANDED=NNRT:NPU_ohos.boot.hardware.kirin8020_v2_0 engine=ms req=nnrt_fp16 fallback= rep=2 match=1 code=苏ED5172 total=64.9753 stages=47.4247|7.7083|5.5977|4.2075 trail=NNRT:NPU_ohos.boot.hardware.kirin8020_v2_0(ok)
E2EMATRIX LOAD role=rec backend=gpu ok=1;id=11;cached=0;name=models/rpv3_mdict_160_r3.ms;backend=CPU;requested=gpu;fallbackFrom=GPU:fp16;attemptLog=GPU:fp16(fail) GPU:fp32(fail) CPU(ok);inputName=data;outputName=output;inputShape=[1,48,160,3];outputShape=[1,20,78];inputFormat=NHWC;outputFormat=NHWC;inputElems=23040;outputElems=1560;error=
E2EMATRIX RESULT role=rec backend=gpu LANDED=CPU engine=ms req=gpu fallback=GPU:fp16 rep=0 match=1 code=苏ED5172 total=99.6948 stages=48.1253|7.6666|42.4306|1.4534 trail=GPU:fp16(fail) GPU:fp32(fail) CPU(ok)
E2EMATRIX RESULT role=rec backend=gpu LANDED=CPU engine=ms req=gpu fallback=GPU:fp16 rep=1 match=1 code=苏ED5172 total=101.9525 stages=47.6753|7.5700|45.3563|1.3302 trail=GPU:fp16(fail) GPU:fp32(fail) CPU(ok)
E2EMATRIX RESULT role=rec backend=gpu LANDED=CPU engine=ms req=gpu fallback=GPU:fp16 rep=2 match=1 code=苏ED5172 total=79.8686 stages=46.5227|2.2084|29.6773|1.4445 trail=GPU:fp16(fail) GPU:fp32(fail) CPU(ok)
E2EMATRIX LOAD role=rec backend=kirin ok=1;id=12;cached=0;name=models/rpv3_mdict_160_r3.ms;backend=CPU;requested=kirin;fallbackFrom=KIRIN_NPU;attemptLog=KIRIN_NPU(fail) CPU(ok);inputName=data;outputName=output;inputShape=[1,48,160,3];outputShape=[1,20,78];inputFormat=NHWC;outputFormat=NHWC;inputElems=23040;outputElems=1560;error=
E2EMATRIX RESULT role=rec backend=kirin LANDED=CPU engine=ms req=kirin fallback=KIRIN_NPU rep=0 match=1 code=苏ED5172 total=57.6595 stages=44.5450|2.0278|9.9827|1.0930 trail=KIRIN_NPU(fail) CPU(ok)
E2EMATRIX RESULT role=rec backend=kirin LANDED=CPU engine=ms req=kirin fallback=KIRIN_NPU rep=1 match=1 code=苏ED5172 total=50.3633 stages=32.2892|1.6342|15.1561|1.2691 trail=KIRIN_NPU(fail) CPU(ok)
E2EMATRIX RESULT role=rec backend=kirin LANDED=CPU engine=ms req=kirin fallback=KIRIN_NPU rep=2 match=1 code=苏ED5172 total=53.5114 stages=32.1247|2.0883|17.9442|1.3358 trail=KIRIN_NPU(fail) CPU(ok)
E2EMATRIX LOAD role=cls backend=cpu ok=1;id=2;cached=1;name=models/litemodel_cls_96x_r1.ms;backend=CPU;requested=cpu;fallbackFrom=;attemptLog=CPU(ok);inputName=data;outputName=output;inputShape=[1,96,96,3];outputShape=[1,3];inputFormat=NHWC;outputFormat=NCHW;inputElems=27648;outputElems=3;error=
E2EMATRIX RESULT role=cls backend=cpu LANDED=CPU engine=ms req=cpu fallback= rep=0 match=1 code=苏ED5172 total=33.3778 stages=27.4956|1.6000|3.2641|1.0095 trail=CPU(ok)
E2EMATRIX RESULT role=cls backend=cpu LANDED=CPU engine=ms req=cpu fallback= rep=1 match=1 code=苏ED5172 total=24.1072 stages=17.0823|1.7936|4.1009|1.1227 trail=CPU(ok)
E2EMATRIX RESULT role=cls backend=cpu LANDED=CPU engine=ms req=cpu fallback= rep=2 match=1 code=苏ED5172 total=33.9916 stages=27.3167|2.1562|3.4286|1.0798 trail=CPU(ok)
E2EMATRIX LOAD role=cls backend=nnrt ok=1;id=13;cached=0;name=models/litemodel_cls_96x_r1.ms;backend=CPU;requested=nnrt;fallbackFrom=NNRT:NPU_ohos.boot.hardware.kirin8020_v2_0#fp32;attemptLog=NNRT:NPU_ohos.boot.hardware.kirin8020_v2_0#fp32(fail) NNRT:HIAI_F#fp32(fail) CPU(ok);inputName=data;outputName=output;inputShape=[1,96,96,3];outputShape=[1,3];inputFormat=NHWC;outputFormat=NCHW;inputElems=27648;outputElems=3;error=
E2EMATRIX RESULT role=cls backend=nnrt LANDED=CPU engine=ms req=nnrt fallback=NNRT:NPU_ohos.boot.hardware.kirin8020_v2_0#fp32 rep=0 match=1 code=苏ED5172 total=43.1792 stages=36.6064|1.9967|3.4541|1.1091 trail=NNRT:NPU_ohos.boot.hardware.kirin8020_v2_0#fp32(fail) NNRT:HIAI_F#fp32(fail) CPU(ok)
E2EMATRIX RESULT role=cls backend=nnrt LANDED=CPU engine=ms req=nnrt fallback=NNRT:NPU_ohos.boot.hardware.kirin8020_v2_0#fp32 rep=1 match=1 code=苏ED5172 total=44.4583 stages=38.1420|1.7936|3.4823|1.0248 trail=NNRT:NPU_ohos.boot.hardware.kirin8020_v2_0#fp32(fail) NNRT:HIAI_F#fp32(fail) CPU(ok)
E2EMATRIX RESULT role=cls backend=nnrt LANDED=CPU engine=ms req=nnrt fallback=NNRT:NPU_ohos.boot.hardware.kirin8020_v2_0#fp32 rep=2 match=1 code=苏ED5172 total=36.6891 stages=30.9100|1.5844|3.2261|0.9608 trail=NNRT:NPU_ohos.boot.hardware.kirin8020_v2_0#fp32(fail) NNRT:HIAI_F#fp32(fail) CPU(ok)
E2EMATRIX LOAD role=cls backend=nnrt_fp32 ok=1;id=14;cached=0;name=models/litemodel_cls_96x_r1.ms;backend=CPU;requested=nnrt_fp32;fallbackFrom=NNRT:NPU_ohos.boot.hardware.kirin8020_v2_0#fp32;attemptLog=NNRT:NPU_ohos.boot.hardware.kirin8020_v2_0#fp32(fail) NNRT:HIAI_F#fp32(fail) CPU(ok);inputName=data;outputName=output;inputShape=[1,96,96,3];outputShape=[1,3];inputFormat=NHWC;outputFormat=NCHW;inputElems=27648;outputElems=3;error=
E2EMATRIX RESULT role=cls backend=nnrt_fp32 LANDED=CPU engine=ms req=nnrt_fp32 fallback=NNRT:NPU_ohos.boot.hardware.kirin8020_v2_0#fp32 rep=0 match=1 code=苏ED5172 total=21.8252 stages=15.3069|1.7780|3.5519|1.1744 trail=NNRT:NPU_ohos.boot.hardware.kirin8020_v2_0#fp32(fail) NNRT:HIAI_F#fp32(fail) CPU(ok)
E2EMATRIX RESULT role=cls backend=nnrt_fp32 LANDED=CPU engine=ms req=nnrt_fp32 fallback=NNRT:NPU_ohos.boot.hardware.kirin8020_v2_0#fp32 rep=1 match=1 code=苏ED5172 total=33.5467 stages=26.8486|2.1527|3.4909|1.0430 trail=NNRT:NPU_ohos.boot.hardware.kirin8020_v2_0#fp32(fail) NNRT:HIAI_F#fp32(fail) CPU(ok)
E2EMATRIX RESULT role=cls backend=nnrt_fp32 LANDED=CPU engine=ms req=nnrt_fp32 fallback=NNRT:NPU_ohos.boot.hardware.kirin8020_v2_0#fp32 rep=2 match=1 code=苏ED5172 total=34.8414 stages=28.0883|2.1495|3.4805|1.1103 trail=NNRT:NPU_ohos.boot.hardware.kirin8020_v2_0#fp32(fail) NNRT:HIAI_F#fp32(fail) CPU(ok)
E2EMATRIX LOAD role=cls backend=nnrt_fp16 ok=1;id=15;cached=0;name=models/litemodel_cls_96x_r1.ms;backend=CPU;requested=nnrt_fp16;fallbackFrom=NNRT:NPU_ohos.boot.hardware.kirin8020_v2_0;attemptLog=NNRT:NPU_ohos.boot.hardware.kirin8020_v2_0(fail) NNRT:HIAI_F(fail) CPU(ok);inputName=data;outputName=output;inputShape=[1,96,96,3];outputShape=[1,3];inputFormat=NHWC;outputFormat=NCHW;inputElems=27648;outputElems=3;error=
E2EMATRIX RESULT role=cls backend=nnrt_fp16 LANDED=CPU engine=ms req=nnrt_fp16 fallback=NNRT:NPU_ohos.boot.hardware.kirin8020_v2_0 rep=0 match=1 code=苏ED5172 total=29.9747 stages=23.3220|2.0200|3.4594|1.1623 trail=NNRT:NPU_ohos.boot.hardware.kirin8020_v2_0(fail) NNRT:HIAI_F(fail) CPU(ok)
E2EMATRIX RESULT role=cls backend=nnrt_fp16 LANDED=CPU engine=ms req=nnrt_fp16 fallback=NNRT:NPU_ohos.boot.hardware.kirin8020_v2_0 rep=1 match=1 code=苏ED5172 total=41.6572 stages=34.7623|2.2198|3.5123|1.1508 trail=NNRT:NPU_ohos.boot.hardware.kirin8020_v2_0(fail) NNRT:HIAI_F(fail) CPU(ok)
E2EMATRIX RESULT role=cls backend=nnrt_fp16 LANDED=CPU engine=ms req=nnrt_fp16 fallback=NNRT:NPU_ohos.boot.hardware.kirin8020_v2_0 rep=2 match=1 code=苏ED5172 total=41.8628 stages=35.8927|1.5838|3.3864|0.9888 trail=NNRT:NPU_ohos.boot.hardware.kirin8020_v2_0(fail) NNRT:HIAI_F(fail) CPU(ok)
E2EMATRIX LOAD role=cls backend=gpu ok=1;id=16;cached=0;name=models/litemodel_cls_96x_r1.ms;backend=CPU;requested=gpu;fallbackFrom=GPU:fp16;attemptLog=GPU:fp16(fail) GPU:fp32(fail) CPU(ok);inputName=data;outputName=output;inputShape=[1,96,96,3];outputShape=[1,3];inputFormat=NHWC;outputFormat=NCHW;inputElems=27648;outputElems=3;error=
E2EMATRIX RESULT role=cls backend=gpu LANDED=CPU engine=ms req=gpu fallback=GPU:fp16 rep=0 match=1 code=苏ED5172 total=44.3544 stages=37.6366|2.1531|3.4158|1.1363 trail=GPU:fp16(fail) GPU:fp32(fail) CPU(ok)
E2EMATRIX RESULT role=cls backend=gpu LANDED=CPU engine=ms req=gpu fallback=GPU:fp16 rep=1 match=1 code=苏ED5172 total=33.0753 stages=25.0916|2.8747|3.7208|1.3734 trail=GPU:fp16(fail) GPU:fp32(fail) CPU(ok)
E2EMATRIX RESULT role=cls backend=gpu LANDED=CPU engine=ms req=gpu fallback=GPU:fp16 rep=2 match=1 code=苏ED5172 total=62.8986 stages=46.0625|7.6761|5.3322|3.7933 trail=GPU:fp16(fail) GPU:fp32(fail) CPU(ok)
E2EMATRIX LOAD role=cls backend=kirin ok=1;id=17;cached=0;name=models/litemodel_cls_96x_r1.ms;backend=CPU;requested=kirin;fallbackFrom=KIRIN_NPU;attemptLog=KIRIN_NPU(fail) CPU(ok);inputName=data;outputName=output;inputShape=[1,96,96,3];outputShape=[1,3];inputFormat=NHWC;outputFormat=NCHW;inputElems=27648;outputElems=3;error=
E2EMATRIX RESULT role=cls backend=kirin LANDED=CPU engine=ms req=kirin fallback=KIRIN_NPU rep=0 match=1 code=苏ED5172 total=80.3814 stages=63.0913|7.5766|5.5995|4.0858 trail=KIRIN_NPU(fail) CPU(ok)
E2EMATRIX RESULT role=cls backend=kirin LANDED=CPU engine=ms req=kirin fallback=KIRIN_NPU rep=1 match=1 code=苏ED5172 total=79.8633 stages=62.9239|7.5156|5.5931|3.7881 trail=KIRIN_NPU(fail) CPU(ok)
E2EMATRIX RESULT role=cls backend=kirin LANDED=CPU engine=ms req=kirin fallback=KIRIN_NPU rep=2 match=1 code=苏ED5172 total=46.4030 stages=40.4670|1.5509|3.4523|0.9211 trail=KIRIN_NPU(fail) CPU(ok)
E2EMATRIX LOAD role=cls-fp32 backend=cpu ok=1;id=18;cached=0;name=models/litemodel_cls_96x_r1_fp32.ms;backend=CPU;requested=cpu;fallbackFrom=;attemptLog=CPU(ok);inputName=data;outputName=output;inputShape=[1,96,96,3];outputShape=[1,3];inputFormat=NHWC;outputFormat=NCHW;inputElems=27648;outputElems=3;error=
E2EMATRIX RESULT role=cls-fp32 backend=cpu LANDED=CPU engine=ms req=cpu fallback= rep=0 match=1 code=苏ED5172 total=42.6248 stages=36.5470|1.6080|3.4098|1.0459 trail=CPU(ok)
E2EMATRIX RESULT role=cls-fp32 backend=cpu LANDED=CPU engine=ms req=cpu fallback= rep=1 match=1 code=苏ED5172 total=78.7084 stages=61.5311|7.6230|5.7548|3.7702 trail=CPU(ok)
E2EMATRIX RESULT role=cls-fp32 backend=cpu LANDED=CPU engine=ms req=cpu fallback= rep=2 match=1 code=苏ED5172 total=55.6359 stages=45.0769|2.2072|4.3759|3.9425 trail=CPU(ok)
E2EMATRIX LOAD role=cls-fp32 backend=nnrt ok=1;id=19;cached=0;name=models/litemodel_cls_96x_r1_fp32.ms;backend=NNRT:NPU_ohos.boot.hardware.kirin8020_v2_0#fp32;requested=nnrt;fallbackFrom=;attemptLog=NNRT:NPU_ohos.boot.hardware.kirin8020_v2_0#fp32(ok);inputName=data;outputName=output;inputShape=[1,96,96,3];outputShape=[1,3];inputFormat=NHWC;outputFormat=NCHW;inputElems=27648;outputElems=3;error=
E2EMATRIX RESULT role=cls-fp32 backend=nnrt LANDED=NNRT:NPU_ohos.boot.hardware.kirin8020_v2_0#fp32 engine=ms req=nnrt fallback= rep=0 match=1 code=苏ED5172 total=53.8936 stages=47.8161|1.6727|3.2716|1.1241 trail=NNRT:NPU_ohos.boot.hardware.kirin8020_v2_0#fp32(ok)
E2EMATRIX RESULT role=cls-fp32 backend=nnrt LANDED=NNRT:NPU_ohos.boot.hardware.kirin8020_v2_0#fp32 engine=ms req=nnrt fallback= rep=1 match=1 code=苏ED5172 total=38.0459 stages=31.3561|2.0511|3.4100|1.2219 trail=NNRT:NPU_ohos.boot.hardware.kirin8020_v2_0#fp32(ok)
E2EMATRIX RESULT role=cls-fp32 backend=nnrt LANDED=NNRT:NPU_ohos.boot.hardware.kirin8020_v2_0#fp32 engine=ms req=nnrt fallback= rep=2 match=1 code=苏ED5172 total=34.3494 stages=27.0080|2.6291|3.4997|1.2030 trail=NNRT:NPU_ohos.boot.hardware.kirin8020_v2_0#fp32(ok)
E2EMATRIX LOAD role=cls-fp32 backend=nnrt_fp32 ok=0;backend=nnrt_fp32;error=session cap 20 reached
E2EMATRIX LOAD role=cls-fp32 backend=nnrt_fp16 ok=0;backend=nnrt_fp16;error=session cap 20 reached
E2EMATRIX LOAD role=cls-fp32 backend=gpu ok=0;backend=gpu;error=session cap 20 reached
E2EMATRIX LOAD role=cls-fp32 backend=kirin ok=0;backend=kirin;error=session cap 20 reached
NCNNSLOT LOAD role=rec mode=cpu ok=1;slot=1;layers=252;inputs=in0;outputs=out0;requestedVulkan=0;effectiveVulkan=0;vkLayers=1/252;vkGpuCount=1;vkGpuName=Maleoon_920C;gpuProbe=not requested
NCNNSLOT RESULT role=rec mode=cpu LANDED=CPU engine=ncnn vkReq=0 vk=0 vkLayers=1/252 rep=0 match=1 code=苏ED5172 colour=蓝牌 total=51.9358 stages=36.7647|1.8288|12.0855|1.2436 chars=苏|E|D|5|1|7|2 clsScores=0.0001|0.9998|0.0001
NCNNSLOT RESULT role=rec mode=cpu LANDED=CPU engine=ncnn vkReq=0 vk=0 vkLayers=1/252 rep=1 match=1 code=苏ED5172 colour=蓝牌 total=42.2611 stages=29.8016|1.0875|10.0639|1.2956 chars=苏|E|D|5|1|7|2 clsScores=0.0001|0.9998|0.0001
NCNNSLOT RESULT role=rec mode=cpu LANDED=CPU engine=ncnn vkReq=0 vk=0 vkLayers=1/252 rep=2 match=1 code=苏ED5172 colour=蓝牌 total=41.4556 stages=26.4267|1.1302|12.6300|1.2555 chars=苏|E|D|5|1|7|2 clsScores=0.0001|0.9998|0.0001
NCNNSLOT LOAD role=rec mode=vulkan ok=1;slot=1;layers=252;inputs=in0;outputs=out0;requestedVulkan=1;effectiveVulkan=1;vkLayers=251/252;vkGpuCount=1;vkGpuName=Maleoon_920C;gpuProbe=ok=1;count=1;name=Maleoon 920C;driver=Maleoon 920C;api=4206867;fp16=111
NCNNSLOT RESULT role=rec mode=vulkan LANDED=GPU engine=ncnn vkReq=1 vk=1 vkLayers=251/252 rep=0 match=1 code=苏ED5172 colour=蓝牌 total=87.9419 stages=43.9181|1.2333|40.5359|2.2386 chars=苏|E|D|5|1|7|2 clsScores=0.0001|0.9998|0.0001
NCNNSLOT RESULT role=rec mode=vulkan LANDED=GPU engine=ncnn vkReq=1 vk=1 vkLayers=251/252 rep=1 match=1 code=苏ED5172 colour=蓝牌 total=84.0897 stages=34.0883|1.3441|43.3472|5.2650 chars=苏|E|D|5|1|7|2 clsScores=0.0001|0.9998|0.0001
NCNNSLOT RESULT role=rec mode=vulkan LANDED=GPU engine=ncnn vkReq=1 vk=1 vkLayers=251/252 rep=2 match=1 code=苏ED5172 colour=蓝牌 total=109.0925 stages=49.0142|3.0694|51.2612|5.7022 chars=苏|E|D|5|1|7|2 clsScores=0.0001|0.9998|0.0001
NCNNSLOT LOAD role=cls mode=cpu ok=1;slot=2;layers=78;inputs=in0;outputs=out0;requestedVulkan=0;effectiveVulkan=0;vkLayers=1/78;vkGpuCount=1;vkGpuName=Maleoon_920C;gpuProbe=not requested
NCNNSLOT RESULT role=cls mode=cpu LANDED=CPU engine=ncnn vkReq=0 vk=0 vkLayers=1/78 rep=0 match=1 code=苏ED5172 colour=蓝牌 total=46.8614 stages=38.2967|3.7392|3.4106|1.4067 chars=苏|E|D|5|1|7|2 clsScores=0.0001|0.9998|0.0001
NCNNSLOT RESULT role=cls mode=cpu LANDED=CPU engine=ncnn vkReq=0 vk=0 vkLayers=1/78 rep=1 match=1 code=苏ED5172 colour=蓝牌 total=38.3062 stages=31.3345|2.0489|3.3497|1.5642 chars=苏|E|D|5|1|7|2 clsScores=0.0001|0.9998|0.0001
NCNNSLOT RESULT role=cls mode=cpu LANDED=CPU engine=ncnn vkReq=0 vk=0 vkLayers=1/78 rep=2 match=1 code=苏ED5172 colour=蓝牌 total=51.2887 stages=41.5691|3.1742|3.7872|2.7447 chars=苏|E|D|5|1|7|2 clsScores=0.0001|0.9998|0.0001
NCNNSLOT LOAD role=cls mode=vulkan ok=1;slot=2;layers=78;inputs=in0;outputs=out0;requestedVulkan=1;effectiveVulkan=1;vkLayers=78/78;vkGpuCount=1;vkGpuName=Maleoon_920C;gpuProbe=ok=1;count=1;name=Maleoon 920C;driver=Maleoon 920C;api=4206867;fp16=111
NCNNSLOT RESULT role=cls mode=vulkan LANDED=GPU engine=ncnn vkReq=1 vk=1 vkLayers=78/78 rep=0 match=1 code=苏ED5172 colour=蓝牌 total=51.5009 stages=37.9959|2.1916|3.4073|7.8964 chars=苏|E|D|5|1|7|2 clsScores=0.0001|0.9998|0.0001
NCNNSLOT RESULT role=cls mode=vulkan LANDED=GPU engine=ncnn vkReq=1 vk=1 vkLayers=78/78 rep=1 match=1 code=苏ED5172 colour=蓝牌 total=45.1197 stages=31.9080|2.2081|3.4620|7.5317 chars=苏|E|D|5|1|7|2 clsScores=0.0001|0.9998|0.0001
NCNNSLOT RESULT role=cls mode=vulkan LANDED=GPU engine=ncnn vkReq=1 vk=1 vkLayers=78/78 rep=2 match=1 code=苏ED5172 colour=蓝牌 total=44.9783 stages=33.3028|1.5744|3.2177|6.8763 chars=苏|E|D|5|1|7|2 clsScores=0.0001|0.9998|0.0001
CANN ENUM ok=1;probe=nnrt+hiai;nnrt_runtime=soname;nnrt_core=soname;hiai_foundation=soname;cann_version=108.631.120.010;getAllDevices_rc=0;device_count=2;d0=id=8987859593747354028,name=HIAI_F,type=ACCELERATOR,nameRc=0,typeRc=0;d1=id=13306020061847651998,name=NPU_ohos.boot.hardware.kirin8020_v2_0,type=ACCELERATOR,nameRc=0,typeRc=0;
CANN TRY model=models/probe_hiai_imagenet.om size=2496459 ok=1;bytes=2496459;hiai_compat_code=0;hiai_compat_note=0=compatible,1=incompatible;construct=ok;picked_device=8987859593747354028;picked_device_all0=8987859593747354028;set_device_rc=0;build_rc=0;build_note=0=SUCCESS, else see OH_NN_ReturnCode;executor=ok;in_count=1;out_count=1;in0=name=data,dtype=FLOAT32,shape=[1x3x227x227];out0=name=output_0_prob_0,dtype=FLOAT32,shape=[1x1000x1x1];in_bytes=618348;out_bytes=4000;run_tensors=1in/1out;run_rc=0;run_ms_each=3.111|0.933|0.898;o0_sum=1.0005;o0_argmax=111;o0_max=0.1509;out_note=synthetic-input->argmax NOT meaningful;executor_destroyed=1;destroyed=1;
CANN TRY model=models/probe_om_lprnet.om size=916283 ok=1;bytes=916283;hiai_compat_code=0;hiai_compat_note=0=compatible,1=incompatible;construct=ok;picked_device=8987859593747354028;picked_device_all0=8987859593747354028;set_device_rc=0;build_rc=0;build_note=0=SUCCESS, else see OH_NN_ReturnCode;executor=ok;in_count=1;out_count=1;in0=name=input,dtype=FLOAT32,shape=[1x3x24x94];out0=name=output,dtype=FLOAT32,shape=[1x1x68x18];in_bytes=27072;out_bytes=4896;run_tensors=1in/1out;run_rc=0;run_ms_each=2.096|1.351|1.317;o0_sum=-62362.3169;o0_argmax=1206;o0_max=311.5000;out_note=synthetic-input->argmax NOT meaningful;executor_destroyed=1;destroyed=1;
CANN TRY model=models/probe_om_lprnet_npufix.om size=915413 ok=1;bytes=915413;hiai_compat_code=0;hiai_compat_note=0=compatible,1=incompatible;construct=ok;picked_device=8987859593747354028;picked_device_all0=8987859593747354028;set_device_rc=0;build_rc=0;build_note=0=SUCCESS, else see OH_NN_ReturnCode;executor=ok;in_count=1;out_count=1;in0=name=input,dtype=FLOAT32,shape=[1x3x24x94];out0=name=output,dtype=FLOAT32,shape=[1x1x68x18];in_bytes=27072;out_bytes=4896;run_tensors=1in/1out;run_rc=0;run_ms_each=2.074|1.216|1.174;o0_sum=-62362.3169;o0_argmax=1206;o0_max=311.5000;out_note=synthetic-input->argmax NOT meaningful;executor_destroyed=1;destroyed=1;
CANN TRY model=models/probe_om_det.om size=1948509 ok=1;bytes=1948509;hiai_compat_code=1;hiai_compat_note=0=compatible,1=incompatible;construct=ok;picked_device=8987859593747354028;picked_device_all0=8987859593747354028;set_device_rc=0;build_rc=1;build_note=0=SUCCESS, else see OH_NN_ReturnCode;destroyed=1;
CANN TRY model=models/probe_om_dethead.om size=1010950 ok=1;bytes=1010950;hiai_compat_code=0;hiai_compat_note=0=compatible,1=incompatible;construct=ok;picked_device=8987859593747354028;picked_device_all0=8987859593747354028;set_device_rc=0;build_rc=0;build_note=0=SUCCESS, else see OH_NN_ReturnCode;executor=ok;in_count=1;out_count=3;in0=name=input,dtype=FLOAT32,shape=[1x3x320x320];out0=name=948,dtype=FLOAT32,shape=[1x45x40x40];out1=name=1061,dtype=FLOAT32,shape=[1x45x20x20];out2=name=1174,dtype=FLOAT32,shape=[1x45x10x10];in_bytes=1228800;out_bytes=378000;run_tensors=1in/3out;run_rc=0;run_ms_each=5.999|5.293|6.045;o0_sum=-25055.3415;o0_argmax=28756;o0_max=6.5898;o1_sum=-11325.9309;o1_argmax=11231;o1_max=5.9961;o2_sum=-3700.2237;o2_argmax=2888;o2_max=5.0664;out_note=synthetic-input->argmax NOT meaningful;executor_destroyed=1;destroyed=1;
CANN TRY model=models/probe_om_rec.om size=5041253 ok=1;bytes=5041253;hiai_compat_code=0;hiai_compat_note=0=compatible,1=incompatible;construct=ok;picked_device=8987859593747354028;picked_device_all0=8987859593747354028;set_device_rc=0;build_rc=0;build_note=0=SUCCESS, else see OH_NN_ReturnCode;executor=ok;in_count=1;out_count=1;in0=name=data,dtype=FLOAT32,shape=[1x3x48x160];out0=name=output,dtype=FLOAT32,shape=[1x1x20x78];in_bytes=92160;out_bytes=6240;run_tensors=1in/1out;run_rc=0;run_ms_each=3.981|3.228|4.341;o0_sum=19.9978;o0_argmax=1326;o0_max=0.8359;out_note=synthetic-input->argmax NOT meaningful;executor_destroyed=1;destroyed=1;
CANN TRY model=models/probe_om_cls.om size=841728 ok=1;bytes=841728;hiai_compat_code=0;hiai_compat_note=0=compatible,1=incompatible;construct=ok;picked_device=8987859593747354028;picked_device_all0=8987859593747354028;set_device_rc=0;build_rc=0;build_note=0=SUCCESS, else see OH_NN_ReturnCode;executor=ok;in_count=1;out_count=1;in0=name=data,dtype=FLOAT32,shape=[1x3x96x96];out0=name=output,dtype=FLOAT32,shape=[1x3x1x1];in_bytes=110592;out_bytes=12;run_tensors=1in/1out;run_rc=0;run_ms_each=2.200|1.192|1.058;o0_sum=0.9981;o0_argmax=0;o0_max=0.9980;out_note=synthetic-input->argmax NOT meaningful;executor_destroyed=1;destroyed=1;
CANN TRY model=models/y5fu_320x_head_fp32.ms size=1847336 ok=1;bytes=1847336;hiai_compat_code=1;hiai_compat_note=0=compatible,1=incompatible;construct=ok;picked_device=8987859593747354028;picked_device_all0=8987859593747354028;set_device_rc=0;build_rc=1;build_note=0=SUCCESS, else see OH_NN_ReturnCode;destroyed=1;
CANN TRY model=models/rpv3_mdict_160_r3.ms size=4480304 ok=1;bytes=4480304;hiai_compat_code=1;hiai_compat_note=0=compatible,1=incompatible;construct=ok;picked_device=8987859593747354028;picked_device_all0=8987859593747354028;set_device_rc=0;build_rc=1;build_note=0=SUCCESS, else see OH_NN_ReturnCode;destroyed=1;
CANN TRY model=models/litemodel_cls_96x_r1.ms size=817432 ok=1;bytes=817432;hiai_compat_code=1;hiai_compat_note=0=compatible,1=incompatible;construct=ok;picked_device=8987859593747354028;picked_device_all0=8987859593747354028;set_device_rc=0;build_rc=1;build_note=0=SUCCESS, else see OH_NN_ReturnCode;destroyed=1;
E2EMATRIX LOAD role=det backend=cpu ok=1;id=0;cached=1;name=models/y5fu_320x_head_fp32.ms;backend=CPU;requested=cpu;fallbackFrom=;attemptLog=CPU(ok);inputName=input;outputName=948;inputShape=[1,320,320,3];outputShape=[1,45,40,40];inputFormat=NHWC;outputFormat=NCHW;inputElems=307200;outputElems=72000;error=
E2EMATRIX RESULT role=det backend=cpu LANDED=CPU engine=ms req=cpu fallback= rep=0 match=1 code=苏ED5172 total=23.5350 stages=17.4709|1.5453|3.4719|1.0364 trail=CPU(ok)
E2EMATRIX RESULT role=det backend=cpu LANDED=CPU engine=ms req=cpu fallback= rep=1 match=1 code=苏ED5172 total=29.9617 stages=24.0492|1.5897|3.3641|0.9473 trail=CPU(ok)
E2EMATRIX RESULT role=det backend=cpu LANDED=CPU engine=ms req=cpu fallback= rep=2 match=1 code=苏ED5172 total=42.6911 stages=36.8658|1.5525|3.2812|0.9813 trail=CPU(ok)
E2EMATRIX LOAD role=det backend=nnrt ok=1;id=3;cached=1;name=models/y5fu_320x_head_fp32.ms;backend=NNRT:NPU_ohos.boot.hardware.kirin8020_v2_0#fp32;requested=nnrt;fallbackFrom=;attemptLog=NNRT:NPU_ohos.boot.hardware.kirin8020_v2_0#fp32(ok);inputName=input;outputName=948;inputShape=[1,320,320,3];outputShape=[1,45,40,40];inputFormat=NHWC;outputFormat=NCHW;inputElems=307200;outputElems=72000;error=
E2EMATRIX RESULT role=det backend=nnrt LANDED=NNRT:NPU_ohos.boot.hardware.kirin8020_v2_0#fp32 engine=ms req=nnrt fallback= rep=0 match=0 code=苏E05172 total=21.3934 stages=13.5317|2.3963|3.5163|1.9286 trail=NNRT:NPU_ohos.boot.hardware.kirin8020_v2_0#fp32(ok)
E2EMATRIX RESULT role=det backend=nnrt LANDED=NNRT:NPU_ohos.boot.hardware.kirin8020_v2_0#fp32 engine=ms req=nnrt fallback= rep=1 match=0 code=苏E05172 total=19.7234 stages=12.7747|2.1664|3.6180|1.1544 trail=NNRT:NPU_ohos.boot.hardware.kirin8020_v2_0#fp32(ok)
E2EMATRIX RESULT role=det backend=nnrt LANDED=NNRT:NPU_ohos.boot.hardware.kirin8020_v2_0#fp32 engine=ms req=nnrt fallback= rep=2 match=0 code=苏E05172 total=25.8195 stages=13.5753|5.7000|3.2909|3.2239 trail=NNRT:NPU_ohos.boot.hardware.kirin8020_v2_0#fp32(ok)
E2EMATRIX LOAD role=det backend=nnrt_fp32 ok=1;id=4;cached=0;name=models/y5fu_320x_head_fp32.ms;backend=NNRT:NPU_ohos.boot.hardware.kirin8020_v2_0#fp32;requested=nnrt_fp32;fallbackFrom=;attemptLog=NNRT:NPU_ohos.boot.hardware.kirin8020_v2_0#fp32(ok);inputName=input;outputName=948;inputShape=[1,320,320,3];outputShape=[1,45,40,40];inputFormat=NHWC;outputFormat=NCHW;inputElems=307200;outputElems=72000;error=
E2EMATRIX RESULT role=det backend=nnrt_fp32 LANDED=NNRT:NPU_ohos.boot.hardware.kirin8020_v2_0#fp32 engine=ms req=nnrt_fp32 fallback= rep=0 match=0 code=苏E05172 total=23.5592 stages=13.6719|5.0250|3.3422|1.5039 trail=NNRT:NPU_ohos.boot.hardware.kirin8020_v2_0#fp32(ok)
E2EMATRIX RESULT role=det backend=nnrt_fp32 LANDED=NNRT:NPU_ohos.boot.hardware.kirin8020_v2_0#fp32 engine=ms req=nnrt_fp32 fallback= rep=1 match=0 code=苏E05172 total=23.5425 stages=13.3130|2.6347|4.4605|3.1030 trail=NNRT:NPU_ohos.boot.hardware.kirin8020_v2_0#fp32(ok)
E2EMATRIX RESULT role=det backend=nnrt_fp32 LANDED=NNRT:NPU_ohos.boot.hardware.kirin8020_v2_0#fp32 engine=ms req=nnrt_fp32 fallback= rep=2 match=0 code=苏E05172 total=30.8436 stages=18.1048|4.2630|5.3534|3.0964 trail=NNRT:NPU_ohos.boot.hardware.kirin8020_v2_0#fp32(ok)
E2EMATRIX LOAD role=det backend=nnrt_fp16 ok=1;id=5;cached=0;name=models/y5fu_320x_head_fp32.ms;backend=NNRT:NPU_ohos.boot.hardware.kirin8020_v2_0;requested=nnrt_fp16;fallbackFrom=;attemptLog=NNRT:NPU_ohos.boot.hardware.kirin8020_v2_0(ok);inputName=input;outputName=948;inputShape=[1,320,320,3];outputShape=[1,45,40,40];inputFormat=NHWC;outputFormat=NCHW;inputElems=307200;outputElems=72000;error=
E2EMATRIX RESULT role=det backend=nnrt_fp16 LANDED=NNRT:NPU_ohos.boot.hardware.kirin8020_v2_0 engine=ms req=nnrt_fp16 fallback= rep=0 match=0 code=苏E05172 total=19.1858 stages=10.8070|3.1277|3.4472|1.7858 trail=NNRT:NPU_ohos.boot.hardware.kirin8020_v2_0(ok)
E2EMATRIX RESULT role=det backend=nnrt_fp16 LANDED=NNRT:NPU_ohos.boot.hardware.kirin8020_v2_0 engine=ms req=nnrt_fp16 fallback= rep=1 match=0 code=苏E05172 total=19.4269 stages=10.8086|3.1348|3.6700|1.7922 trail=NNRT:NPU_ohos.boot.hardware.kirin8020_v2_0(ok)
E2EMATRIX RESULT role=det backend=nnrt_fp16 LANDED=NNRT:NPU_ohos.boot.hardware.kirin8020_v2_0 engine=ms req=nnrt_fp16 fallback= rep=2 match=0 code=苏E05172 total=19.7931 stages=10.8303|3.1525|3.8088|1.9841 trail=NNRT:NPU_ohos.boot.hardware.kirin8020_v2_0(ok)
E2EMATRIX LOAD role=det backend=gpu ok=1;id=6;cached=0;name=models/y5fu_320x_head_fp32.ms;backend=CPU;requested=gpu;fallbackFrom=GPU:fp16;attemptLog=GPU:fp16(fail) GPU:fp32(fail) CPU(ok);inputName=input;outputName=948;inputShape=[1,320,320,3];outputShape=[1,45,40,40];inputFormat=NHWC;outputFormat=NCHW;inputElems=307200;outputElems=72000;error=
E2EMATRIX RESULT role=det backend=gpu LANDED=CPU engine=ms req=gpu fallback=GPU:fp16 rep=0 match=1 code=苏ED5172 total=37.9350 stages=30.7067|2.4011|3.5470|1.2644 trail=GPU:fp16(fail) GPU:fp32(fail) CPU(ok)
E2EMATRIX RESULT role=det backend=gpu LANDED=CPU engine=ms req=gpu fallback=GPU:fp16 rep=1 match=1 code=苏ED5172 total=32.3512 stages=25.4352|2.2025|3.4992|1.2012 trail=GPU:fp16(fail) GPU:fp32(fail) CPU(ok)
E2EMATRIX RESULT role=det backend=gpu LANDED=CPU engine=ms req=gpu fallback=GPU:fp16 rep=2 match=1 code=苏ED5172 total=29.0134 stages=22.0556|2.1878|3.4430|1.3130 trail=GPU:fp16(fail) GPU:fp32(fail) CPU(ok)
E2EMATRIX LOAD role=det backend=kirin ok=1;id=7;cached=0;name=models/y5fu_320x_head_fp32.ms;backend=CPU;requested=kirin;fallbackFrom=KIRIN_NPU;attemptLog=KIRIN_NPU(fail) CPU(ok);inputName=input;outputName=948;inputShape=[1,320,320,3];outputShape=[1,45,40,40];inputFormat=NHWC;outputFormat=NCHW;inputElems=307200;outputElems=72000;error=
E2EMATRIX RESULT role=det backend=kirin LANDED=CPU engine=ms req=kirin fallback=KIRIN_NPU rep=0 match=1 code=苏ED5172 total=49.1139 stages=42.2137|2.1744|3.5453|1.1681 trail=KIRIN_NPU(fail) CPU(ok)
E2EMATRIX RESULT role=det backend=kirin LANDED=CPU engine=ms req=kirin fallback=KIRIN_NPU rep=1 match=1 code=苏ED5172 total=34.2280 stages=27.3611|2.2262|3.4925|1.1314 trail=KIRIN_NPU(fail) CPU(ok)
E2EMATRIX RESULT role=det backend=kirin LANDED=CPU engine=ms req=kirin fallback=KIRIN_NPU rep=2 match=1 code=苏ED5172 total=38.2097 stages=31.2798|2.1709|3.4794|1.2664 trail=KIRIN_NPU(fail) CPU(ok)
E2EMATRIX LOAD role=rec backend=cpu ok=1;id=8;cached=0;name=models/rpv3_mdict_160_r3.ms;backend=CPU;requested=cpu;fallbackFrom=;attemptLog=CPU(ok);inputName=data;outputName=output;inputShape=[1,48,160,3];outputShape=[1,20,78];inputFormat=NHWC;outputFormat=NHWC;inputElems=23040;outputElems=1560;error=
E2EMATRIX RESULT role=rec backend=cpu LANDED=CPU engine=ms req=cpu fallback= rep=0 match=1 code=苏ED5172 total=51.2564 stages=31.9778|2.0173|16.2133|1.0355 trail=CPU(ok)
E2EMATRIX RESULT role=rec backend=cpu LANDED=CPU engine=ms req=cpu fallback= rep=1 match=1 code=苏ED5172 total=47.6384 stages=30.4652|1.5730|14.5650|1.0227 trail=CPU(ok)
E2EMATRIX RESULT role=rec backend=cpu LANDED=CPU engine=ms req=cpu fallback= rep=2 match=1 code=苏ED5172 total=52.2627 stages=28.6306|2.2041|20.3673|1.0480 trail=CPU(ok)
E2EMATRIX LOAD role=rec backend=nnrt ok=1;id=1;cached=1;name=models/rpv3_mdict_160_r3.ms;backend=NNRT:NPU_ohos.boot.hardware.kirin8020_v2_0#fp32;requested=nnrt;fallbackFrom=;attemptLog=NNRT:NPU_ohos.boot.hardware.kirin8020_v2_0#fp32(ok);inputName=data;outputName=output;inputShape=[1,48,160,3];outputShape=[1,20,78];inputFormat=NHWC;outputFormat=NHWC;inputElems=23040;outputElems=1560;error=
E2EMATRIX RESULT role=rec backend=nnrt LANDED=NNRT:NPU_ohos.boot.hardware.kirin8020_v2_0#fp32 engine=ms req=nnrt fallback= rep=0 match=1 code=苏ED5172 total=41.2017 stages=34.7153|1.8783|3.4641|1.1328 trail=NNRT:NPU_ohos.boot.hardware.kirin8020_v2_0#fp32(ok)
E2EMATRIX RESULT role=rec backend=nnrt LANDED=NNRT:NPU_ohos.boot.hardware.kirin8020_v2_0#fp32 engine=ms req=nnrt fallback= rep=1 match=1 code=苏ED5172 total=39.4927 stages=33.4758|1.7072|3.3125|0.9870 trail=NNRT:NPU_ohos.boot.hardware.kirin8020_v2_0#fp32(ok)
E2EMATRIX RESULT role=rec backend=nnrt LANDED=NNRT:NPU_ohos.boot.hardware.kirin8020_v2_0#fp32 engine=ms req=nnrt fallback= rep=2 match=1 code=苏ED5172 total=39.9505 stages=33.3916|1.9119|3.4673|1.1708 trail=NNRT:NPU_ohos.boot.hardware.kirin8020_v2_0#fp32(ok)
E2EMATRIX LOAD role=rec backend=nnrt_fp32 ok=1;id=9;cached=0;name=models/rpv3_mdict_160_r3.ms;backend=NNRT:NPU_ohos.boot.hardware.kirin8020_v2_0#fp32;requested=nnrt_fp32;fallbackFrom=;attemptLog=NNRT:NPU_ohos.boot.hardware.kirin8020_v2_0#fp32(ok);inputName=data;outputName=output;inputShape=[1,48,160,3];outputShape=[1,20,78];inputFormat=NHWC;outputFormat=NHWC;inputElems=23040;outputElems=1560;error=
E2EMATRIX RESULT role=rec backend=nnrt_fp32 LANDED=NNRT:NPU_ohos.boot.hardware.kirin8020_v2_0#fp32 engine=ms req=nnrt_fp32 fallback= rep=0 match=1 code=苏ED5172 total=49.4370 stages=42.4373|2.2478|3.4083|1.3297 trail=NNRT:NPU_ohos.boot.hardware.kirin8020_v2_0#fp32(ok)
E2EMATRIX RESULT role=rec backend=nnrt_fp32 LANDED=NNRT:NPU_ohos.boot.hardware.kirin8020_v2_0#fp32 engine=ms req=nnrt_fp32 fallback= rep=1 match=1 code=苏ED5172 total=54.4303 stages=36.3656|7.5942|5.9898|4.4361 trail=NNRT:NPU_ohos.boot.hardware.kirin8020_v2_0#fp32(ok)
E2EMATRIX RESULT role=rec backend=nnrt_fp32 LANDED=NNRT:NPU_ohos.boot.hardware.kirin8020_v2_0#fp32 engine=ms req=nnrt_fp32 fallback= rep=2 match=1 code=苏ED5172 total=43.4142 stages=35.0739|1.9192|3.3000|3.1067 trail=NNRT:NPU_ohos.boot.hardware.kirin8020_v2_0#fp32(ok)
E2EMATRIX LOAD role=rec backend=nnrt_fp16 ok=1;id=10;cached=0;name=models/rpv3_mdict_160_r3.ms;backend=NNRT:NPU_ohos.boot.hardware.kirin8020_v2_0;requested=nnrt_fp16;fallbackFrom=;attemptLog=NNRT:NPU_ohos.boot.hardware.kirin8020_v2_0(ok);inputName=data;outputName=output;inputShape=[1,48,160,3];outputShape=[1,20,78];inputFormat=NHWC;outputFormat=NHWC;inputElems=23040;outputElems=1560;error=
E2EMATRIX RESULT role=rec backend=nnrt_fp16 LANDED=NNRT:NPU_ohos.boot.hardware.kirin8020_v2_0 engine=ms req=nnrt_fp16 fallback= rep=0 match=1 code=苏ED5172 total=42.6234 stages=34.9661|2.8497|3.5206|1.2702 trail=NNRT:NPU_ohos.boot.hardware.kirin8020_v2_0(ok)
E2EMATRIX RESULT role=rec backend=nnrt_fp16 LANDED=NNRT:NPU_ohos.boot.hardware.kirin8020_v2_0 engine=ms req=nnrt_fp16 fallback= rep=1 match=1 code=苏ED5172 total=32.1475 stages=25.9720|1.8411|3.2867|1.0339 trail=NNRT:NPU_ohos.boot.hardware.kirin8020_v2_0(ok)
E2EMATRIX RESULT role=rec backend=nnrt_fp16 LANDED=NNRT:NPU_ohos.boot.hardware.kirin8020_v2_0 engine=ms req=nnrt_fp16 fallback= rep=2 match=1 code=苏ED5172 total=41.3739 stages=35.5602|1.6056|3.2916|0.9061 trail=NNRT:NPU_ohos.boot.hardware.kirin8020_v2_0(ok)
E2EMATRIX LOAD role=rec backend=gpu ok=1;id=11;cached=0;name=models/rpv3_mdict_160_r3.ms;backend=CPU;requested=gpu;fallbackFrom=GPU:fp16;attemptLog=GPU:fp16(fail) GPU:fp32(fail) CPU(ok);inputName=data;outputName=output;inputShape=[1,48,160,3];outputShape=[1,20,78];inputFormat=NHWC;outputFormat=NHWC;inputElems=23040;outputElems=1560;error=
E2EMATRIX RESULT role=rec backend=gpu LANDED=CPU engine=ms req=gpu fallback=GPU:fp16 rep=0 match=1 code=苏ED5172 total=48.7973 stages=29.2147|1.9284|16.5647|1.0805 trail=GPU:fp16(fail) GPU:fp32(fail) CPU(ok)
E2EMATRIX RESULT role=rec backend=gpu LANDED=CPU engine=ms req=gpu fallback=GPU:fp16 rep=1 match=1 code=苏ED5172 total=58.1197 stages=33.3289|2.1489|21.2059|1.4183 trail=GPU:fp16(fail) GPU:fp32(fail) CPU(ok)
E2EMATRIX RESULT role=rec backend=gpu LANDED=CPU engine=ms req=gpu fallback=GPU:fp16 rep=2 match=1 code=苏ED5172 total=53.2742 stages=30.5155|2.3695|19.2717|1.1061 trail=GPU:fp16(fail) GPU:fp32(fail) CPU(ok)
E2EMATRIX LOAD role=rec backend=kirin ok=1;id=12;cached=0;name=models/rpv3_mdict_160_r3.ms;backend=CPU;requested=kirin;fallbackFrom=KIRIN_NPU;attemptLog=KIRIN_NPU(fail) CPU(ok);inputName=data;outputName=output;inputShape=[1,48,160,3];outputShape=[1,20,78];inputFormat=NHWC;outputFormat=NHWC;inputElems=23040;outputElems=1560;error=
E2EMATRIX RESULT role=rec backend=kirin LANDED=CPU engine=ms req=kirin fallback=KIRIN_NPU rep=0 match=1 code=苏ED5172 total=51.4109 stages=34.4806|1.2723|14.6031|1.0400 trail=KIRIN_NPU(fail) CPU(ok)
E2EMATRIX RESULT role=rec backend=kirin LANDED=CPU engine=ms req=kirin fallback=KIRIN_NPU rep=1 match=1 code=苏ED5172 total=49.0238 stages=30.4494|1.6845|15.8591|1.0186 trail=KIRIN_NPU(fail) CPU(ok)
E2EMATRIX RESULT role=rec backend=kirin LANDED=CPU engine=ms req=kirin fallback=KIRIN_NPU rep=2 match=1 code=苏ED5172 total=46.8572 stages=29.9716|1.5634|14.3083|1.0045 trail=KIRIN_NPU(fail) CPU(ok)
E2EMATRIX LOAD role=cls backend=cpu ok=1;id=2;cached=1;name=models/litemodel_cls_96x_r1.ms;backend=CPU;requested=cpu;fallbackFrom=;attemptLog=CPU(ok);inputName=data;outputName=output;inputShape=[1,96,96,3];outputShape=[1,3];inputFormat=NHWC;outputFormat=NCHW;inputElems=27648;outputElems=3;error=
E2EMATRIX RESULT role=cls backend=cpu LANDED=CPU engine=ms req=cpu fallback= rep=0 match=1 code=苏ED5172 total=23.4162 stages=16.1589|2.5494|3.5439|1.1534 trail=CPU(ok)
E2EMATRIX RESULT role=cls backend=cpu LANDED=CPU engine=ms req=cpu fallback= rep=1 match=1 code=苏ED5172 total=26.1362 stages=19.4608|2.0284|3.4122|1.2237 trail=CPU(ok)
E2EMATRIX RESULT role=cls backend=cpu LANDED=CPU engine=ms req=cpu fallback= rep=2 match=1 code=苏ED5172 total=29.4361 stages=22.4742|2.1770|3.4853|1.2856 trail=CPU(ok)
E2EMATRIX LOAD role=cls backend=nnrt ok=1;id=13;cached=0;name=models/litemodel_cls_96x_r1.ms;backend=CPU;requested=nnrt;fallbackFrom=NNRT:NPU_ohos.boot.hardware.kirin8020_v2_0#fp32;attemptLog=NNRT:NPU_ohos.boot.hardware.kirin8020_v2_0#fp32(fail) NNRT:HIAI_F#fp32(fail) CPU(ok);inputName=data;outputName=output;inputShape=[1,96,96,3];outputShape=[1,3];inputFormat=NHWC;outputFormat=NCHW;inputElems=27648;outputElems=3;error=
E2EMATRIX RESULT role=cls backend=nnrt LANDED=CPU engine=ms req=nnrt fallback=NNRT:NPU_ohos.boot.hardware.kirin8020_v2_0#fp32 rep=0 match=1 code=苏ED5172 total=35.7278 stages=28.8772|2.1245|3.6234|1.0902 trail=NNRT:NPU_ohos.boot.hardware.kirin8020_v2_0#fp32(fail) NNRT:HIAI_F#fp32(fail) CPU(ok)
E2EMATRIX RESULT role=cls backend=nnrt LANDED=CPU engine=ms req=nnrt fallback=NNRT:NPU_ohos.boot.hardware.kirin8020_v2_0#fp32 rep=1 match=1 code=苏ED5172 total=38.9191 stages=31.8916|2.1912|3.5462|1.2744 trail=NNRT:NPU_ohos.boot.hardware.kirin8020_v2_0#fp32(fail) NNRT:HIAI_F#fp32(fail) CPU(ok)
E2EMATRIX RESULT role=cls backend=nnrt LANDED=CPU engine=ms req=nnrt fallback=NNRT:NPU_ohos.boot.hardware.kirin8020_v2_0#fp32 rep=2 match=1 code=苏ED5172 total=64.5575 stages=46.7544|7.5788|5.5566|4.6361 trail=NNRT:NPU_ohos.boot.hardware.kirin8020_v2_0#fp32(fail) NNRT:HIAI_F#fp32(fail) CPU(ok)
E2EMATRIX LOAD role=cls backend=nnrt_fp32 ok=1;id=14;cached=0;name=models/litemodel_cls_96x_r1.ms;backend=CPU;requested=nnrt_fp32;fallbackFrom=NNRT:NPU_ohos.boot.hardware.kirin8020_v2_0#fp32;attemptLog=NNRT:NPU_ohos.boot.hardware.kirin8020_v2_0#fp32(fail) NNRT:HIAI_F#fp32(fail) CPU(ok);inputName=data;outputName=output;inputShape=[1,96,96,3];outputShape=[1,3];inputFormat=NHWC;outputFormat=NCHW;inputElems=27648;outputElems=3;error=
E2EMATRIX RESULT role=cls backend=nnrt_fp32 LANDED=CPU engine=ms req=nnrt_fp32 fallback=NNRT:NPU_ohos.boot.hardware.kirin8020_v2_0#fp32 rep=0 match=1 code=苏ED5172 total=50.7358 stages=43.5197|2.1745|3.8206|1.2050 trail=NNRT:NPU_ohos.boot.hardware.kirin8020_v2_0#fp32(fail) NNRT:HIAI_F#fp32(fail) CPU(ok)
E2EMATRIX RESULT role=cls backend=nnrt_fp32 LANDED=CPU engine=ms req=nnrt_fp32 fallback=NNRT:NPU_ohos.boot.hardware.kirin8020_v2_0#fp32 rep=1 match=1 code=苏ED5172 total=45.0186 stages=38.0855|2.1541|3.4800|1.2805 trail=NNRT:NPU_ohos.boot.hardware.kirin8020_v2_0#fp32(fail) NNRT:HIAI_F#fp32(fail) CPU(ok)
E2EMATRIX RESULT role=cls backend=nnrt_fp32 LANDED=CPU engine=ms req=nnrt_fp32 fallback=NNRT:NPU_ohos.boot.hardware.kirin8020_v2_0#fp32 rep=2 match=1 code=苏ED5172 total=44.2116 stages=37.2394|2.1595|3.4497|1.3514 trail=NNRT:NPU_ohos.boot.hardware.kirin8020_v2_0#fp32(fail) NNRT:HIAI_F#fp32(fail) CPU(ok)
E2EMATRIX LOAD role=cls backend=nnrt_fp16 ok=1;id=15;cached=0;name=models/litemodel_cls_96x_r1.ms;backend=CPU;requested=nnrt_fp16;fallbackFrom=NNRT:NPU_ohos.boot.hardware.kirin8020_v2_0;attemptLog=NNRT:NPU_ohos.boot.hardware.kirin8020_v2_0(fail) NNRT:HIAI_F(fail) CPU(ok);inputName=data;outputName=output;inputShape=[1,96,96,3];outputShape=[1,3];inputFormat=NHWC;outputFormat=NCHW;inputElems=27648;outputElems=3;error=
E2EMATRIX RESULT role=cls backend=nnrt_fp16 LANDED=CPU engine=ms req=nnrt_fp16 fallback=NNRT:NPU_ohos.boot.hardware.kirin8020_v2_0 rep=0 match=1 code=苏ED5172 total=45.1014 stages=37.7516|2.1736|3.9212|1.2391 trail=NNRT:NPU_ohos.boot.hardware.kirin8020_v2_0(fail) NNRT:HIAI_F(fail) CPU(ok)
E2EMATRIX RESULT role=cls backend=nnrt_fp16 LANDED=CPU engine=ms req=nnrt_fp16 fallback=NNRT:NPU_ohos.boot.hardware.kirin8020_v2_0 rep=1 match=1 code=苏ED5172 total=60.2094 stages=43.4625|7.5616|5.4425|3.6984 trail=NNRT:NPU_ohos.boot.hardware.kirin8020_v2_0(fail) NNRT:HIAI_F(fail) CPU(ok)
E2EMATRIX RESULT role=cls backend=nnrt_fp16 LANDED=CPU engine=ms req=nnrt_fp16 fallback=NNRT:NPU_ohos.boot.hardware.kirin8020_v2_0 rep=2 match=1 code=苏ED5172 total=48.2705 stages=41.9975|1.7281|3.4470|1.0855 trail=NNRT:NPU_ohos.boot.hardware.kirin8020_v2_0(fail) NNRT:HIAI_F(fail) CPU(ok)
E2EMATRIX LOAD role=cls backend=gpu ok=1;id=16;cached=0;name=models/litemodel_cls_96x_r1.ms;backend=CPU;requested=gpu;fallbackFrom=GPU:fp16;attemptLog=GPU:fp16(fail) GPU:fp32(fail) CPU(ok);inputName=data;outputName=output;inputShape=[1,96,96,3];outputShape=[1,3];inputFormat=NHWC;outputFormat=NCHW;inputElems=27648;outputElems=3;error=
E2EMATRIX RESULT role=cls backend=gpu LANDED=CPU engine=ms req=gpu fallback=GPU:fp16 rep=0 match=1 code=苏ED5172 total=63.6194 stages=45.5342|7.8688|6.1350|4.0427 trail=GPU:fp16(fail) GPU:fp32(fail) CPU(ok)
E2EMATRIX RESULT role=cls backend=gpu LANDED=CPU engine=ms req=gpu fallback=GPU:fp16 rep=1 match=1 code=苏ED5172 total=69.8727 stages=52.3647|7.6319|5.7380|4.0931 trail=GPU:fp16(fail) GPU:fp32(fail) CPU(ok)
E2EMATRIX RESULT role=cls backend=gpu LANDED=CPU engine=ms req=gpu fallback=GPU:fp16 rep=2 match=1 code=苏ED5172 total=52.7577 stages=45.9097|2.0294|3.5789|1.2266 trail=GPU:fp16(fail) GPU:fp32(fail) CPU(ok)
E2EMATRIX LOAD role=cls backend=kirin ok=1;id=17;cached=0;name=models/litemodel_cls_96x_r1.ms;backend=CPU;requested=kirin;fallbackFrom=KIRIN_NPU;attemptLog=KIRIN_NPU(fail) CPU(ok);inputName=data;outputName=output;inputShape=[1,96,96,3];outputShape=[1,3];inputFormat=NHWC;outputFormat=NCHW;inputElems=27648;outputElems=3;error=
E2EMATRIX RESULT role=cls backend=kirin LANDED=CPU engine=ms req=kirin fallback=KIRIN_NPU rep=0 match=1 code=苏ED5172 total=61.3077 stages=52.0152|3.4684|4.0170|1.7877 trail=KIRIN_NPU(fail) CPU(ok)
E2EMATRIX RESULT role=cls backend=kirin LANDED=CPU engine=ms req=kirin fallback=KIRIN_NPU rep=1 match=1 code=苏ED5172 total=36.2503 stages=29.2056|1.6839|3.2856|1.0470 trail=KIRIN_NPU(fail) CPU(ok)
E2EMATRIX RESULT role=cls backend=kirin LANDED=CPU engine=ms req=kirin fallback=KIRIN_NPU rep=2 match=1 code=苏ED5172 total=43.2139 stages=36.1648|2.2041|3.5591|1.2748 trail=KIRIN_NPU(fail) CPU(ok)
E2EMATRIX LOAD role=cls-fp32 backend=cpu ok=1;id=18;cached=0;name=models/litemodel_cls_96x_r1_fp32.ms;backend=CPU;requested=cpu;fallbackFrom=;attemptLog=CPU(ok);inputName=data;outputName=output;inputShape=[1,96,96,3];outputShape=[1,3];inputFormat=NHWC;outputFormat=NCHW;inputElems=27648;outputElems=3;error=
E2EMATRIX RESULT role=cls-fp32 backend=cpu LANDED=CPU engine=ms req=cpu fallback= rep=0 match=1 code=苏ED5172 total=36.0323 stages=29.2372|2.0334|3.4819|1.2705 trail=CPU(ok)
E2EMATRIX RESULT role=cls-fp32 backend=cpu LANDED=CPU engine=ms req=cpu fallback= rep=1 match=1 code=苏ED5172 total=45.6552 stages=38.5130|2.1672|3.6025|1.3602 trail=CPU(ok)
E2EMATRIX RESULT role=cls-fp32 backend=cpu LANDED=CPU engine=ms req=cpu fallback= rep=2 match=1 code=苏ED5172 total=84.6978 stages=66.2748|7.7859|6.4983|4.1075 trail=CPU(ok)
E2EMATRIX LOAD role=cls-fp32 backend=nnrt ok=1;id=19;cached=0;name=models/litemodel_cls_96x_r1_fp32.ms;backend=NNRT:NPU_ohos.boot.hardware.kirin8020_v2_0#fp32;requested=nnrt;fallbackFrom=;attemptLog=NNRT:NPU_ohos.boot.hardware.kirin8020_v2_0#fp32(ok);inputName=data;outputName=output;inputShape=[1,96,96,3];outputShape=[1,3];inputFormat=NHWC;outputFormat=NCHW;inputElems=27648;outputElems=3;error=
E2EMATRIX RESULT role=cls-fp32 backend=nnrt LANDED=NNRT:NPU_ohos.boot.hardware.kirin8020_v2_0#fp32 engine=ms req=nnrt fallback= rep=0 match=1 code=苏ED5172 total=46.5959 stages=39.7792|2.1577|3.4000|1.2470 trail=NNRT:NPU_ohos.boot.hardware.kirin8020_v2_0#fp32(ok)
E2EMATRIX RESULT role=cls-fp32 backend=nnrt LANDED=NNRT:NPU_ohos.boot.hardware.kirin8020_v2_0#fp32 engine=ms req=nnrt fallback= rep=1 match=1 code=苏ED5172 total=33.7131 stages=27.5067|1.7120|3.3438|1.1431 trail=NNRT:NPU_ohos.boot.hardware.kirin8020_v2_0#fp32(ok)
E2EMATRIX RESULT role=cls-fp32 backend=nnrt LANDED=NNRT:NPU_ohos.boot.hardware.kirin8020_v2_0#fp32 engine=ms req=nnrt fallback= rep=2 match=1 code=苏ED5172 total=36.7655 stages=29.8892|2.1642|3.5100|1.1933 trail=NNRT:NPU_ohos.boot.hardware.kirin8020_v2_0#fp32(ok)
E2EMATRIX LOAD role=cls-fp32 backend=nnrt_fp32 ok=0;backend=nnrt_fp32;error=session cap 20 reached
E2EMATRIX LOAD role=cls-fp32 backend=nnrt_fp16 ok=0;backend=nnrt_fp16;error=session cap 20 reached
E2EMATRIX LOAD role=cls-fp32 backend=gpu ok=0;backend=gpu;error=session cap 20 reached
E2EMATRIX LOAD role=cls-fp32 backend=kirin ok=0;backend=kirin;error=session cap 20 reached
NCNNSLOT LOAD role=rec mode=cpu ok=1;slot=1;layers=252;inputs=in0;outputs=out0;requestedVulkan=0;effectiveVulkan=0;vkLayers=1/252;vkGpuCount=1;vkGpuName=Maleoon_920C;gpuProbe=not requested
NCNNSLOT RESULT role=rec mode=cpu LANDED=CPU engine=ncnn vkReq=0 vk=0 vkLayers=1/252 rep=0 match=1 code=苏ED5172 colour=蓝牌 total=43.7631 stages=29.7411|1.5392|11.0525|1.4145 chars=苏|E|D|5|1|7|2 clsScores=0.0001|0.9998|0.0001
NCNNSLOT RESULT role=rec mode=cpu LANDED=CPU engine=ncnn vkReq=0 vk=0 vkLayers=1/252 rep=1 match=1 code=苏ED5172 colour=蓝牌 total=46.7214 stages=28.4539|1.5719|15.5392|1.1405 chars=苏|E|D|5|1|7|2 clsScores=0.0001|0.9998|0.0001
NCNNSLOT RESULT role=rec mode=cpu LANDED=CPU engine=ncnn vkReq=0 vk=0 vkLayers=1/252 rep=2 match=1 code=苏ED5172 colour=蓝牌 total=42.3620 stages=25.8541|3.0275|12.1575|1.3123 chars=苏|E|D|5|1|7|2 clsScores=0.0001|0.9998|0.0001
NCNNSLOT LOAD role=rec mode=vulkan ok=1;slot=1;layers=252;inputs=in0;outputs=out0;requestedVulkan=1;effectiveVulkan=1;vkLayers=251/252;vkGpuCount=1;vkGpuName=Maleoon_920C;gpuProbe=ok=1;count=1;name=Maleoon 920C;driver=Maleoon 920C;api=4206867;fp16=111
NCNNSLOT RESULT role=rec mode=vulkan LANDED=GPU engine=ncnn vkReq=1 vk=1 vkLayers=251/252 rep=0 match=1 code=苏ED5172 colour=蓝牌 total=91.0938 stages=44.1123|1.5867|41.4900|3.8663 chars=苏|E|D|5|1|7|2 clsScores=0.0001|0.9998|0.0001
NCNNSLOT RESULT role=rec mode=vulkan LANDED=GPU engine=ncnn vkReq=1 vk=1 vkLayers=251/252 rep=1 match=1 code=苏ED5172 colour=蓝牌 total=115.8867 stages=41.7453|1.8972|67.2619|4.9373 chars=苏|E|D|5|1|7|2 clsScores=0.0001|0.9998|0.0001
NCNNSLOT RESULT role=rec mode=vulkan LANDED=GPU engine=ncnn vkReq=1 vk=1 vkLayers=251/252 rep=2 match=1 code=苏ED5172 colour=蓝牌 total=88.2683 stages=33.2264|2.0823|50.3098|2.6325 chars=苏|E|D|5|1|7|2 clsScores=0.0001|0.9998|0.0001
NCNNSLOT LOAD role=cls mode=cpu ok=1;slot=2;layers=78;inputs=in0;outputs=out0;requestedVulkan=0;effectiveVulkan=0;vkLayers=1/78;vkGpuCount=1;vkGpuName=Maleoon_920C;gpuProbe=not requested
NCNNSLOT RESULT role=cls mode=cpu LANDED=CPU engine=ncnn vkReq=0 vk=0 vkLayers=1/78 rep=0 match=1 code=苏ED5172 colour=蓝牌 total=36.8756 stages=30.5433|1.5592|3.4100|1.3545 chars=苏|E|D|5|1|7|2 clsScores=0.0001|0.9998|0.0001
NCNNSLOT RESULT role=cls mode=cpu LANDED=CPU engine=ncnn vkReq=0 vk=0 vkLayers=1/78 rep=1 match=1 code=苏ED5172 colour=蓝牌 total=51.1014 stages=42.9230|3.1991|3.5705|1.3977 chars=苏|E|D|5|1|7|2 clsScores=0.0001|0.9998|0.0001
NCNNSLOT RESULT role=cls mode=cpu LANDED=CPU engine=ncnn vkReq=0 vk=0 vkLayers=1/78 rep=2 match=1 code=苏ED5172 colour=蓝牌 total=38.5036 stages=31.6544|1.7763|3.4173|1.6477 chars=苏|E|D|5|1|7|2 clsScores=0.0001|0.9998|0.0001
NCNNSLOT LOAD role=cls mode=vulkan ok=1;slot=2;layers=78;inputs=in0;outputs=out0;requestedVulkan=1;effectiveVulkan=1;vkLayers=78/78;vkGpuCount=1;vkGpuName=Maleoon_920C;gpuProbe=ok=1;count=1;name=Maleoon 920C;driver=Maleoon 920C;api=4206867;fp16=111
NCNNSLOT RESULT role=cls mode=vulkan LANDED=GPU engine=ncnn vkReq=1 vk=1 vkLayers=78/78 rep=0 match=1 code=苏ED5172 colour=蓝牌 total=42.9653 stages=30.6234|1.6102|3.3797|7.3445 chars=苏|E|D|5|1|7|2 clsScores=0.0001|0.9998|0.0001
NCNNSLOT RESULT role=cls mode=vulkan LANDED=GPU engine=ncnn vkReq=1 vk=1 vkLayers=78/78 rep=1 match=1 code=苏ED5172 colour=蓝牌 total=46.5372 stages=33.8519|2.0564|3.4720|7.1484 chars=苏|E|D|5|1|7|2 clsScores=0.0001|0.9998|0.0001
NCNNSLOT RESULT role=cls mode=vulkan LANDED=GPU engine=ncnn vkReq=1 vk=1 vkLayers=78/78 rep=2 match=1 code=苏ED5172 colour=蓝牌 total=44.3052 stages=31.8019|1.8305|3.2956|7.3697 chars=苏|E|D|5|1|7|2 clsScores=0.0001|0.9998|0.0001
CANN ENUM ok=1;probe=nnrt+hiai;nnrt_runtime=soname;nnrt_core=soname;hiai_foundation=soname;cann_version=108.631.120.010;getAllDevices_rc=0;device_count=2;d0=id=8987859593747354028,name=HIAI_F,type=ACCELERATOR,nameRc=0,typeRc=0;d1=id=13306020061847651998,name=NPU_ohos.boot.hardware.kirin8020_v2_0,type=ACCELERATOR,nameRc=0,typeRc=0;
CANN TRY model=models/probe_hiai_imagenet.om size=2496459 ok=1;bytes=2496459;hiai_compat_code=0;hiai_compat_note=0=compatible,1=incompatible;construct=ok;picked_device=8987859593747354028;picked_device_all0=8987859593747354028;set_device_rc=0;build_rc=0;build_note=0=SUCCESS, else see OH_NN_ReturnCode;executor=ok;in_count=1;out_count=1;in0=name=data,dtype=FLOAT32,shape=[1x3x227x227];out0=name=output_0_prob_0,dtype=FLOAT32,shape=[1x1000x1x1];in_bytes=618348;out_bytes=4000;run_tensors=1in/1out;run_rc=0;run_ms_each=2.507|0.951|0.922;o0_sum=1.0005;o0_argmax=111;o0_max=0.1509;out_note=synthetic-input->argmax NOT meaningful;executor_destroyed=1;destroyed=1;
CANN TRY model=models/probe_om_lprnet.om size=916283 ok=1;bytes=916283;hiai_compat_code=0;hiai_compat_note=0=compatible,1=incompatible;construct=ok;picked_device=8987859593747354028;picked_device_all0=8987859593747354028;set_device_rc=0;build_rc=0;build_note=0=SUCCESS, else see OH_NN_ReturnCode;executor=ok;in_count=1;out_count=1;in0=name=input,dtype=FLOAT32,shape=[1x3x24x94];out0=name=output,dtype=FLOAT32,shape=[1x1x68x18];in_bytes=27072;out_bytes=4896;run_tensors=1in/1out;run_rc=0;run_ms_each=2.237|1.445|1.395;o0_sum=-62362.3169;o0_argmax=1206;o0_max=311.5000;out_note=synthetic-input->argmax NOT meaningful;executor_destroyed=1;destroyed=1;
CANN TRY model=models/probe_om_lprnet_npufix.om size=915413 ok=1;bytes=915413;hiai_compat_code=0;hiai_compat_note=0=compatible,1=incompatible;construct=ok;picked_device=8987859593747354028;picked_device_all0=8987859593747354028;set_device_rc=0;build_rc=0;build_note=0=SUCCESS, else see OH_NN_ReturnCode;executor=ok;in_count=1;out_count=1;in0=name=input,dtype=FLOAT32,shape=[1x3x24x94];out0=name=output,dtype=FLOAT32,shape=[1x1x68x18];in_bytes=27072;out_bytes=4896;run_tensors=1in/1out;run_rc=0;run_ms_each=2.179|1.225|1.076;o0_sum=-62362.3169;o0_argmax=1206;o0_max=311.5000;out_note=synthetic-input->argmax NOT meaningful;executor_destroyed=1;destroyed=1;
CANN TRY model=models/probe_om_det.om size=1948509 ok=1;bytes=1948509;hiai_compat_code=1;hiai_compat_note=0=compatible,1=incompatible;construct=ok;picked_device=8987859593747354028;picked_device_all0=8987859593747354028;set_device_rc=0;build_rc=1;build_note=0=SUCCESS, else see OH_NN_ReturnCode;destroyed=1;
CANN TRY model=models/probe_om_dethead.om size=1010950 ok=1;bytes=1010950;hiai_compat_code=0;hiai_compat_note=0=compatible,1=incompatible;construct=ok;picked_device=8987859593747354028;picked_device_all0=8987859593747354028;set_device_rc=0;build_rc=0;build_note=0=SUCCESS, else see OH_NN_ReturnCode;executor=ok;in_count=1;out_count=3;in0=name=input,dtype=FLOAT32,shape=[1x3x320x320];out0=name=948,dtype=FLOAT32,shape=[1x45x40x40];out1=name=1061,dtype=FLOAT32,shape=[1x45x20x20];out2=name=1174,dtype=FLOAT32,shape=[1x45x10x10];in_bytes=1228800;out_bytes=378000;run_tensors=1in/3out;run_rc=0;run_ms_each=4.175|3.455|3.444;o0_sum=-25055.3415;o0_argmax=28756;o0_max=6.5898;o1_sum=-11325.9309;o1_argmax=11231;o1_max=5.9961;o2_sum=-3700.2237;o2_argmax=2888;o2_max=5.0664;out_note=synthetic-input->argmax NOT meaningful;executor_destroyed=1;destroyed=1;
CANN TRY model=models/probe_om_rec.om size=5041253 ok=1;bytes=5041253;hiai_compat_code=0;hiai_compat_note=0=compatible,1=incompatible;construct=ok;picked_device=8987859593747354028;picked_device_all0=8987859593747354028;set_device_rc=0;build_rc=0;build_note=0=SUCCESS, else see OH_NN_ReturnCode;executor=ok;in_count=1;out_count=1;in0=name=data,dtype=FLOAT32,shape=[1x3x48x160];out0=name=output,dtype=FLOAT32,shape=[1x1x20x78];in_bytes=92160;out_bytes=6240;run_tensors=1in/1out;run_rc=0;run_ms_each=4.247|3.195|3.887;o0_sum=19.9978;o0_argmax=1326;o0_max=0.8359;out_note=synthetic-input->argmax NOT meaningful;executor_destroyed=1;destroyed=1;
CANN TRY model=models/probe_om_cls.om size=841728 ok=1;bytes=841728;hiai_compat_code=0;hiai_compat_note=0=compatible,1=incompatible;construct=ok;picked_device=8987859593747354028;picked_device_all0=8987859593747354028;set_device_rc=0;build_rc=0;build_note=0=SUCCESS, else see OH_NN_ReturnCode;executor=ok;in_count=1;out_count=1;in0=name=data,dtype=FLOAT32,shape=[1x3x96x96];out0=name=output,dtype=FLOAT32,shape=[1x3x1x1];in_bytes=110592;out_bytes=12;run_tensors=1in/1out;run_rc=0;run_ms_each=2.018|1.228|1.138;o0_sum=0.9981;o0_argmax=0;o0_max=0.9980;out_note=synthetic-input->argmax NOT meaningful;executor_destroyed=1;destroyed=1;
CANN TRY model=models/y5fu_320x_head_fp32.ms size=1847336 ok=1;bytes=1847336;hiai_compat_code=1;hiai_compat_note=0=compatible,1=incompatible;construct=ok;picked_device=8987859593747354028;picked_device_all0=8987859593747354028;set_device_rc=0;build_rc=1;build_note=0=SUCCESS, else see OH_NN_ReturnCode;destroyed=1;
CANN TRY model=models/rpv3_mdict_160_r3.ms size=4480304 ok=1;bytes=4480304;hiai_compat_code=1;hiai_compat_note=0=compatible,1=incompatible;construct=ok;picked_device=8987859593747354028;picked_device_all0=8987859593747354028;set_device_rc=0;build_rc=1;build_note=0=SUCCESS, else see OH_NN_ReturnCode;destroyed=1;
CANN TRY model=models/litemodel_cls_96x_r1.ms size=817432 ok=1;bytes=817432;hiai_compat_code=1;hiai_compat_note=0=compatible,1=incompatible;construct=ok;picked_device=8987859593747354028;picked_device_all0=8987859593747354028;set_device_rc=0;build_rc=1;build_note=0=SUCCESS, else see OH_NN_ReturnCode;destroyed=1;
