E2EMATRIX LOAD role=det backend=cpu ok=1;id=0;cached=1;name=models/y5fu_320x_head_fp32.ms;backend=CPU;requested=cpu;fallbackFrom=;attemptLog=CPU(ok);inputName=input;outputName=948;inputShape=[1,320,320,3];outputShape=[1,45,40,40];inputFormat=NHWC;outputFormat=NCHW;inputElems=307200;outputElems=72000;error=
E2EMATRIX RESULT role=det backend=cpu LANDED=CPU engine=ms req=cpu fallback= rep=0 match=1 code=苏ED5172 total=39.4800 stages=32.7036|2.1195|3.4206|1.2217 trail=CPU(ok)
E2EMATRIX RESULT role=det backend=cpu LANDED=CPU engine=ms req=cpu fallback= rep=1 match=1 code=苏ED5172 total=36.2872 stages=29.7216|2.0213|3.4284|1.1008 trail=CPU(ok)
E2EMATRIX RESULT role=det backend=cpu LANDED=CPU engine=ms req=cpu fallback= rep=2 match=1 code=苏ED5172 total=40.7327 stages=35.0856|1.5778|3.1298|0.9308 trail=CPU(ok)
E2EMATRIX LOAD role=det backend=nnrt ok=1;id=3;cached=1;name=models/y5fu_320x_head_fp32.ms;backend=NNRT:NPU_ohos.boot.hardware.kirin8020_v2_0#fp32;requested=nnrt;fallbackFrom=;attemptLog=NNRT:NPU_ohos.boot.hardware.kirin8020_v2_0#fp32(ok);inputName=input;outputName=948;inputShape=[1,320,320,3];outputShape=[1,45,40,40];inputFormat=NHWC;outputFormat=NCHW;inputElems=307200;outputElems=72000;error=
E2EMATRIX RESULT role=det backend=nnrt LANDED=NNRT:NPU_ohos.boot.hardware.kirin8020_v2_0#fp32 engine=ms req=nnrt fallback= rep=0 match=0 code=苏E05172 total=28.4470 stages=18.3117|4.2886|3.7686|2.0600 trail=NNRT:NPU_ohos.boot.hardware.kirin8020_v2_0#fp32(ok)
E2EMATRIX RESULT role=det backend=nnrt LANDED=NNRT:NPU_ohos.boot.hardware.kirin8020_v2_0#fp32 engine=ms req=nnrt fallback= rep=1 match=0 code=苏E05172 total=29.7772 stages=19.5298|4.2356|3.8827|2.1161 trail=NNRT:NPU_ohos.boot.hardware.kirin8020_v2_0#fp32(ok)
E2EMATRIX RESULT role=det backend=nnrt LANDED=NNRT:NPU_ohos.boot.hardware.kirin8020_v2_0#fp32 engine=ms req=nnrt fallback= rep=2 match=0 code=苏E05172 total=33.4272 stages=25.7316|2.1755|3.4100|2.0941 trail=NNRT:NPU_ohos.boot.hardware.kirin8020_v2_0#fp32(ok)
E2EMATRIX LOAD role=det backend=nnrt_fp32 ok=1;id=4;cached=0;name=models/y5fu_320x_head_fp32.ms;backend=NNRT:NPU_ohos.boot.hardware.kirin8020_v2_0#fp32;requested=nnrt_fp32;fallbackFrom=;attemptLog=NNRT:NPU_ohos.boot.hardware.kirin8020_v2_0#fp32(ok);inputName=input;outputName=948;inputShape=[1,320,320,3];outputShape=[1,45,40,40];inputFormat=NHWC;outputFormat=NCHW;inputElems=307200;outputElems=72000;error=
E2EMATRIX RESULT role=det backend=nnrt_fp32 LANDED=NNRT:NPU_ohos.boot.hardware.kirin8020_v2_0#fp32 engine=ms req=nnrt_fp32 fallback= rep=0 match=0 code=苏E05172 total=23.7113 stages=14.3862|3.6361|3.7477|1.9162 trail=NNRT:NPU_ohos.boot.hardware.kirin8020_v2_0#fp32(ok)
E2EMATRIX RESULT role=det backend=nnrt_fp32 LANDED=NNRT:NPU_ohos.boot.hardware.kirin8020_v2_0#fp32 engine=ms req=nnrt_fp32 fallback= rep=1 match=0 code=苏E05172 total=28.1842 stages=21.5441|2.1642|3.1737|1.2895 trail=NNRT:NPU_ohos.boot.hardware.kirin8020_v2_0#fp32(ok)
E2EMATRIX RESULT role=det backend=nnrt_fp32 LANDED=NNRT:NPU_ohos.boot.hardware.kirin8020_v2_0#fp32 engine=ms req=nnrt_fp32 fallback= rep=2 match=0 code=苏E05172 total=30.8269 stages=19.8441|4.2808|4.2075|2.4723 trail=NNRT:NPU_ohos.boot.hardware.kirin8020_v2_0#fp32(ok)
E2EMATRIX LOAD role=det backend=nnrt_fp16 ok=1;id=5;cached=0;name=models/y5fu_320x_head_fp32.ms;backend=NNRT:NPU_ohos.boot.hardware.kirin8020_v2_0;requested=nnrt_fp16;fallbackFrom=;attemptLog=NNRT:NPU_ohos.boot.hardware.kirin8020_v2_0(ok);inputName=input;outputName=948;inputShape=[1,320,320,3];outputShape=[1,45,40,40];inputFormat=NHWC;outputFormat=NCHW;inputElems=307200;outputElems=72000;error=
E2EMATRIX RESULT role=det backend=nnrt_fp16 LANDED=NNRT:NPU_ohos.boot.hardware.kirin8020_v2_0 engine=ms req=nnrt_fp16 fallback= rep=0 match=0 code=苏E05172 total=29.9405 stages=15.7544|6.5195|4.5861|3.0422 trail=NNRT:NPU_ohos.boot.hardware.kirin8020_v2_0(ok)
E2EMATRIX RESULT role=det backend=nnrt_fp16 LANDED=NNRT:NPU_ohos.boot.hardware.kirin8020_v2_0 engine=ms req=nnrt_fp16 fallback= rep=1 match=0 code=苏E05172 total=27.1747 stages=16.1637|6.2702|3.3205|1.4075 trail=NNRT:NPU_ohos.boot.hardware.kirin8020_v2_0(ok)
E2EMATRIX RESULT role=det backend=nnrt_fp16 LANDED=NNRT:NPU_ohos.boot.hardware.kirin8020_v2_0 engine=ms req=nnrt_fp16 fallback= rep=2 match=0 code=苏E05172 total=33.0263 stages=15.9895|6.4248|5.8228|4.7600 trail=NNRT:NPU_ohos.boot.hardware.kirin8020_v2_0(ok)
E2EMATRIX LOAD role=det backend=gpu ok=1;id=6;cached=0;name=models/y5fu_320x_head_fp32.ms;backend=CPU;requested=gpu;fallbackFrom=GPU:fp16;attemptLog=GPU:fp16(fail) GPU:fp32(fail) CPU(ok);inputName=input;outputName=948;inputShape=[1,320,320,3];outputShape=[1,45,40,40];inputFormat=NHWC;outputFormat=NCHW;inputElems=307200;outputElems=72000;error=
E2EMATRIX RESULT role=det backend=gpu LANDED=CPU engine=ms req=gpu fallback=GPU:fp16 rep=0 match=1 code=苏ED5172 total=34.6497 stages=27.5930|2.1681|3.5444|1.3325 trail=GPU:fp16(fail) GPU:fp32(fail) CPU(ok)
E2EMATRIX RESULT role=det backend=gpu LANDED=CPU engine=ms req=gpu fallback=GPU:fp16 rep=1 match=1 code=苏ED5172 total=28.7513 stages=21.8838|2.1419|3.4975|1.2133 trail=GPU:fp16(fail) GPU:fp32(fail) CPU(ok)
E2EMATRIX RESULT role=det backend=gpu LANDED=CPU engine=ms req=gpu fallback=GPU:fp16 rep=2 match=1 code=苏ED5172 total=37.9297 stages=30.9150|2.0178|3.5291|1.4520 trail=GPU:fp16(fail) GPU:fp32(fail) CPU(ok)
E2EMATRIX LOAD role=det backend=kirin ok=1;id=7;cached=0;name=models/y5fu_320x_head_fp32.ms;backend=CPU;requested=kirin;fallbackFrom=KIRIN_NPU;attemptLog=KIRIN_NPU(fail) CPU(ok);inputName=input;outputName=948;inputShape=[1,320,320,3];outputShape=[1,45,40,40];inputFormat=NHWC;outputFormat=NCHW;inputElems=307200;outputElems=72000;error=
E2EMATRIX RESULT role=det backend=kirin LANDED=CPU engine=ms req=kirin fallback=KIRIN_NPU rep=0 match=1 code=苏ED5172 total=36.6469 stages=29.6675|2.1914|3.4488|1.3253 trail=KIRIN_NPU(fail) CPU(ok)
E2EMATRIX RESULT role=det backend=kirin LANDED=CPU engine=ms req=kirin fallback=KIRIN_NPU rep=1 match=1 code=苏ED5172 total=33.6408 stages=25.5745|3.2038|3.6978|1.1530 trail=KIRIN_NPU(fail) CPU(ok)
E2EMATRIX RESULT role=det backend=kirin LANDED=CPU engine=ms req=kirin fallback=KIRIN_NPU rep=2 match=1 code=苏ED5172 total=30.4338 stages=23.6944|2.1423|3.4394|1.1452 trail=KIRIN_NPU(fail) CPU(ok)
E2EMATRIX LOAD role=rec backend=cpu ok=1;id=8;cached=0;name=models/rpv3_mdict_160_r3.ms;backend=CPU;requested=cpu;fallbackFrom=;attemptLog=CPU(ok);inputName=data;outputName=output;inputShape=[1,48,160,3];outputShape=[1,20,78];inputFormat=NHWC;outputFormat=NHWC;inputElems=23040;outputElems=1560;error=
E2EMATRIX RESULT role=rec backend=cpu LANDED=CPU engine=ms req=cpu fallback= rep=0 match=1 code=苏ED5172 total=52.2137 stages=33.0230|1.3897|16.7391|1.0492 trail=CPU(ok)
E2EMATRIX RESULT role=rec backend=cpu LANDED=CPU engine=ms req=cpu fallback= rep=1 match=1 code=苏ED5172 total=56.9842 stages=32.8730|2.2327|20.5922|1.2733 trail=CPU(ok)
E2EMATRIX RESULT role=rec backend=cpu LANDED=CPU engine=ms req=cpu fallback= rep=2 match=1 code=苏ED5172 total=53.3805 stages=31.6225|2.0150|18.6406|1.0908 trail=CPU(ok)
E2EMATRIX LOAD role=rec backend=nnrt ok=1;id=1;cached=1;name=models/rpv3_mdict_160_r3.ms;backend=NNRT:NPU_ohos.boot.hardware.kirin8020_v2_0#fp32;requested=nnrt;fallbackFrom=;attemptLog=NNRT:NPU_ohos.boot.hardware.kirin8020_v2_0#fp32(ok);inputName=data;outputName=output;inputShape=[1,48,160,3];outputShape=[1,20,78];inputFormat=NHWC;outputFormat=NHWC;inputElems=23040;outputElems=1560;error=
E2EMATRIX RESULT role=rec backend=nnrt LANDED=NNRT:NPU_ohos.boot.hardware.kirin8020_v2_0#fp32 engine=ms req=nnrt fallback= rep=0 match=1 code=苏ED5172 total=49.1400 stages=41.9883|2.0448|3.5659|1.5292 trail=NNRT:NPU_ohos.boot.hardware.kirin8020_v2_0#fp32(ok)
E2EMATRIX RESULT role=rec backend=nnrt LANDED=NNRT:NPU_ohos.boot.hardware.kirin8020_v2_0#fp32 engine=ms req=nnrt fallback= rep=1 match=1 code=苏ED5172 total=50.4705 stages=44.6195|1.6198|3.2322|0.9877 trail=NNRT:NPU_ohos.boot.hardware.kirin8020_v2_0#fp32(ok)
E2EMATRIX RESULT role=rec backend=nnrt LANDED=NNRT:NPU_ohos.boot.hardware.kirin8020_v2_0#fp32 engine=ms req=nnrt fallback= rep=2 match=1 code=苏ED5172 total=55.4723 stages=49.5003|1.5716|3.2772|1.1152 trail=NNRT:NPU_ohos.boot.hardware.kirin8020_v2_0#fp32(ok)
E2EMATRIX LOAD role=rec backend=nnrt_fp32 ok=1;id=9;cached=0;name=models/rpv3_mdict_160_r3.ms;backend=NNRT:NPU_ohos.boot.hardware.kirin8020_v2_0#fp32;requested=nnrt_fp32;fallbackFrom=;attemptLog=NNRT:NPU_ohos.boot.hardware.kirin8020_v2_0#fp32(ok);inputName=data;outputName=output;inputShape=[1,48,160,3];outputShape=[1,20,78];inputFormat=NHWC;outputFormat=NHWC;inputElems=23040;outputElems=1560;error=
E2EMATRIX RESULT role=rec backend=nnrt_fp32 LANDED=NNRT:NPU_ohos.boot.hardware.kirin8020_v2_0#fp32 engine=ms req=nnrt_fp32 fallback= rep=0 match=1 code=苏ED5172 total=43.0113 stages=36.3442|2.0106|3.3189|1.3217 trail=NNRT:NPU_ohos.boot.hardware.kirin8020_v2_0#fp32(ok)
E2EMATRIX RESULT role=rec backend=nnrt_fp32 LANDED=NNRT:NPU_ohos.boot.hardware.kirin8020_v2_0#fp32 engine=ms req=nnrt_fp32 fallback= rep=1 match=1 code=苏ED5172 total=37.1711 stages=30.7692|1.9566|3.3506|1.0844 trail=NNRT:NPU_ohos.boot.hardware.kirin8020_v2_0#fp32(ok)
E2EMATRIX RESULT role=rec backend=nnrt_fp32 LANDED=NNRT:NPU_ohos.boot.hardware.kirin8020_v2_0#fp32 engine=ms req=nnrt_fp32 fallback= rep=2 match=1 code=苏ED5172 total=54.7844 stages=41.6598|4.2678|5.0308|3.7855 trail=NNRT:NPU_ohos.boot.hardware.kirin8020_v2_0#fp32(ok)
E2EMATRIX LOAD role=rec backend=nnrt_fp16 ok=1;id=10;cached=0;name=models/rpv3_mdict_160_r3.ms;backend=NNRT:NPU_ohos.boot.hardware.kirin8020_v2_0;requested=nnrt_fp16;fallbackFrom=;attemptLog=NNRT:NPU_ohos.boot.hardware.kirin8020_v2_0(ok);inputName=data;outputName=output;inputShape=[1,48,160,3];outputShape=[1,20,78];inputFormat=NHWC;outputFormat=NHWC;inputElems=23040;outputElems=1560;error=
E2EMATRIX RESULT role=rec backend=nnrt_fp16 LANDED=NNRT:NPU_ohos.boot.hardware.kirin8020_v2_0 engine=ms req=nnrt_fp16 fallback= rep=0 match=1 code=苏ED5172 total=41.5391 stages=35.4453|1.5719|3.3619|1.1484 trail=NNRT:NPU_ohos.boot.hardware.kirin8020_v2_0(ok)
E2EMATRIX RESULT role=rec backend=nnrt_fp16 LANDED=NNRT:NPU_ohos.boot.hardware.kirin8020_v2_0 engine=ms req=nnrt_fp16 fallback= rep=1 match=1 code=苏ED5172 total=51.8230 stages=44.7103|2.1434|3.4791|1.4658 trail=NNRT:NPU_ohos.boot.hardware.kirin8020_v2_0(ok)
E2EMATRIX RESULT role=rec backend=nnrt_fp16 LANDED=NNRT:NPU_ohos.boot.hardware.kirin8020_v2_0 engine=ms req=nnrt_fp16 fallback= rep=2 match=1 code=苏ED5172 total=45.9523 stages=39.2714|2.0636|3.3345|1.2708 trail=NNRT:NPU_ohos.boot.hardware.kirin8020_v2_0(ok)
E2EMATRIX LOAD role=rec backend=gpu ok=1;id=11;cached=0;name=models/rpv3_mdict_160_r3.ms;backend=CPU;requested=gpu;fallbackFrom=GPU:fp16;attemptLog=GPU:fp16(fail) GPU:fp32(fail) CPU(ok);inputName=data;outputName=output;inputShape=[1,48,160,3];outputShape=[1,20,78];inputFormat=NHWC;outputFormat=NHWC;inputElems=23040;outputElems=1560;error=
E2EMATRIX RESULT role=rec backend=gpu LANDED=CPU engine=ms req=gpu fallback=GPU:fp16 rep=0 match=1 code=苏ED5172 total=58.4248 stages=36.1850|2.0191|19.0914|1.1156 trail=GPU:fp16(fail) GPU:fp32(fail) CPU(ok)
E2EMATRIX RESULT role=rec backend=gpu LANDED=CPU engine=ms req=gpu fallback=GPU:fp16 rep=1 match=1 code=苏ED5172 total=54.6463 stages=33.6336|1.7780|18.1642|1.0567 trail=GPU:fp16(fail) GPU:fp32(fail) CPU(ok)
E2EMATRIX RESULT role=rec backend=gpu LANDED=CPU engine=ms req=gpu fallback=GPU:fp16 rep=2 match=1 code=苏ED5172 total=45.9973 stages=22.0847|2.2113|20.6239|1.0656 trail=GPU:fp16(fail) GPU:fp32(fail) CPU(ok)
E2EMATRIX LOAD role=rec backend=kirin ok=1;id=12;cached=0;name=models/rpv3_mdict_160_r3.ms;backend=CPU;requested=kirin;fallbackFrom=KIRIN_NPU;attemptLog=KIRIN_NPU(fail) CPU(ok);inputName=data;outputName=output;inputShape=[1,48,160,3];outputShape=[1,20,78];inputFormat=NHWC;outputFormat=NHWC;inputElems=23040;outputElems=1560;error=
E2EMATRIX RESULT role=rec backend=kirin LANDED=CPU engine=ms req=kirin fallback=KIRIN_NPU rep=0 match=1 code=苏ED5172 total=66.7130 stages=46.2912|1.7469|17.6180|1.0448 trail=KIRIN_NPU(fail) CPU(ok)
E2EMATRIX RESULT role=rec backend=kirin LANDED=CPU engine=ms req=kirin fallback=KIRIN_NPU rep=1 match=1 code=苏ED5172 total=60.8353 stages=37.9287|2.1777|19.5287|1.1864 trail=KIRIN_NPU(fail) CPU(ok)
E2EMATRIX RESULT role=rec backend=kirin LANDED=CPU engine=ms req=kirin fallback=KIRIN_NPU rep=2 match=1 code=苏ED5172 total=53.9291 stages=34.3952|1.5827|16.7903|1.1481 trail=KIRIN_NPU(fail) CPU(ok)
E2EMATRIX LOAD role=cls backend=cpu ok=1;id=2;cached=1;name=models/litemodel_cls_96x_r1.ms;backend=CPU;requested=cpu;fallbackFrom=;attemptLog=CPU(ok);inputName=data;outputName=output;inputShape=[1,96,96,3];outputShape=[1,3];inputFormat=NHWC;outputFormat=NCHW;inputElems=27648;outputElems=3;error=
E2EMATRIX RESULT role=cls backend=cpu LANDED=CPU engine=ms req=cpu fallback= rep=0 match=1 code=苏ED5172 total=48.3098 stages=41.2486|2.1994|3.4270|1.4223 trail=CPU(ok)
E2EMATRIX RESULT role=cls backend=cpu LANDED=CPU engine=ms req=cpu fallback= rep=1 match=1 code=苏ED5172 total=53.4492 stages=47.4984|1.6231|3.3075|1.0105 trail=CPU(ok)
E2EMATRIX RESULT role=cls backend=cpu LANDED=CPU engine=ms req=cpu fallback= rep=2 match=1 code=苏ED5172 total=44.3550 stages=37.6439|2.0352|3.3947|1.2698 trail=CPU(ok)
E2EMATRIX LOAD role=cls backend=nnrt ok=1;id=13;cached=0;name=models/litemodel_cls_96x_r1.ms;backend=CPU;requested=nnrt;fallbackFrom=NNRT:NPU_ohos.boot.hardware.kirin8020_v2_0#fp32;attemptLog=NNRT:NPU_ohos.boot.hardware.kirin8020_v2_0#fp32(fail) NNRT:HIAI_F#fp32(fail) CPU(ok);inputName=data;outputName=output;inputShape=[1,96,96,3];outputShape=[1,3];inputFormat=NHWC;outputFormat=NCHW;inputElems=27648;outputElems=3;error=
E2EMATRIX RESULT role=cls backend=nnrt LANDED=CPU engine=ms req=nnrt fallback=NNRT:NPU_ohos.boot.hardware.kirin8020_v2_0#fp32 rep=0 match=1 code=苏ED5172 total=45.3020 stages=38.5873|2.0525|3.4795|1.1667 trail=NNRT:NPU_ohos.boot.hardware.kirin8020_v2_0#fp32(fail) NNRT:HIAI_F#fp32(fail) CPU(ok)
E2EMATRIX RESULT role=cls backend=nnrt LANDED=CPU engine=ms req=nnrt fallback=NNRT:NPU_ohos.boot.hardware.kirin8020_v2_0#fp32 rep=1 match=1 code=苏ED5172 total=41.4894 stages=34.6109|2.1811|3.4547|1.2308 trail=NNRT:NPU_ohos.boot.hardware.kirin8020_v2_0#fp32(fail) NNRT:HIAI_F#fp32(fail) CPU(ok)
E2EMATRIX RESULT role=cls backend=nnrt LANDED=CPU engine=ms req=nnrt fallback=NNRT:NPU_ohos.boot.hardware.kirin8020_v2_0#fp32 rep=2 match=1 code=苏ED5172 total=45.1184 stages=37.8989|2.2658|3.7700|1.1725 trail=NNRT:NPU_ohos.boot.hardware.kirin8020_v2_0#fp32(fail) NNRT:HIAI_F#fp32(fail) CPU(ok)
E2EMATRIX LOAD role=cls backend=nnrt_fp32 ok=1;id=14;cached=0;name=models/litemodel_cls_96x_r1.ms;backend=CPU;requested=nnrt_fp32;fallbackFrom=NNRT:NPU_ohos.boot.hardware.kirin8020_v2_0#fp32;attemptLog=NNRT:NPU_ohos.boot.hardware.kirin8020_v2_0#fp32(fail) NNRT:HIAI_F#fp32(fail) CPU(ok);inputName=data;outputName=output;inputShape=[1,96,96,3];outputShape=[1,3];inputFormat=NHWC;outputFormat=NCHW;inputElems=27648;outputElems=3;error=
E2EMATRIX RESULT role=cls backend=nnrt_fp32 LANDED=CPU engine=ms req=nnrt_fp32 fallback=NNRT:NPU_ohos.boot.hardware.kirin8020_v2_0#fp32 rep=0 match=1 code=苏ED5172 total=52.0502 stages=45.4170|2.0019|3.4064|1.2102 trail=NNRT:NPU_ohos.boot.hardware.kirin8020_v2_0#fp32(fail) NNRT:HIAI_F#fp32(fail) CPU(ok)
E2EMATRIX RESULT role=cls backend=nnrt_fp32 LANDED=CPU engine=ms req=nnrt_fp32 fallback=NNRT:NPU_ohos.boot.hardware.kirin8020_v2_0#fp32 rep=1 match=1 code=苏ED5172 total=47.9061 stages=42.2023|1.3261|3.3444|1.0223 trail=NNRT:NPU_ohos.boot.hardware.kirin8020_v2_0#fp32(fail) NNRT:HIAI_F#fp32(fail) CPU(ok)
E2EMATRIX RESULT role=cls backend=nnrt_fp32 LANDED=CPU engine=ms req=nnrt_fp32 fallback=NNRT:NPU_ohos.boot.hardware.kirin8020_v2_0#fp32 rep=2 match=1 code=苏ED5172 total=37.0445 stages=30.3308|2.0169|3.3703|1.3131 trail=NNRT:NPU_ohos.boot.hardware.kirin8020_v2_0#fp32(fail) NNRT:HIAI_F#fp32(fail) CPU(ok)
E2EMATRIX LOAD role=cls backend=nnrt_fp16 ok=1;id=15;cached=0;name=models/litemodel_cls_96x_r1.ms;backend=CPU;requested=nnrt_fp16;fallbackFrom=NNRT:NPU_ohos.boot.hardware.kirin8020_v2_0;attemptLog=NNRT:NPU_ohos.boot.hardware.kirin8020_v2_0(fail) NNRT:HIAI_F(fail) CPU(ok);inputName=data;outputName=output;inputShape=[1,96,96,3];outputShape=[1,3];inputFormat=NHWC;outputFormat=NCHW;inputElems=27648;outputElems=3;error=
E2EMATRIX RESULT role=cls backend=nnrt_fp16 LANDED=CPU engine=ms req=nnrt_fp16 fallback=NNRT:NPU_ohos.boot.hardware.kirin8020_v2_0 rep=0 match=1 code=苏ED5172 total=39.7627 stages=32.7783|2.1569|3.4914|1.3211 trail=NNRT:NPU_ohos.boot.hardware.kirin8020_v2_0(fail) NNRT:HIAI_F(fail) CPU(ok)
E2EMATRIX RESULT role=cls backend=nnrt_fp16 LANDED=CPU engine=ms req=nnrt_fp16 fallback=NNRT:NPU_ohos.boot.hardware.kirin8020_v2_0 rep=1 match=1 code=苏ED5172 total=58.2895 stages=51.7739|2.1242|3.2834|1.0955 trail=NNRT:NPU_ohos.boot.hardware.kirin8020_v2_0(fail) NNRT:HIAI_F(fail) CPU(ok)
E2EMATRIX RESULT role=cls backend=nnrt_fp16 LANDED=CPU engine=ms req=nnrt_fp16 fallback=NNRT:NPU_ohos.boot.hardware.kirin8020_v2_0 rep=2 match=1 code=苏ED5172 total=41.6906 stages=35.4791|1.7884|3.4131|1.0005 trail=NNRT:NPU_ohos.boot.hardware.kirin8020_v2_0(fail) NNRT:HIAI_F(fail) CPU(ok)
E2EMATRIX LOAD role=cls backend=gpu ok=1;id=16;cached=0;name=models/litemodel_cls_96x_r1.ms;backend=CPU;requested=gpu;fallbackFrom=GPU:fp16;attemptLog=GPU:fp16(fail) GPU:fp32(fail) CPU(ok);inputName=data;outputName=output;inputShape=[1,96,96,3];outputShape=[1,3];inputFormat=NHWC;outputFormat=NCHW;inputElems=27648;outputElems=3;error=
E2EMATRIX RESULT role=cls backend=gpu LANDED=CPU engine=ms req=gpu fallback=GPU:fp16 rep=0 match=1 code=苏ED5172 total=39.9333 stages=33.8617|1.6717|3.3208|1.0653 trail=GPU:fp16(fail) GPU:fp32(fail) CPU(ok)
E2EMATRIX RESULT role=cls backend=gpu LANDED=CPU engine=ms req=gpu fallback=GPU:fp16 rep=1 match=1 code=苏ED5172 total=41.3350 stages=34.7209|2.2817|3.3888|0.9345 trail=GPU:fp16(fail) GPU:fp32(fail) CPU(ok)
E2EMATRIX RESULT role=cls backend=gpu LANDED=CPU engine=ms req=gpu fallback=GPU:fp16 rep=2 match=1 code=苏ED5172 total=37.3931 stages=30.9400|2.0694|3.3273|1.0456 trail=GPU:fp16(fail) GPU:fp32(fail) CPU(ok)
E2EMATRIX LOAD role=cls backend=kirin ok=1;id=17;cached=0;name=models/litemodel_cls_96x_r1.ms;backend=CPU;requested=kirin;fallbackFrom=KIRIN_NPU;attemptLog=KIRIN_NPU(fail) CPU(ok);inputName=data;outputName=output;inputShape=[1,96,96,3];outputShape=[1,3];inputFormat=NHWC;outputFormat=NCHW;inputElems=27648;outputElems=3;error=
E2EMATRIX RESULT role=cls backend=kirin LANDED=CPU engine=ms req=kirin fallback=KIRIN_NPU rep=0 match=1 code=苏ED5172 total=49.6123 stages=42.6845|2.1777|3.5492|1.1880 trail=KIRIN_NPU(fail) CPU(ok)
E2EMATRIX RESULT role=cls backend=kirin LANDED=CPU engine=ms req=kirin fallback=KIRIN_NPU rep=1 match=1 code=苏ED5172 total=40.2470 stages=33.4489|2.1716|3.5275|1.0872 trail=KIRIN_NPU(fail) CPU(ok)
E2EMATRIX RESULT role=cls backend=kirin LANDED=CPU engine=ms req=kirin fallback=KIRIN_NPU rep=2 match=1 code=苏ED5172 total=73.0117 stages=52.0767|7.5477|5.3648|7.9930 trail=KIRIN_NPU(fail) CPU(ok)
E2EMATRIX LOAD role=cls-fp32 backend=cpu ok=1;id=18;cached=0;name=models/litemodel_cls_96x_r1_fp32.ms;backend=CPU;requested=cpu;fallbackFrom=;attemptLog=CPU(ok);inputName=data;outputName=output;inputShape=[1,96,96,3];outputShape=[1,3];inputFormat=NHWC;outputFormat=NCHW;inputElems=27648;outputElems=3;error=
E2EMATRIX RESULT role=cls-fp32 backend=cpu LANDED=CPU engine=ms req=cpu fallback= rep=0 match=1 code=苏ED5172 total=59.0239 stages=52.2323|2.1484|3.4030|1.2292 trail=CPU(ok)
E2EMATRIX RESULT role=cls-fp32 backend=cpu LANDED=CPU engine=ms req=cpu fallback= rep=1 match=1 code=苏ED5172 total=47.4464 stages=40.2422|2.1853|3.6423|1.3659 trail=CPU(ok)
E2EMATRIX RESULT role=cls-fp32 backend=cpu LANDED=CPU engine=ms req=cpu fallback= rep=2 match=1 code=苏ED5172 total=64.8967 stages=55.7177|2.2058|5.2222|1.7394 trail=CPU(ok)
E2EMATRIX LOAD role=cls-fp32 backend=nnrt ok=1;id=19;cached=0;name=models/litemodel_cls_96x_r1_fp32.ms;backend=NNRT:NPU_ohos.boot.hardware.kirin8020_v2_0#fp32;requested=nnrt;fallbackFrom=;attemptLog=NNRT:NPU_ohos.boot.hardware.kirin8020_v2_0#fp32(ok);inputName=data;outputName=output;inputShape=[1,96,96,3];outputShape=[1,3];inputFormat=NHWC;outputFormat=NCHW;inputElems=27648;outputElems=3;error=
E2EMATRIX RESULT role=cls-fp32 backend=nnrt LANDED=NNRT:NPU_ohos.boot.hardware.kirin8020_v2_0#fp32 engine=ms req=nnrt fallback= rep=0 match=1 code=苏ED5172 total=46.5488 stages=39.5917|2.2364|3.4903|1.2216 trail=NNRT:NPU_ohos.boot.hardware.kirin8020_v2_0#fp32(ok)
E2EMATRIX RESULT role=cls-fp32 backend=nnrt LANDED=NNRT:NPU_ohos.boot.hardware.kirin8020_v2_0#fp32 engine=ms req=nnrt fallback= rep=1 match=1 code=苏ED5172 total=42.6489 stages=35.8713|2.1506|3.4084|1.2117 trail=NNRT:NPU_ohos.boot.hardware.kirin8020_v2_0#fp32(ok)
E2EMATRIX RESULT role=cls-fp32 backend=nnrt LANDED=NNRT:NPU_ohos.boot.hardware.kirin8020_v2_0#fp32 engine=ms req=nnrt fallback= rep=2 match=1 code=苏ED5172 total=39.5334 stages=32.7727|2.1305|3.4403|1.1820 trail=NNRT:NPU_ohos.boot.hardware.kirin8020_v2_0#fp32(ok)
E2EMATRIX LOAD role=cls-fp32 backend=nnrt_fp32 ok=0;backend=nnrt_fp32;error=session cap 20 reached
E2EMATRIX LOAD role=cls-fp32 backend=nnrt_fp16 ok=0;backend=nnrt_fp16;error=session cap 20 reached
E2EMATRIX LOAD role=cls-fp32 backend=gpu ok=0;backend=gpu;error=session cap 20 reached
E2EMATRIX LOAD role=cls-fp32 backend=kirin ok=0;backend=kirin;error=session cap 20 reached
NCNNSLOT LOAD role=rec mode=cpu ok=1;slot=1;layers=252;inputs=in0;outputs=out0;requestedVulkan=0;effectiveVulkan=0;vkLayers=1/252;vkGpuCount=1;vkGpuName=Maleoon_920C;gpuProbe=not requested
NCNNSLOT RESULT role=rec mode=cpu LANDED=CPU engine=ncnn vkReq=0 vk=0 vkLayers=1/252 rep=0 match=1 code=苏ED5172 colour=蓝牌 total=45.0470 stages=31.5648|1.1319|11.0503|1.2883 chars=苏|E|D|5|1|7|2 clsScores=0.0001|0.9998|0.0001
NCNNSLOT RESULT role=rec mode=cpu LANDED=CPU engine=ncnn vkReq=0 vk=0 vkLayers=1/252 rep=1 match=1 code=苏ED5172 colour=蓝牌 total=51.4742 stages=32.7531|1.5348|16.0134|1.1586 chars=苏|E|D|5|1|7|2 clsScores=0.0001|0.9998|0.0001
NCNNSLOT RESULT role=rec mode=cpu LANDED=CPU engine=ncnn vkReq=0 vk=0 vkLayers=1/252 rep=2 match=1 code=苏ED5172 colour=蓝牌 total=57.5733 stages=37.5881|1.6061|16.4806|1.8856 chars=苏|E|D|5|1|7|2 clsScores=0.0001|0.9998|0.0001
NCNNSLOT LOAD role=rec mode=vulkan ok=1;slot=1;layers=252;inputs=in0;outputs=out0;requestedVulkan=1;effectiveVulkan=1;vkLayers=251/252;vkGpuCount=1;vkGpuName=Maleoon_920C;gpuProbe=ok=1;count=1;name=Maleoon 920C;driver=Maleoon 920C;api=4206867;fp16=111
NCNNSLOT RESULT role=rec mode=vulkan LANDED=GPU engine=ncnn vkReq=1 vk=1 vkLayers=251/252 rep=0 match=1 code=苏ED5172 colour=蓝牌 total=98.1247 stages=41.6723|2.0328|51.0222|3.3441 chars=苏|E|D|5|1|7|2 clsScores=0.0001|0.9998|0.0001
NCNNSLOT RESULT role=rec mode=vulkan LANDED=GPU engine=ncnn vkReq=1 vk=1 vkLayers=251/252 rep=1 match=1 code=苏ED5172 colour=蓝牌 total=108.9767 stages=45.2113|2.2192|54.3830|7.1205 chars=苏|E|D|5|1|7|2 clsScores=0.0001|0.9998|0.0001
NCNNSLOT RESULT role=rec mode=vulkan LANDED=GPU engine=ncnn vkReq=1 vk=1 vkLayers=251/252 rep=2 match=1 code=苏ED5172 colour=蓝牌 total=121.0403 stages=48.3677|2.1891|65.1805|5.2753 chars=苏|E|D|5|1|7|2 clsScores=0.0001|0.9998|0.0001
NCNNSLOT LOAD role=cls mode=cpu ok=1;slot=2;layers=78;inputs=in0;outputs=out0;requestedVulkan=0;effectiveVulkan=0;vkLayers=1/78;vkGpuCount=1;vkGpuName=Maleoon_920C;gpuProbe=not requested
NCNNSLOT RESULT role=cls mode=cpu LANDED=CPU engine=ncnn vkReq=0 vk=0 vkLayers=1/78 rep=0 match=1 code=苏ED5172 colour=蓝牌 total=39.1773 stages=32.3895|1.6105|3.2484|1.9197 chars=苏|E|D|5|1|7|2 clsScores=0.0001|0.9998|0.0001
NCNNSLOT RESULT role=cls mode=cpu LANDED=CPU engine=ncnn vkReq=0 vk=0 vkLayers=1/78 rep=1 match=1 code=苏ED5172 colour=蓝牌 total=35.1313 stages=28.7353|1.6089|3.2434|1.5325 chars=苏|E|D|5|1|7|2 clsScores=0.0001|0.9998|0.0001
NCNNSLOT RESULT role=cls mode=cpu LANDED=CPU engine=ncnn vkReq=0 vk=0 vkLayers=1/78 rep=2 match=1 code=苏ED5172 colour=蓝牌 total=46.2403 stages=36.4316|3.5462|3.9542|2.2972 chars=苏|E|D|5|1|7|2 clsScores=0.0001|0.9998|0.0001
NCNNSLOT LOAD role=cls mode=vulkan ok=1;slot=2;layers=78;inputs=in0;outputs=out0;requestedVulkan=1;effectiveVulkan=1;vkLayers=78/78;vkGpuCount=1;vkGpuName=Maleoon_920C;gpuProbe=ok=1;count=1;name=Maleoon 920C;driver=Maleoon 920C;api=4206867;fp16=111
NCNNSLOT RESULT role=cls mode=vulkan LANDED=GPU engine=ncnn vkReq=1 vk=1 vkLayers=78/78 rep=0 match=1 code=苏ED5172 colour=蓝牌 total=86.0492 stages=58.5511|7.7006|6.1770|13.6005 chars=苏|E|D|5|1|7|2 clsScores=0.0001|0.9998|0.0001
NCNNSLOT RESULT role=cls mode=vulkan LANDED=GPU engine=ncnn vkReq=1 vk=1 vkLayers=78/78 rep=1 match=1 code=苏ED5172 colour=蓝牌 total=60.7794 stages=47.0720|1.9439|3.6888|8.0642 chars=苏|E|D|5|1|7|2 clsScores=0.0001|0.9998|0.0001
NCNNSLOT RESULT role=cls mode=vulkan LANDED=GPU engine=ncnn vkReq=1 vk=1 vkLayers=78/78 rep=2 match=1 code=苏ED5172 colour=蓝牌 total=71.3981 stages=45.7459|7.6492|5.9481|12.0369 chars=苏|E|D|5|1|7|2 clsScores=0.0001|0.9998|0.0001
CANN ENUM ok=1;probe=nnrt+hiai;nnrt_runtime=soname;nnrt_core=soname;hiai_foundation=soname;cann_version=108.631.120.010;getAllDevices_rc=0;device_count=2;d0=id=8987859593747354028,name=HIAI_F,type=ACCELERATOR,nameRc=0,typeRc=0;d1=id=13306020061847651998,name=NPU_ohos.boot.hardware.kirin8020_v2_0,type=ACCELERATOR,nameRc=0,typeRc=0;
CANN TRY model=models/probe_hiai_imagenet.om size=2496459 ok=1;bytes=2496459;hiai_compat_code=0;hiai_compat_note=0=compatible,1=incompatible;construct=ok;picked_device=8987859593747354028;picked_device_all0=8987859593747354028;set_device_rc=0;build_rc=0;build_note=0=SUCCESS, else see OH_NN_ReturnCode;executor=ok;in_count=1;out_count=1;in0=name=data,dtype=FLOAT32,shape=[1x3x227x227];out0=name=output_0_prob_0,dtype=FLOAT32,shape=[1x1000x1x1];in_bytes=618348;out_bytes=4000;run_tensors=1in/1out;run_rc=0;run_ms_each=3.482|1.070|0.964;o0_sum=1.0005;o0_argmax=111;o0_max=0.1509;out_note=synthetic-input->argmax NOT meaningful;executor_destroyed=1;destroyed=1;
CANN TRY model=models/probe_om_lprnet.om size=916283 ok=1;bytes=916283;hiai_compat_code=0;hiai_compat_note=0=compatible,1=incompatible;construct=ok;picked_device=8987859593747354028;picked_device_all0=8987859593747354028;set_device_rc=0;build_rc=0;build_note=0=SUCCESS, else see OH_NN_ReturnCode;executor=ok;in_count=1;out_count=1;in0=name=input,dtype=FLOAT32,shape=[1x3x24x94];out0=name=output,dtype=FLOAT32,shape=[1x1x68x18];in_bytes=27072;out_bytes=4896;run_tensors=1in/1out;run_rc=0;run_ms_each=2.417|1.530|1.315;o0_sum=-62362.3169;o0_argmax=1206;o0_max=311.5000;out_note=synthetic-input->argmax NOT meaningful;executor_destroyed=1;destroyed=1;
CANN TRY model=models/probe_om_lprnet_npufix.om size=915413 ok=1;bytes=915413;hiai_compat_code=0;hiai_compat_note=0=compatible,1=incompatible;construct=ok;picked_device=8987859593747354028;picked_device_all0=8987859593747354028;set_device_rc=0;build_rc=0;build_note=0=SUCCESS, else see OH_NN_ReturnCode;executor=ok;in_count=1;out_count=1;in0=name=input,dtype=FLOAT32,shape=[1x3x24x94];out0=name=output,dtype=FLOAT32,shape=[1x1x68x18];in_bytes=27072;out_bytes=4896;run_tensors=1in/1out;run_rc=0;run_ms_each=2.366|1.700|1.100;o0_sum=-62362.3169;o0_argmax=1206;o0_max=311.5000;out_note=synthetic-input->argmax NOT meaningful;executor_destroyed=1;destroyed=1;
CANN TRY model=models/probe_om_det.om size=1948509 ok=1;bytes=1948509;hiai_compat_code=1;hiai_compat_note=0=compatible,1=incompatible;construct=ok;picked_device=8987859593747354028;picked_device_all0=8987859593747354028;set_device_rc=0;build_rc=1;build_note=0=SUCCESS, else see OH_NN_ReturnCode;destroyed=1;
CANN TRY model=models/probe_om_dethead.om size=1010950 ok=1;bytes=1010950;hiai_compat_code=0;hiai_compat_note=0=compatible,1=incompatible;construct=ok;picked_device=8987859593747354028;picked_device_all0=8987859593747354028;set_device_rc=0;build_rc=0;build_note=0=SUCCESS, else see OH_NN_ReturnCode;executor=ok;in_count=1;out_count=3;in0=name=input,dtype=FLOAT32,shape=[1x3x320x320];out0=name=948,dtype=FLOAT32,shape=[1x45x40x40];out1=name=1061,dtype=FLOAT32,shape=[1x45x20x20];out2=name=1174,dtype=FLOAT32,shape=[1x45x10x10];in_bytes=1228800;out_bytes=378000;run_tensors=1in/3out;run_rc=0;run_ms_each=4.150|4.338|5.860;o0_sum=-25055.3415;o0_argmax=28756;o0_max=6.5898;o1_sum=-11325.9309;o1_argmax=11231;o1_max=5.9961;o2_sum=-3700.2237;o2_argmax=2888;o2_max=5.0664;out_note=synthetic-input->argmax NOT meaningful;executor_destroyed=1;destroyed=1;
CANN TRY model=models/probe_om_rec.om size=5041253 ok=1;bytes=5041253;hiai_compat_code=0;hiai_compat_note=0=compatible,1=incompatible;construct=ok;picked_device=8987859593747354028;picked_device_all0=8987859593747354028;set_device_rc=0;build_rc=0;build_note=0=SUCCESS, else see OH_NN_ReturnCode;executor=ok;in_count=1;out_count=1;in0=name=data,dtype=FLOAT32,shape=[1x3x48x160];out0=name=output,dtype=FLOAT32,shape=[1x1x20x78];in_bytes=92160;out_bytes=6240;run_tensors=1in/1out;run_rc=0;run_ms_each=4.539|4.267|4.173;o0_sum=19.9978;o0_argmax=1326;o0_max=0.8359;out_note=synthetic-input->argmax NOT meaningful;executor_destroyed=1;destroyed=1;
CANN TRY model=models/probe_om_cls.om size=841728 ok=1;bytes=841728;hiai_compat_code=0;hiai_compat_note=0=compatible,1=incompatible;construct=ok;picked_device=8987859593747354028;picked_device_all0=8987859593747354028;set_device_rc=0;build_rc=0;build_note=0=SUCCESS, else see OH_NN_ReturnCode;executor=ok;in_count=1;out_count=1;in0=name=data,dtype=FLOAT32,shape=[1x3x96x96];out0=name=output,dtype=FLOAT32,shape=[1x3x1x1];in_bytes=110592;out_bytes=12;run_tensors=1in/1out;run_rc=0;run_ms_each=1.450|0.865|0.843;o0_sum=0.9981;o0_argmax=0;o0_max=0.9980;out_note=synthetic-input->argmax NOT meaningful;executor_destroyed=1;destroyed=1;
CANN TRY model=models/y5fu_320x_head_fp32.ms size=1847336 ok=1;bytes=1847336;hiai_compat_code=1;hiai_compat_note=0=compatible,1=incompatible;construct=ok;picked_device=8987859593747354028;picked_device_all0=8987859593747354028;set_device_rc=0;build_rc=1;build_note=0=SUCCESS, else see OH_NN_ReturnCode;destroyed=1;
CANN TRY model=models/rpv3_mdict_160_r3.ms size=4480304 ok=1;bytes=4480304;hiai_compat_code=1;hiai_compat_note=0=compatible,1=incompatible;construct=ok;picked_device=8987859593747354028;picked_device_all0=8987859593747354028;set_device_rc=0;build_rc=1;build_note=0=SUCCESS, else see OH_NN_ReturnCode;destroyed=1;
CANN TRY model=models/litemodel_cls_96x_r1.ms size=817432 ok=1;bytes=817432;hiai_compat_code=1;hiai_compat_note=0=compatible,1=incompatible;construct=ok;picked_device=8987859593747354028;picked_device_all0=8987859593747354028;set_device_rc=0;build_rc=1;build_note=0=SUCCESS, else see OH_NN_ReturnCode;destroyed=1;
